07-12 13:53:36.909   597   597 W EvsHal  : Got a frame returned while not visible - ignoring.
07-12 13:53:36.913  2446  2542 E libc    : Access denied finding property "persist.vendor.st.timemode"
07-12 13:53:36.941   542   542 E eth_check: Error !!! ethernet interface is not valid
07-12 13:53:36.960 15189 15189 I SERVICE_HANDLER: [com.harman.drivenext.service.handler.ServiceHandler.sendData] 
07-12 13:53:36.965  2446  2542 E libc    : Access denied finding property "persist.vendor.st.timemode"
07-12 13:53:37.008  1529 15375 E AapManager: AapManager_RfCommConnectionBluetoothConnection startReadingMessages: 8
07-12 13:53:37.009  1529 15374 D AapManager: AapManager_RfCommConnection Stopping WiFi Ping request timer
07-12 13:53:37.009  1529 15374 D AapManager: AapManager_RfCommConnection Wifi Ping Request Timer started.
07-12 13:53:37.009  1529 15375 D AapManager: AapManager_RfCommConnectiontimeStamp : 1689246984065
07-12 13:53:37.015  2446  2542 E libc    : Access denied finding property "persist.vendor.st.timemode"
07-12 13:53:37.067  2446  2542 I chatty  : uid=1000(system) kdThreadHandler identical 1 line
07-12 13:53:37.119  2446  2542 E libc    : Access denied finding property "persist.vendor.st.timemode"
07-12 13:53:37.153   444 15099 I VPS     : VPS:IOCStatusInfo.VoltageStatus->0 
07-12 13:53:37.153   444 15099 I VPS     : VPS:IOCStatusInfo.IOCStatusCmd->a6 
07-12 13:53:37.153   444 15099 I VPS     : VPS:IOCStatusInfo.WakeUpReason->e 
07-12 13:53:37.153   444 15099 I VPS     : VPS:IOCStatusInfo.DerivedIgnitionStatus->0 
07-12 13:53:37.153   444 15099 I VPS     : VPS:IOCStatusInfo.PowerModeState->4 
07-12 13:53:37.153   444 15099 I VPS     : VPS:IOCStatusInfo.SOCShutdownRequest->0 
07-12 13:53:37.153   444 15099 I VPS     : VPS:IOCStatusInfo.AntiTheftState->0 
07-12 13:53:37.153   444 15099 I VPS     : VPS:IOCStatusInfo.BatteryConnect->0 
07-12 13:53:37.170  2446  2542 E libc    : Access denied finding property "persist.vendor.st.timemode"
07-12 13:53:37.190   274   274 E SELinux : avc:  denied  { find } for pid=5267 uid=1001000 name=SurfaceFlinger scontext=u:r:apprepetition_system_app:s0 tcontext=u:object_r:surfaceflinger_service:s0 tclass=service_manager permissive=0
07-12 13:53:37.190  5267  8197 I ServiceManager: Waiting for service 'SurfaceFlinger' on '/dev/binder'...
07-12 13:53:37.198   598 15111 E evsSVLiteApp_harman: get camera stream handler failed
07-12 13:53:37.198   598 15111 I chatty  : uid=0(root) HwBinder:598_1 identical 2 lines
07-12 13:53:37.198   598 15111 E evsSVLiteApp_harman: get camera stream handler failed
07-12 13:53:37.221  2446  2542 E libc    : Access denied finding property "persist.vendor.st.timemode"
07-12 13:53:37.241   542   542 E eth_check: Error !!! ethernet interface is not valid
07-12 13:53:37.272  2446  2542 E libc    : Access denied finding property "persist.vendor.st.timemode"
07-12 13:53:37.324  2446  2542 E libc    : Access denied finding property "persist.vendor.st.timemode"
07-12 13:53:37.348  1529  2349 D AapManager: AAManager__ AapCallbackHandler, msg = 18
07-12 13:53:37.349  2468  2486 V AapManager:  AaCarNavAppFocusManager  isAANavigationFocused: true
07-12 13:53:37.350  1529  2349 D AapManager: AaNavigationManager__isAAOwningFocus = true
07-12 13:53:37.350  1529  2349 D AapManager: AapClusterManager__navigationStateCallback aaNavigationStateAANavigationState{navigationSteps=[NavigationStep{navigationManeuver=NavigationManeuver{roundAboutExitNumber=0, roundAboutExitAngle=0, aapNavigationType=DEPART}, navigationRoad=NavigationRoad{roadName='7th Cross Rd'}, navigationLane=[], navigationCue=NavigationCue{alternateText=[7th Cross Rd towards Graphite India Main Rd / ITPL Main Rd / Kundalahalli Main Rd]}}], navigationDestinations=[NavigationDestination{address='Bengaluru, Karnataka'}]}
07-12 13:53:37.350  2468  2486 V AapManager: AAWidgetUtil onNavigationStateCallback NavInfoBean{mRoad='7th Cross Rd', mTurnSide=0, mEvent=1, mImage=null, mTurnAngle=0, mTurnNumber=0, mDistanceMeters=0, mTimeSeconds=0, mDisplayDistance=null, mDisplayDistanceUnit=0, mNavStatus=false}
07-12 13:53:37.350  1529  2349 D AapManager: AAManager__ AapCallbackHandler, msg = 19
07-12 13:53:37.350  2468  2468 D AapManager: AAWidgetUtilMessage Received: 5
07-12 13:53:37.351  2468  2468 V AapManager: AAWidgetUtilupdateTurnTypeImage: event: 1 turn number: 0 turn angle: 0
07-12 13:53:37.351  2468  2468 I AapManager: AAWidgetUtil updateUI called: isForceUpdateNeeded: false isNewData: false
07-12 13:53:37.351  2468  2486 V AapManager:  AaCarNavAppFocusManager  isAANavigationFocused: true
07-12 13:53:37.351  1529  2349 D AapManager: AaNavigationManager__isAAOwningFocus = true
07-12 13:53:37.352  1529  2349 D AapManager: AapClusterManager__navigationCurrentPositionCallback navigationCurrentPosition : NavigationCurrentPosition{stepDistance=NavigationStepDistance{distance=NavigationDistance{meters=0, displayValue='0', aapDistanceUnits=METERS}, timeToStepSeconds=0}, destinationDistance=[NavigationDestinationDistance{distance=NavigationDistance{meters=2715, displayValue='2.7', aapDistanceUnits=KILOMETERS_P1}, estimatedArrivalTime='4:53 pm', timeToArrivalSeconds=430}], navigationRoad=NavigationRoad{roadName=''}}
07-12 13:53:37.352  1529  2349 D AapManager: AapClusterManager__navigationCurrentPositionCallback aaNavigationStateAANavigationState{navigationSteps=[NavigationStep{navigationManeuver=NavigationManeuver{roundAboutExitNumber=0, roundAboutExitAngle=0, aapNavigationType=DEPART}, navigationRoad=NavigationRoad{roadName='7th Cross Rd'}, navigationLane=[], navigationCue=NavigationCue{alternateText=[7th Cross Rd towards Graphite India Main Rd / ITPL Main Rd / Kundalahalli Main Rd]}}], navigationDestinations=[NavigationDestination{address='Bengaluru, Karnataka'}]}
07-12 13:53:37.352  1529  2349 D AapManager: AapClusterManager__getETAInZonedDateTimeFormat for timeArrivalSeconds:430,zone:Asia/Kolkata,datetime:2023-07-12T14:00:47.352resultant zonedDateTime is:2023-07-12T14:00:47.352+05:30[Asia/Kolkata]
07-12 13:53:37.352  1529  2349 V AapManager: AapClusterManager__addDestinationDistanceToNavigationState : estimatedTimeOfArrival : 2023-07-12T14:00:47.352+05:30[Asia/Kolkata]
07-12 13:53:37.352  1529  2349 D AapManager: AapClusterManager__addManeuverToNavigationState maneuverType : DEPART
07-12 13:53:37.352  1529  2349 D AapManager: AapClusterManager__addManeuverToNavigationState mManTypeExtra : [NONE]
07-12 13:53:37.353  1529  2349 V AapManager: AapClusterManager__addStepsToNavigationState Distance needs to be added along with Manuever so commented here
07-12 13:53:37.354  1529  2349 D AapManager: AapClusterManager__sendNavigationStateToCluster: {steps: [{maneuver: {type: {values: [DEPART]}, roundaboutExitNumer: 0, icon: null}, distance: {meters: 0, displayUnit: {values: [METERS]}, displayValue: 0}, lanes: [], lanesImage: null, cue: {text: ' ', elements: [{text: '7th Cross Rd towards Graphite India Main Rd / ITPL Main Rd / Kundalahalli Main Rd', image: null}]}}], destinations: [{title: null, address: Bengaluru, Karnataka, distance: {meters: 2715, displayUnit: {values: [KILOMETERS]}, displayValue: 2.7}, location: null, eta: {secondsSinceEpoch: 1689150647, zoneId: 'Asia/Kolkata'}, traffic: null, formattedEta: null}], segment: {name: 7th Cross Rd}, serviceStatus: {values: []}}
07-12 13:53:37.354  1529  2349 D AapManager: BaseClusterManager__sendNavigationStateToCluster:
07-12 13:53:37.354  1529  2349 D AapManager: BaseClusterManager__ calling sendNavigationStateChange
07-12 13:53:37.356  2468  2486 V AapManager:  AaUiService   sendNavigationStateChange   called 
07-12 13:53:37.359  1698  1698 D APP_REPETITION: NavigationMetaDataRenderer onNavigationStateChanged
07-12 13:53:37.359  1698  1698 D APP_REPETITION: NavigationMetaDataRenderer onNavigationStateChanged:timetostepextra
07-12 13:53:37.359  1698  1698 D APP_REPETITION: NavigationMetaDataRenderer onNavigationStateChanged:maneuvertypeextra
07-12 13:53:37.359  1698  1698 D APP_REPETITION: NavigationMetaDataRenderer onNavigationStateChanged:navstate
07-12 13:53:37.359  1698  1698 I APP_REPETITION: NavigationMetaDataRenderer updateNavTBTData
07-12 13:53:37.359  1698  1698 I APP_REPETITION: NavigationMetaDataRenderer RoadName=<7th Cross Rd>, ManeuverType=<DEPART>, DistanceInMeters=<0>, RoundAboutExitNumber=<0>, DrivingSide=<0>, DistanceDisplay=<0>
07-12 13:53:37.359  1698  1698 I APP_REPETITION: NavigationMetaDataRenderer send Next Maneuver Info
07-12 13:53:37.359  1698  1698 I APP_REPETITION: NavigationMetaDataRenderer send Next Maneuver Info: AndroidAuto
07-12 13:53:37.359  1698  1698 I APP_REPETITION: Each manuever get one extra NONE, Current step index 0
07-12 13:53:37.359  1698  1698 D APP_REPETITION: RouteControllerAtlas setNextManeuverInfo: name: 7th Cross Rd maneuver: 1 distance: 0unit:2, DisplayValue:0, CpManueverType:0, NavSource:1
07-12 13:53:37.359  1698  1698 I APP_REPETITION: NavigationMetaDataRenderer send Time and Distance etaInMin :: 0 distInMeters :: 2715
07-12 13:53:37.359  1698  1698 D APP_REPETITION: RouteControllerAtlas setNextDestinationInfo: time: 0 distance: 2715
07-12 13:53:37.359  2468  2486 V AapManager: AAWidgetUtil onNavigationCurrentPositionCallback NavInfoBean{mRoad='null', mTurnSide=0, mEvent=0, mImage=null, mTurnAngle=0, mTurnNumber=0, mDistanceMeters=0, mTimeSeconds=0, mDisplayDistance=0, mDisplayDistanceUnit=1, mNavStatus=false}
07-12 13:53:37.360  2468  2468 D AapManager: AAWidgetUtilMessage Received: 6
07-12 13:53:37.360  1698  1698 I APP_REPETITION: NavigationMetaDataRenderer Send Destination Info Listtitle :: 
07-12 13:53:37.360  2468  2468 V AapManager: AAWidgetUtil getFormattedDistanceUnit, distanceUnit: m
07-12 13:53:37.360  1698  1698 D APP_REPETITION: RouteControllerAtlas setNextAndFinalDestinationInfo
07-12 13:53:37.360  2468  2468 I AapManager: AAWidgetUtil updateUI called: isForceUpdateNeeded: false isNewData: false
07-12 13:53:37.360  1698  1698 I APP_REPETITION: NavigationMetaDataRenderer send Vehicle Information :: 7th Cross Rd
07-12 13:53:37.360  1698  1698 D APP_REPETITION: LocationInformationControllerAtlas SetVehicleLocationInformation
07-12 13:53:37.361  1698  1698 I APP_REPETITION: NavigationMetaDataRenderer send Service StatusserviceStatus :: 6
07-12 13:53:37.361  1698  1698 I APP_REPETITION: NavigationControllerAtlas Service Status6
07-12 13:53:37.377  2446  2542 E libc    : Access denied finding property "persist.vendor.st.timemode"
07-12 13:53:37.421   394  1372 I netd    : tetherOffloadGetStats() <0.07ms>
07-12 13:53:37.428  2446  2542 E libc    : Access denied finding property "persist.vendor.st.timemode"
07-12 13:53:37.465 15189 15189 I SERVICE_HANDLER: [com.harman.drivenext.service.handler.ServiceHandler.sendData] 
07-12 13:53:37.479  2446  2542 E libc    : Access denied finding property "persist.vendor.st.timemode"
07-12 13:53:37.531  2446  2542 E libc    : Access denied finding property "persist.vendor.st.timemode"
07-12 13:53:37.533  1529 17574 D AapManager: AapManager: [mediaPlaybackStatusUpdate:294] : calling java method of mediaPlaybackStatusUpdate
07-12 13:53:37.533  1529 17574 D AapManager: AAManager__mediaPlaybackStatusUpdate: State=2, mediaSource=Spotify, elapsedTime=22, isShuffleOn=false, isRepeatOn =false, isRepeatSong=false
07-12 13:53:37.534  1529  2349 D AapManager: AAManager__ AapCallbackHandler, msg = 10
07-12 13:53:37.535  4133  5917 D MediaCoreService: AndroidAutoAdapter__onMediaPlaybackStatusCallback : playbackStatus = PlaybackState {state=3, position=22, buffered position=0, speed=0.0, updated=2388167, actions=0, custom actions=[], active item id=-1, error=null}
07-12 13:53:37.535  1529 17656 D AapManager: AAManager__mAAServiceBinder: getConnectedDevSerialNumber
07-12 13:53:37.536  4133  5917 D MediaCoreService: AndroidAutoAdapter__getConnectedDevSerialNumber: number = ZD22277QY9
07-12 13:53:37.536  4133  5917 D MediaCoreService: AndroidAutoPlayer__notifyPlaybackStatusChanged : playbackState = PlaybackState {state=3, position=22, buffered position=0, speed=0.0, updated=2388167, actions=0, custom actions=[], active item id=-1, error=null}
07-12 13:53:37.536  4133  5917 D MediaCoreService: HarmanAndroidAutoPlayerAdapter__onPlaybackChanged playbackstate:PlaybackState {state=3, position=22000, buffered position=0, speed=0.0, updated=2388167, actions=3670011, error code=0, error message=null, custom actions=[], active item id=-1}
07-12 13:53:37.536  4133  5917 D MediaCoreService: Utils__displayActions : ===== begin =====
07-12 13:53:37.536  4133  5917 D MediaCoreService: Utils__displayActions : [0] : ACTION_STOP
07-12 13:53:37.536  4133  5917 D MediaCoreService: Utils__displayActions : [1] : ACTION_PAUSE
07-12 13:53:37.536  4133  5917 D MediaCoreService: Utils__displayActions : [3] : ACTION_REWIND
07-12 13:53:37.536  4133  5917 D MediaCoreService: Utils__displayActions : [4] : ACTION_SKIP_TO_PREVIOUS
07-12 13:53:37.536  4133  5917 D MediaCoreService: Utils__displayActions : [5] : ACTION_SKIP_TO_NEXT
07-12 13:53:37.536  4133  5917 D MediaCoreService: Utils__displayActions : [6] : ACTION_FAST_FORWARD
07-12 13:53:37.536  4133  5917 D MediaCoreService: Utils__displayActions : [7] : ACTION_SET_RATING
07-12 13:53:37.536  4133  5917 D MediaCoreService: Utils__displayActions : [8] : ACTION_SEEK_TO
07-12 13:53:37.536  4133  5917 D MediaCoreService: Utils__displayActions : [9] : ACTION_PLAY_PAUSE
07-12 13:53:37.536  4133  5917 D MediaCoreService: Utils__displayActions : [10] : ACTION_PLAY_FROM_MEDIA_ID
07-12 13:53:37.536  4133  5917 D MediaCoreService: Utils__displayActions : [11] : ACTION_PLAY_FROM_SEARCH
07-12 13:53:37.536  4133  5917 D MediaCoreService: Utils__displayActions : [12] : ACTION_SKIP_TO_QUEUE_ITEM
07-12 13:53:37.536  4133  5917 D MediaCoreService: Utils__displayActions : [13] : ACTION_PLAY_FROM_URI
07-12 13:53:37.536  4133  5917 D MediaCoreService: Utils__displayActions : [14] : ACTION_PREPARE
07-12 13:53:37.536  4133  5917 D MediaCoreService: Utils__displayActions : [15] : ACTION_PREPARE_FROM_MEDIA_ID
07-12 13:53:37.536  4133  5917 D MediaCoreService: Utils__displayActions : [16] : ACTION_PREPARE_FROM_SEARCH
07-12 13:53:37.536  4133  5917 D MediaCoreService: Utils__displayActions : [17] : ACTION_PREPARE_FROM_URI
07-12 13:53:37.536  4133  5917 D MediaCoreService: Utils__displayActions : [18] : ACTION_SET_REPEAT_MODE
07-12 13:53:37.536  4133  5917 D MediaCoreService: Utils__displayActions : [20] : ACTION_SET_CAPTION_ENABLED
07-12 13:53:37.536  4133  5917 D MediaCoreService: Utils__displayActions : [21] : ACTION_SET_SHUFFLE_MODE
07-12 13:53:37.536  4133  5917 D MediaCoreService: Utils__displayActions : ===== end  ======
07-12 13:53:37.536  4133  5917 D MediaCoreService: HarmanAndroidAutoPlayerAdapter__notifyPlaybackState : playbackstate = PlaybackState {state=3, position=22000, buffered position=0, speed=0.0, updated=2388167, actions=3670011, error code=0, error message=null, custom actions=[], active item id=-1}
07-12 13:53:37.537  3912  3912 D ExternalMediaServer: SessionPlayer : onPlaybackStateChanged PlaybackState {state=3, position=22000, buffered position=0, speed=0.0, updated=2388167, actions=3670011, error code=0, error message=null, custom actions=[], active item id=-1}
07-12 13:53:37.537  4838  4863 I E12_SOURCE: onPlaybackStateChanged received state: PlaybackState {state=3, position=22000, buffered position=0, speed=0.0, updated=2388167, actions=3670011, error code=0, error message=null, custom actions=[], active item id=-1}
07-12 13:53:37.537  3912  3912 D ExternalMediaServer: MediaSourceProvider : onPlaybackStateChanged Bundle : Bundle[mParcelledData.dataSize=224]
07-12 13:53:37.537  3912  3912 I ExternalMediaServer: SourceProvider : onPlaybackStateChanged source : ZD22277QY9State : 1
07-12 13:53:37.537  4838  4863 V E12_SOURCE: mExtras:Bundle[{com.harman.media.harmanaudioplayer.service.ALWAYS_RESERVE_SPACE_FOR.ACTION_QUEUE=true, com.harman.media.action.FASTFORWARD=true, com.harman.media.action.SET_SHUFFLE=true, com.harman.media.action.FASTREWIND=true, android.media.session.BROWSE_SERVICE=com.harman.mediacoreservice.harmanandroidautoplayer.HarmanAndroidAutoPlayer, SOURCE_KEY=android-app://com.harman.mediacoreservice/harmanandroidautoplayer/androidauto?device=ZD22277QY9, com.harman.media.harmanaudioplayer.service.ALWAYS_RESERVE_SPACE_FOR.ACTION_SKIP_TO_NEXT=true, com.harman.mediacoreservice.action.SET_SURFACE=true, com.harman.media.harmanaudioplayer.service.ALWAYS_RESERVE_SPACE_FOR.ACTION_SKIP_TO_PREVIOUS=true, com.harman.media.action.SET_REPEAT=true}]
07-12 13:53:37.537  4838  4863 V E12_SOURCE: compareSessionToSource value:true
07-12 13:53:37.537  4838  4863 I E12_SOURCE: onPlaybackStateChanged received state: PlaybackState {state=3, position=22000, buffered position=0, speed=0.0, updated=2388167, actions=3670011, error code=0, error message=null, custom actions=[], active item id=-1}
07-12 13:53:37.537  4838  4863 V E12_SOURCE: mExtras:Bundle[{com.harman.media.harmanaudioplayer.service.ALWAYS_RESERVE_SPACE_FOR.ACTION_QUEUE=true, com.harman.media.action.FASTFORWARD=true, com.harman.media.action.SET_SHUFFLE=true, com.harman.media.action.FASTREWIND=true, android.media.session.BROWSE_SERVICE=com.harman.mediacoreservice.harmanandroidautoplayer.HarmanAndroidAutoPlayer, SOURCE_KEY=android-app://com.harman.mediacoreservice/harmanandroidautoplayer/androidauto?device=ZD22277QY9, com.harman.media.harmanaudioplayer.service.ALWAYS_RESERVE_SPACE_FOR.ACTION_SKIP_TO_NEXT=true, com.harman.mediacoreservice.action.SET_SURFACE=true, com.harman.media.harmanaudioplayer.service.ALWAYS_RESERVE_SPACE_FOR.ACTION_SKIP_TO_PREVIOUS=true, com.harman.media.action.SET_REPEAT=true}]
07-12 13:53:37.537  4838  4863 V E12_SOURCE: compareSessionToSource value:true
07-12 13:53:37.537  4838  4863 I E12_PLAYING: PlaybackModel.onPlayerStateChanged: android-app://com.harman.mediacoreservice/harmanandroidautoplayer/androidauto?device=ZD22277QY9
07-12 13:53:37.537  3606  3881 I E12_SOURCE: onPlaybackStateChanged received state: PlaybackState {state=3, position=22000, buffered position=0, speed=0.0, updated=2388167, actions=3670011, error code=0, error message=null, custom actions=[], active item id=-1}
07-12 13:53:37.537  3606  3881 V E12_SOURCE: mExtras:Bundle[{com.harman.media.harmanaudioplayer.service.ALWAYS_RESERVE_SPACE_FOR.ACTION_QUEUE=true, com.harman.media.action.FASTFORWARD=true, com.harman.media.action.SET_SHUFFLE=true, com.harman.media.action.FASTREWIND=true, android.media.session.BROWSE_SERVICE=com.harman.mediacoreservice.harmanandroidautoplayer.HarmanAndroidAutoPlayer, SOURCE_KEY=android-app://com.harman.mediacoreservice/harmanandroidautoplayer/androidauto?device=ZD22277QY9, com.harman.media.harmanaudioplayer.service.ALWAYS_RESERVE_SPACE_FOR.ACTION_SKIP_TO_NEXT=true, com.harman.mediacoreservice.action.SET_SURFACE=true, com.harman.media.harmanaudioplayer.service.ALWAYS_RESERVE_SPACE_FOR.ACTION_SKIP_TO_PREVIOUS=true, com.harman.media.action.SET_REPEAT=true}]
07-12 13:53:37.538  3606  3881 V E12_SOURCE: compareSessionToSource value:true
07-12 13:53:37.538  3606  3881 I E12_PLAYING: Player state changed for source pkg - com.harman.mediacoreservice & current play-state is - 3
07-12 13:53:37.538  3701  3701 V MediaModeService: com.harman.mediamodeservice.lastmediasource.MediaBrowserConnector$11->onPlaybackStateChanged
07-12 13:53:37.538  3701  3701 I MediaModeService: <<HarmanAndroidAutoPlayer>> onPlaybackStateChanged:3
07-12 13:53:37.538  3701  3701 I MediaModeService: <<HarmanAndroidAutoPlayer.playstate>> get trigger Playing
07-12 13:53:37.538  3701  3701 I MediaModeService: <<LastMediaSourceManager.state>> get trigger PlayStateUpdate
07-12 13:53:37.538  3701  3701 V MediaModeService: com.harman.mediamodeservice.persistence.MediaModePersistence->getLastMediaSource
07-12 13:53:37.538  3912  3912 D ExternalMediaServer: MediaSourceProvider : getCurrentPlayingSource: playbackState : PlaybackState {state=3, position=22000, buffered position=0, speed=0.0, updated=2388170, actions=3670011, error code=0, error message=null, custom actions=[], active item id=-1}
07-12 13:53:37.538  4838  4863 I E12_WIDGET: WidgetManager no change in onPlaybackInfoChanged
07-12 13:53:37.538  3912  3912 V ExternalMediaServer: Source : getPlayState :1
07-12 13:53:37.538  3912  3912 D ExternalMediaServer: SourceProvider : No Change in Playstate
07-12 13:53:37.539  4838  4880 I E12_WIDGET: EntertainmentHelper onPlaybackInfoChanged for source: ANDROID_AUTO mPlaybackState: 3
07-12 13:53:37.539  4838  4880 I E12_HELPER: E12HelperService onMetadataUpdate source: ANDROID_AUTO
07-12 13:53:37.539  3701  3701 I MediaModeService: <<Persistence>> getTopSource SourceInfo{mName:com.harman.mediacoreservice/com.harman.mediacoreservice.harmanandroidautoplayer.HarmanAndroidAutoPlayer, mState:3, mExtra:Bundle[{SOURCE_KEY=android-app://com.harman.mediacoreservice/harmanandroidautoplayer/androidauto?device=ZD22277QY9}]}
07-12 13:53:37.539  3701  3701 V MediaModeService: com.harman.mediamodeservice.persistence.MediaModePersistence->updatePlayState
07-12 13:53:37.539  3701  3701 I MediaModeService: <<Persistence>> getTopSource SourceInfo{mName:com.harman.mediacoreservice/com.harman.mediacoreservice.harmanandroidautoplayer.HarmanAndroidAutoPlayer, mState:3, mExtra:Bundle[{SOURCE_KEY=android-app://com.harman.mediacoreservice/harmanandroidautoplayer/androidauto?device=ZD22277QY9}]}
07-12 13:53:37.541  3912  3912 D ExternalMediaServer: SourceProvider : onMetadataChange: source : ZD22277QY9
07-12 13:53:37.541  3912  3912 D ExternalMediaServer: SourceProvider : isSameMetaData previousMetadata: android.support.v4.media.MediaMetadataCompat@6428283 ; currentMetadata:android.support.v4.media.MediaMetadataCompat@21b2365
07-12 13:53:37.541  3912  3912 D ExternalMediaServer: SourceProvider : onMetadataChange : no change in metadata
07-12 13:53:37.541  3606  3881 V E12_SOURCE: processSourceSwitchAndNotify:motorola edge 30 id:android-app://com.harman.mediacoreservice/harmanandroidautoplayer/androidauto?device=ZD22277QY9
07-12 13:53:37.541  3701  3833 I MediaModeService: <<Persistence>> updated sourceInfo :  SourceInfo{mName:com.harman.mediacoreservice/com.harman.mediacoreservice.harmanandroidautoplayer.HarmanAndroidAutoPlayer, mState:3, mExtra:Bundle[{SOURCE_KEY=android-app://com.harman.mediacoreservice/harmanandroidautoplayer/androidauto?device=ZD22277QY9}]}
07-12 13:53:37.543   542   542 E eth_check: Error !!! ethernet interface is not valid
07-12 13:53:37.583  2446  2542 E libc    : Access denied finding property "persist.vendor.st.timemode"
07-12 13:53:37.600   448   522 I pathology: CPU Usage: Tot[28.93%] Core0[43.30%] Core1[13.54%] Core2[22.68%] Core3[27.00%] Core4[47.62%] Core5[22.92%] Core6[22.35%] Core7[23.47%] 
07-12 13:53:37.634  2446  2542 E libc    : Access denied finding property "persist.vendor.st.timemode"
07-12 13:53:37.684  2446  2542 E libc    : Access denied finding property "persist.vendor.st.timemode"
07-12 13:53:37.715  1975  2103 I android_os_HwBinder: HwBinder: Starting thread pool for getting: vendor.harman.hardware.usb.gadgetext@1.0::IUsbGadgetExt/default
07-12 13:53:37.736  2446  2542 E libc    : Access denied finding property "persist.vendor.st.timemode"
07-12 13:53:37.746  3912 17663 D ExternalMediaServer: SourceProvider :  TimerTask Source : Source{mIsPlayable=false, mIsBrowsable=false, mDevId='ZD22277QY9', mName='motorola edge 30', mType=12, mScanStatus=0, mSerialNumber='', mVendorNumber='', mProductNumber='', mPortIndex=0, isSupported=true, isConnected=true, isSearchSupported=false, mZoneId=0, mReadyToPlay=0, mContentType=0, mPosition=21000, mPlaystate=1, mIsActive=true, mRepeatMode=2, mShuffleMode=1} PlaybackPosition : 22000
07-12 13:53:37.747  3912 17663 V ExternalMediaServer: SourceProvider : notifyPlayPositionChange : Source{mIsPlayable=false, mIsBrowsable=false, mDevId='ZD22277QY9', mName='motorola edge 30', mType=12, mScanStatus=0, mSerialNumber='', mVendorNumber='', mProductNumber='', mPortIndex=0, isSupported=true, isConnected=true, isSearchSupported=false, mZoneId=0, mReadyToPlay=0, mContentType=0, mPosition=22000, mPlaystate=1, mIsActive=true, mRepeatMode=2, mShuffleMode=1}
07-12 13:53:37.747  3912  4075 I ExternalMediaServer: EWClient : handleMessage : sourceId : ZD22277QY9Data: Bundle[{sourceID=ZD22277QY9}]
07-12 13:53:37.747  3912  4075 D ExternalMediaServer: :void adapter::notifyPlayPositionChangeNative(JNIEnv *, jobject, jbyteArray):
07-12 13:53:37.747  3912  4075 D ExternalMediaServer: :void adapter::MediaSourceAdapterJNI::onPlayTimeChange():
07-12 13:53:37.747  3912  4075 V ExternalMediaServer: JNIThreadAttacher: status :  0
07-12 13:53:37.747  3912  4075 V ExternalMediaServer: Source : getPosition :22000
07-12 13:53:37.747  3912  4075 V ExternalMediaServer: ~JavaVMAttachThread ::
07-12 13:53:37.747  3912  4075 V ExternalMediaServer: std::string adapter::MediaSourceAdapterJNI::CallObjectMethodReturnString(jobject, jmethodID, int)
07-12 13:53:37.747  3912  4075 V ExternalMediaServer: JNIThreadAttacher: status :  0
07-12 13:53:37.747  3912  4075 V ExternalMediaServer: Source : getMetaData for Field : 9
07-12 13:53:37.747  3912  4075 V ExternalMediaServer: ~JavaVMAttachThread ::
07-12 13:53:37.747  3912  4075 I ExternalMediaServer: virtual void EWMediaPluginCallback::onPlayTimeChange(sPlayTime &):: Zoneid 0,CurrentPlayPosition 22000 Total Duration 261000
07-12 13:53:37.747  3912  4075 D ExternalMediaServer: virtual void MediaDeviceNotifierHandler::onPlayTimeChange(const MediaTypesSAPILow::PlayTime &, const uint8_t &)
07-12 13:53:37.747  3912  4075 D ExternalMediaServer: virtual void MediaClientDeviceCallback::onPlayTimeChange(const MediaTypesSAPILow::PlayTime &, const uint8_t &) connection status: 1
07-12 13:53:37.747  3912  4075 D ExternalMediaServer: virtual void MediaClientDeviceCallback::onPlayTimeChange(const MediaTypesSAPILow::PlayTime &, const uint8_t &) CurrTime :22 ..totalDur: 261
07-12 13:53:37.747  3912  4075 D EWInfra : JNIAdapter::setAttributeValue:serviceURI:v2_com.harman.atlas.media.MediaClient_MediaServer.clusterClientInstance attribute:playTime payload:{"playTime":{"deviceId":"ZD22277QY9","zoneId":0,"currTime":22,"totalDuration":261}}
07-12 13:53:37.747  3912  4075 D EWInfra :  JNIMediaClientEWServer::setAttributeValue playTime
07-12 13:53:37.747  3912  4075 D EWInfra :  JNIMediaClientEWServer::setPlayTime
07-12 13:53:37.747  3912  4075 D EWInfra :  JNIMediaClientEWServer::sendUpdatePlayTime
07-12 13:53:37.747  3912  4075 D EWInfra :  JNIMediaClientEWServer::getPlayTime
07-12 13:53:37.747  3912  4076 D ExternalMediaServer: TsrClient : notifyPlayPositionChange : sourceId = ZD22277QY9 mActiveSource = Source{mIsPlayable=false, mIsBrowsable=false, mDevId='64:11:A4:8D:85:A9', mName='motorola edge 30', mType=3, mScanStatus=0, mSerialNumber='', mVendorNumber='', mProductNumber='', mPortIndex=-1, isSupported=true, isConnected=false, isSearchSupported=false, mZoneId=0, mReadyToPlay=0, mContentType=0, mPosition=155361, mPlaystate=7, mIsActive=true, mRepeatMode=0, mShuffleMode=0}
07-12 13:53:37.749  1944  1966 D EWService: EWAIDLTransport::sendSignal serverID: 37 interfaceURI: v2_com.harman.atlas.media.MediaClient_MediaServer.clusterClientInstance signalName: playTime status code: 0 data payload: {"playTime":{"deviceId":"ZD22277QY9","zoneId":0,"currTime":22,"totalDuration":261}} data errorCode: 0
07-12 13:53:37.749  1944  2097 D EWService: EWServiceHandler::run commandType: sendSignal
07-12 13:53:37.749  1944  2097 D EWService: EWServiceHandler::processSendSignal
07-12 13:53:37.749  1944  2097 D EWService: ServiceRegistry::getClient clientID: 3
07-12 13:53:37.749  1944  2097 D EWService: EWStableAidlClientCB::onUpdate signalName: playTime mGatewayData payload: {"playTime":{"deviceId":"ZD22277QY9","zoneId":0,"currTime":22,"totalDuration":261}} mGatewayData errorCode: 0
07-12 13:53:37.749  3912  4075 D ExternalMediaServer: onPlayPositionChange: pos: 22000 duration: 261000
07-12 13:53:37.749  3912  4075 D ExternalMediaServer: PlayPosition changed for sourceId: ZD22277QY9
07-12 13:53:37.749   726   726 D vendor.harman.frameworks.ewgateway@0.0-service: StableAidlClient::onEventUpdate() ClientID : 3 Signal Name: playTime
07-12 13:53:37.752   726   726 D vendor.harman.frameworks.ewgateway@0.0-service: MediaClientServerImpl::processResponse() Method Name: playTime Payload: {"playTime":{"deviceId":"ZD22277QY9","zoneId":0,"currTime":22,"totalDuration":261}}17
07-12 13:53:37.752   726   726 D vendor.harman.frameworks.ewgateway@0.0-service: MediaClientServerImpl::processResponse:: playTime SAPIRead successful, Payload : {"playTime":{"deviceId":"ZD22277QY9","zoneId":0,"currTime":22,"totalDuration":261}}
07-12 13:53:37.753   726   726 I vendor.harman.frameworks.ewgateway@0.0-service: MediaClientServerImpl::processResponse(), set_playTime is called 
07-12 13:53:37.753   726   726 D vendor.harman.frameworks.ewgateway@0.0-service: StableAidlClient::onEventUpdate():clusterClientInstance: event update sent for clientID : 3 signalName : playTime
07-12 13:53:37.787  2446  2542 E libc    : Access denied finding property "persist.vendor.st.timemode"
07-12 13:53:37.838  2446  2542 E libc    : Access denied finding property "persist.vendor.st.timemode"
07-12 13:53:37.840  1529  1529 D AapManager: AASensorManager__ CarPropertyEventCallback onChangeEvent sendCarPropertyChangeEvent : 291504647
07-12 13:53:37.840  1529  1529 V AapManager: AASensorManager__ onChangeEvent() getPropertyId: 291504647speed 0.0
07-12 13:53:37.844   542   542 E eth_check: Error !!! ethernet interface is not valid
07-12 13:53:37.855   446   446 E HARMAN_LOCATION: log_as_hex: $SAT_ length too long (1336)
07-12 13:53:37.856   446   446 E HARMAN_LOCATION: $ERR due to untrusted GNSS, calibration procedure been set from scratch
07-12 13:53:37.891  2446  2542 E libc    : Access denied finding property "persist.vendor.st.timemode"
07-12 13:53:37.907   597   597 I evs_hal_client: ais_initialize:1282 HIGH AIS CLIENT START 407
07-12 13:53:37.907   597   597 I evs_hal_client: ais_conn_open_hv:83 HIGH E 0x7fc4f70520 0 1
07-12 13:53:37.907   597   597 I evs_hal_client: ais_conn_open_hv:102 HIGH X 0x7fc4f70520 0 1 0
07-12 13:53:37.908   597   597 I uhab    : habmm_socket_open: opened fd 12, refcnt 1, return 0, vcid c900001
07-12 13:53:37.909   597   597 I evs_hal_client: ais_conn_close_hv:116 HIGH E 0x7fc4f70520
07-12 13:53:37.909   597   597 I uhab    : habmm_socket_close: close fd 12, refcnt 0, vcid C900001
07-12 13:53:37.909   597   597 I evs_hal_client: ais_conn_close_hv:154 HIGH X 0x7fc4f70520 0
07-12 13:53:37.909   597   597 I evs_hal_client: ais_conn_open_hv:83 HIGH E 0x7b998d8950 4 1
07-12 13:53:37.909   597   597 I evs_hal_client: ais_conn_open_hv:102 HIGH X 0x7b998d8950 4 1 0
07-12 13:53:37.910   597   597 I uhab    : habmm_socket_open: opened fd 12, refcnt 1, return 0, vcid c900001
07-12 13:53:37.910   597   597 I evs_hal_client: ais_conn_open_hv:83 HIGH E 0x7b998d8ec0 3 1
07-12 13:53:37.910   597   597 I evs_hal_client: ais_conn_open_hv:102 HIGH X 0x7b998d8ec0 3 1 0
07-12 13:53:37.911   597   597 I uhab    : habmm_socket_open: opened fd 12, refcnt 2, return 0, vcid c900002
07-12 13:53:37.911   597   597 E MM_OSAL : MM_Thread_CreateEx::thread 0x519813463232 created with stack 1015808 bytes
07-12 13:53:37.911   597   597 E MM_OSAL : MM_Thread_CreateEx::thread 0x519794883776 created with stack 1015808 bytes
07-12 13:53:37.911   597   597 E MM_OSAL : MM_Thread_CreateEx::thread 0x519777066176 created with stack 1015808 bytes
07-12 13:53:37.913   597   597 E EvsHal  : Failed qcarcam_query_inputs number of inputs=0 ret=0
07-12 13:53:37.913   597   597 E EvsHal  : Found 0 qualified video capture devices found
07-12 13:53:37.913   597   597 I evs_hal_client: ais_client_destroy:999 HIGH E 0
07-12 13:53:37.913   597   597 I evs_hal_client: ais_conn_close_hv:116 HIGH E 0x7b998d8ec0
07-12 13:53:37.914   597 18085 I uhab    : habmm_socket_recv: fd 12, return -19, received bytes 0, vcid C900002
07-12 13:53:37.914   597 18085 E evs_hal_client: ais_conn_recv_hv:416 ERR 0x7b998d8ec0 -19 19 1
07-12 13:53:37.914   597 18085 E evs_hal_client: ais_conn_recv_hv:431 ERR X 0x7b998d8ec0 0x79074bfb00 0x79074bfafc | 264 250 -4
07-12 13:53:37.914   597 18085 E evs_hal_client: ais_client_event_recv_thread:467 ERR aborting event thread due to error -4
07-12 13:53:37.914   597   597 I uhab    : habmm_socket_close: skip close fd 12, refcnt 1, vcid C900002
07-12 13:53:37.914   597   597 I evs_hal_client: ais_conn_close_hv:154 HIGH X 0x7b998d8ec0 0
07-12 13:53:37.914   597   597 I evs_hal_client: ais_conn_close_hv:116 HIGH E 0x7b998d8be0
07-12 13:53:37.914   597   597 I evs_hal_client: ais_conn_close_hv:154 HIGH X 0x7b998d8be0 0
07-12 13:53:37.914   597   597 I evs_hal_client: ais_conn_close_hv:116 HIGH E 0x7b998d8950
07-12 13:53:37.915   597   597 I uhab    : habmm_socket_close: close fd 12, refcnt 0, vcid C900001
07-12 13:53:37.915   597   597 I evs_hal_client: ais_conn_close_hv:154 HIGH X 0x7b998d8950 0
07-12 13:53:37.915   598   932 E evsSVLiteApp_harman: Error: only 0 of 4 cameras found!
07-12 13:53:37.917   597   597 W EvsHal  : Got a frame returned while not visible - ignoring.
07-12 13:53:37.942  2446  2542 E libc    : Access denied finding property "persist.vendor.st.timemode"
07-12 13:53:37.972 15189 15189 I SERVICE_HANDLER: [com.harman.drivenext.service.handler.ServiceHandler.sendData] 
07-12 13:53:37.992  2446  2542 E libc    : Access denied finding property "persist.vendor.st.timemode"
07-12 13:53:38.015  1529 15330 E AapManager: AapManager_RfCommConnectionBluetoothConnection startReadingMessages: 8
07-12 13:53:38.015  1529 15375 D AapManager: AapManager_RfCommConnection Stopping WiFi Ping request timer
07-12 13:53:38.016  1529 15375 D AapManager: AapManager_RfCommConnection Wifi Ping Request Timer started.
07-12 13:53:38.016  1529 15330 D AapManager: AapManager_RfCommConnectiontimeStamp : 1689246985066
07-12 13:53:38.045  2446  2542 E libc    : Access denied finding property "persist.vendor.st.timemode"
07-12 13:53:38.097  2446  2542 E libc    : Access denied finding property "persist.vendor.st.timemode"
07-12 13:53:38.146   542   542 E eth_check: Error !!! ethernet interface is not valid
07-12 13:53:38.148  2446  2542 E libc    : Access denied finding property "persist.vendor.st.timemode"
07-12 13:53:38.193   274   274 E SELinux : avc:  denied  { find } for pid=5267 uid=1001000 name=SurfaceFlinger scontext=u:r:apprepetition_system_app:s0 tcontext=u:object_r:surfaceflinger_service:s0 tclass=service_manager permissive=0
07-12 13:53:38.193  5267  8197 I ServiceManager: Waiting for service 'SurfaceFlinger' on '/dev/binder'...
07-12 13:53:38.199   598 15111 E evsSVLiteApp_harman: get camera stream handler failed
07-12 13:53:38.199   598 15111 I chatty  : uid=0(root) HwBinder:598_1 identical 2 lines
07-12 13:53:38.199   598 15111 E evsSVLiteApp_harman: get camera stream handler failed
07-12 13:53:38.199  2446  2542 E libc    : Access denied finding property "persist.vendor.st.timemode"
07-12 13:53:38.351  2446  2542 I chatty  : uid=1000(system) kdThreadHandler identical 3 lines
07-12 13:53:38.403  2446  2542 E libc    : Access denied finding property "persist.vendor.st.timemode"
07-12 13:53:38.446   542   542 E eth_check: Error !!! ethernet interface is not valid
07-12 13:53:38.454  2446  2542 E libc    : Access denied finding property "persist.vendor.st.timemode"
07-12 13:53:38.481 15189 15189 I SERVICE_HANDLER: [com.harman.drivenext.service.handler.ServiceHandler.sendData] 
07-12 13:53:38.504  2446  2542 E libc    : Access denied finding property "persist.vendor.st.timemode"
07-12 13:53:38.532  1529 17574 D AapManager: AapManager: [mediaPlaybackStatusUpdate:294] : calling java method of mediaPlaybackStatusUpdate
07-12 13:53:38.532  1529 17574 D AapManager: AAManager__mediaPlaybackStatusUpdate: State=2, mediaSource=Spotify, elapsedTime=23, isShuffleOn=false, isRepeatOn =false, isRepeatSong=false
07-12 13:53:38.533  1529  2349 D AapManager: AAManager__ AapCallbackHandler, msg = 10
07-12 13:53:38.533  4133  5917 D MediaCoreService: AndroidAutoAdapter__onMediaPlaybackStatusCallback : playbackStatus = PlaybackState {state=3, position=23, buffered position=0, speed=0.0, updated=2389165, actions=0, custom actions=[], active item id=-1, error=null}
07-12 13:53:38.536  1529 17656 D AapManager: AAManager__mAAServiceBinder: getConnectedDevSerialNumber
07-12 13:53:38.536  4133  5917 D MediaCoreService: AndroidAutoAdapter__getConnectedDevSerialNumber: number = ZD22277QY9
07-12 13:53:38.536  4133  5917 D MediaCoreService: AndroidAutoPlayer__notifyPlaybackStatusChanged : playbackState = PlaybackState {state=3, position=23, buffered position=0, speed=0.0, updated=2389165, actions=0, custom actions=[], active item id=-1, error=null}
07-12 13:53:38.537  4133  5917 D MediaCoreService: HarmanAndroidAutoPlayerAdapter__onPlaybackChanged playbackstate:PlaybackState {state=3, position=23000, buffered position=0, speed=0.0, updated=2389165, actions=3670011, error code=0, error message=null, custom actions=[], active item id=-1}
07-12 13:53:38.537  4133  5917 D MediaCoreService: Utils__displayActions : ===== begin =====
07-12 13:53:38.537  4133  5917 D MediaCoreService: Utils__displayActions : [0] : ACTION_STOP
07-12 13:53:38.537  4133  5917 D MediaCoreService: Utils__displayActions : [1] : ACTION_PAUSE
07-12 13:53:38.537  4133  5917 D MediaCoreService: Utils__displayActions : [3] : ACTION_REWIND
07-12 13:53:38.537  4133  5917 D MediaCoreService: Utils__displayActions : [4] : ACTION_SKIP_TO_PREVIOUS
07-12 13:53:38.537  4133  5917 D MediaCoreService: Utils__displayActions : [5] : ACTION_SKIP_TO_NEXT
07-12 13:53:38.537  4133  5917 D MediaCoreService: Utils__displayActions : [6] : ACTION_FAST_FORWARD
07-12 13:53:38.537  4133  5917 D MediaCoreService: Utils__displayActions : [7] : ACTION_SET_RATING
07-12 13:53:38.537  4133  5917 D MediaCoreService: Utils__displayActions : [8] : ACTION_SEEK_TO
07-12 13:53:38.537  4133  5917 D MediaCoreService: Utils__displayActions : [9] : ACTION_PLAY_PAUSE
07-12 13:53:38.537  4133  5917 D MediaCoreService: Utils__displayActions : [10] : ACTION_PLAY_FROM_MEDIA_ID
07-12 13:53:38.537  4133  5917 D MediaCoreService: Utils__displayActions : [11] : ACTION_PLAY_FROM_SEARCH
07-12 13:53:38.537  4133  5917 D MediaCoreService: Utils__displayActions : [12] : ACTION_SKIP_TO_QUEUE_ITEM
07-12 13:53:38.537  4133  5917 D MediaCoreService: Utils__displayActions : [13] : ACTION_PLAY_FROM_URI
07-12 13:53:38.537  4133  5917 D MediaCoreService: Utils__displayActions : [14] : ACTION_PREPARE
07-12 13:53:38.537  4133  5917 D MediaCoreService: Utils__displayActions : [15] : ACTION_PREPARE_FROM_MEDIA_ID
07-12 13:53:38.537  4133  5917 D MediaCoreService: Utils__displayActions : [16] : ACTION_PREPARE_FROM_SEARCH
07-12 13:53:38.537  4133  5917 D MediaCoreService: Utils__displayActions : [17] : ACTION_PREPARE_FROM_URI
07-12 13:53:38.537  4133  5917 D MediaCoreService: Utils__displayActions : [18] : ACTION_SET_REPEAT_MODE
07-12 13:53:38.537  4133  5917 D MediaCoreService: Utils__displayActions : [20] : ACTION_SET_CAPTION_ENABLED
07-12 13:53:38.537  4133  5917 D MediaCoreService: Utils__displayActions : [21] : ACTION_SET_SHUFFLE_MODE
07-12 13:53:38.537  4133  5917 D MediaCoreService: Utils__displayActions : ===== end  ======
07-12 13:53:38.537  4133  5917 D MediaCoreService: HarmanAndroidAutoPlayerAdapter__notifyPlaybackState : playbackstate = PlaybackState {state=3, position=23000, buffered position=0, speed=0.0, updated=2389165, actions=3670011, error code=0, error message=null, custom actions=[], active item id=-1}
07-12 13:53:38.538  3912  3912 D ExternalMediaServer: SessionPlayer : onPlaybackStateChanged PlaybackState {state=3, position=23000, buffered position=0, speed=0.0, updated=2389165, actions=3670011, error code=0, error message=null, custom actions=[], active item id=-1}
07-12 13:53:38.538  4838  4863 I E12_SOURCE: onPlaybackStateChanged received state: PlaybackState {state=3, position=23000, buffered position=0, speed=0.0, updated=2389165, actions=3670011, error code=0, error message=null, custom actions=[], active item id=-1}
07-12 13:53:38.538  3912  3912 D ExternalMediaServer: MediaSourceProvider : onPlaybackStateChanged Bundle : Bundle[mParcelledData.dataSize=224]
07-12 13:53:38.538  4838  4863 V E12_SOURCE: mExtras:Bundle[{com.harman.media.harmanaudioplayer.service.ALWAYS_RESERVE_SPACE_FOR.ACTION_QUEUE=true, com.harman.media.action.FASTFORWARD=true, com.harman.media.action.SET_SHUFFLE=true, com.harman.media.action.FASTREWIND=true, android.media.session.BROWSE_SERVICE=com.harman.mediacoreservice.harmanandroidautoplayer.HarmanAndroidAutoPlayer, SOURCE_KEY=android-app://com.harman.mediacoreservice/harmanandroidautoplayer/androidauto?device=ZD22277QY9, com.harman.media.harmanaudioplayer.service.ALWAYS_RESERVE_SPACE_FOR.ACTION_SKIP_TO_NEXT=true, com.harman.mediacoreservice.action.SET_SURFACE=true, com.harman.media.harmanaudioplayer.service.ALWAYS_RESERVE_SPACE_FOR.ACTION_SKIP_TO_PREVIOUS=true, com.harman.media.action.SET_REPEAT=true}]
07-12 13:53:38.538  3912  3912 I ExternalMediaServer: SourceProvider : onPlaybackStateChanged source : ZD22277QY9State : 1
07-12 13:53:38.538  4838  4863 V E12_SOURCE: compareSessionToSource value:true
07-12 13:53:38.538  3606  3881 I E12_SOURCE: onPlaybackStateChanged received state: PlaybackState {state=3, position=23000, buffered position=0, speed=0.0, updated=2389165, actions=3670011, error code=0, error message=null, custom actions=[], active item id=-1}
07-12 13:53:38.538  3606  3881 V E12_SOURCE: mExtras:Bundle[{com.harman.media.harmanaudioplayer.service.ALWAYS_RESERVE_SPACE_FOR.ACTION_QUEUE=true, com.harman.media.action.FASTFORWARD=true, com.harman.media.action.SET_SHUFFLE=true, com.harman.media.action.FASTREWIND=true, android.media.session.BROWSE_SERVICE=com.harman.mediacoreservice.harmanandroidautoplayer.HarmanAndroidAutoPlayer, SOURCE_KEY=android-app://com.harman.mediacoreservice/harmanandroidautoplayer/androidauto?device=ZD22277QY9, com.harman.media.harmanaudioplayer.service.ALWAYS_RESERVE_SPACE_FOR.ACTION_SKIP_TO_NEXT=true, com.harman.mediacoreservice.action.SET_SURFACE=true, com.harman.media.harmanaudioplayer.service.ALWAYS_RESERVE_SPACE_FOR.ACTION_SKIP_TO_PREVIOUS=true, com.harman.media.action.SET_REPEAT=true}]
07-12 13:53:38.538  4838  4863 I E12_SOURCE: onPlaybackStateChanged received state: PlaybackState {state=3, position=23000, buffered position=0, speed=0.0, updated=2389165, actions=3670011, error code=0, error message=null, custom actions=[], active item id=-1}
07-12 13:53:38.538  3606  3881 V E12_SOURCE: compareSessionToSource value:true
07-12 13:53:38.538  3606  3881 I E12_PLAYING: Player state changed for source pkg - com.harman.mediacoreservice & current play-state is - 3
07-12 13:53:38.538  4838  4863 V E12_SOURCE: mExtras:Bundle[{com.harman.media.harmanaudioplayer.service.ALWAYS_RESERVE_SPACE_FOR.ACTION_QUEUE=true, com.harman.media.action.FASTFORWARD=true, com.harman.media.action.SET_SHUFFLE=true, com.harman.media.action.FASTREWIND=true, android.media.session.BROWSE_SERVICE=com.harman.mediacoreservice.harmanandroidautoplayer.HarmanAndroidAutoPlayer, SOURCE_KEY=android-app://com.harman.mediacoreservice/harmanandroidautoplayer/androidauto?device=ZD22277QY9, com.harman.media.harmanaudioplayer.service.ALWAYS_RESERVE_SPACE_FOR.ACTION_SKIP_TO_NEXT=true, com.harman.mediacoreservice.action.SET_SURFACE=true, com.harman.media.harmanaudioplayer.service.ALWAYS_RESERVE_SPACE_FOR.ACTION_SKIP_TO_PREVIOUS=true, com.harman.media.action.SET_REPEAT=true}]
07-12 13:53:38.538  4838  4863 V E12_SOURCE: compareSessionToSource value:true
07-12 13:53:38.538  4838  4863 I E12_PLAYING: PlaybackModel.onPlayerStateChanged: android-app://com.harman.mediacoreservice/harmanandroidautoplayer/androidauto?device=ZD22277QY9
07-12 13:53:38.539  3701  3701 V MediaModeService: com.harman.mediamodeservice.lastmediasource.MediaBrowserConnector$11->onPlaybackStateChanged
07-12 13:53:38.539  3701  3701 I MediaModeService: <<HarmanAndroidAutoPlayer>> onPlaybackStateChanged:3
07-12 13:53:38.539  3701  3701 I MediaModeService: <<HarmanAndroidAutoPlayer.playstate>> get trigger Playing
07-12 13:53:38.539  3701  3701 I MediaModeService: <<LastMediaSourceManager.state>> get trigger PlayStateUpdate
07-12 13:53:38.539  3912  3912 D ExternalMediaServer: MediaSourceProvider : getCurrentPlayingSource: playbackState : PlaybackState {state=3, position=23000, buffered position=0, speed=0.0, updated=2389172, actions=3670011, error code=0, error message=null, custom actions=[], active item id=-1}
07-12 13:53:38.539  3912  3912 V ExternalMediaServer: Source : getPlayState :1
07-12 13:53:38.539  3912  3912 D ExternalMediaServer: SourceProvider : No Change in Playstate
07-12 13:53:38.539  3701  3701 V MediaModeService: com.harman.mediamodeservice.persistence.MediaModePersistence->getLastMediaSource
07-12 13:53:38.539  3701  3701 I MediaModeService: <<Persistence>> getTopSource SourceInfo{mName:com.harman.mediacoreservice/com.harman.mediacoreservice.harmanandroidautoplayer.HarmanAndroidAutoPlayer, mState:3, mExtra:Bundle[{SOURCE_KEY=android-app://com.harman.mediacoreservice/harmanandroidautoplayer/androidauto?device=ZD22277QY9}]}
07-12 13:53:38.539  3701  3701 V MediaModeService: com.harman.mediamodeservice.persistence.MediaModePersistence->updatePlayState
07-12 13:53:38.539  3701  3701 I MediaModeService: <<Persistence>> getTopSource SourceInfo{mName:com.harman.mediacoreservice/com.harman.mediacoreservice.harmanandroidautoplayer.HarmanAndroidAutoPlayer, mState:3, mExtra:Bundle[{SOURCE_KEY=android-app://com.harman.mediacoreservice/harmanandroidautoplayer/androidauto?device=ZD22277QY9}]}
07-12 13:53:38.540  3701  3833 I MediaModeService: <<Persistence>> updated sourceInfo :  SourceInfo{mName:com.harman.mediacoreservice/com.harman.mediacoreservice.harmanandroidautoplayer.HarmanAndroidAutoPlayer, mState:3, mExtra:Bundle[{SOURCE_KEY=android-app://com.harman.mediacoreservice/harmanandroidautoplayer/androidauto?device=ZD22277QY9}]}
07-12 13:53:38.541  3912  3912 D ExternalMediaServer: SourceProvider : onMetadataChange: source : ZD22277QY9
07-12 13:53:38.541  3912  3912 D ExternalMediaServer: SourceProvider : isSameMetaData previousMetadata: android.support.v4.media.MediaMetadataCompat@6428283 ; currentMetadata:android.support.v4.media.MediaMetadataCompat@f75083a
07-12 13:53:38.541  3912  3912 D ExternalMediaServer: SourceProvider : onMetadataChange : no change in metadata
07-12 13:53:38.542  4838  4863 I E12_WIDGET: WidgetManager no change in onPlaybackInfoChanged
07-12 13:53:38.542  4838  4880 I E12_WIDGET: EntertainmentHelper onPlaybackInfoChanged for source: ANDROID_AUTO mPlaybackState: 3
07-12 13:53:38.542  4838  4880 I E12_HELPER: E12HelperService onMetadataUpdate source: ANDROID_AUTO
07-12 13:53:38.544  3606  3881 V E12_SOURCE: processSourceSwitchAndNotify:motorola edge 30 id:android-app://com.harman.mediacoreservice/harmanandroidautoplayer/androidauto?device=ZD22277QY9
07-12 13:53:38.556  2446  2542 E libc    : Access denied finding property "persist.vendor.st.timemode"
07-12 13:53:38.607  2446  2542 E libc    : Access denied finding property "persist.vendor.st.timemode"
07-12 13:53:38.629   423  5139 I HarmanHal.Routing: hacs bus0_media_out :  ch[0]:0x3c6c; ch[1]:0x39f2; in printAudioSamplesInformation() AudioDump.cpp:378
07-12 13:53:38.629   423  5139 I HarmanHal.Routing: hacs pcmMedia_ll_p :  ch[0]:0x39c06000; ch[1]:0x39ad6000; in printAudioSamplesInformation() AudioDump.cpp:378
07-12 13:53:38.657  2446  2542 E libc    : Access denied finding property "persist.vendor.st.timemode"
07-12 13:53:38.689  1529  2349 D AapManager: AAManager__ AapCallbackHandler, msg = 19
07-12 13:53:38.690  2468  2486 V AapManager:  AaCarNavAppFocusManager  isAANavigationFocused: true
07-12 13:53:38.691  1529  2349 D AapManager: AaNavigationManager__isAAOwningFocus = true
07-12 13:53:38.691  1529  2349 D AapManager: AapClusterManager__navigationCurrentPositionCallback navigationCurrentPosition : NavigationCurrentPosition{stepDistance=NavigationStepDistance{distance=NavigationDistance{meters=0, displayValue='0', aapDistanceUnits=METERS}, timeToStepSeconds=0}, destinationDistance=[NavigationDestinationDistance{distance=NavigationDistance{meters=2715, displayValue='2.7', aapDistanceUnits=KILOMETERS_P1}, estimatedArrivalTime='4:53 pm', timeToArrivalSeconds=430}], navigationRoad=NavigationRoad{roadName=''}}
07-12 13:53:38.692  1529  2349 D AapManager: AapClusterManager__navigationCurrentPositionCallback aaNavigationStateAANavigationState{navigationSteps=[NavigationStep{navigationManeuver=NavigationManeuver{roundAboutExitNumber=0, roundAboutExitAngle=0, aapNavigationType=DEPART}, navigationRoad=NavigationRoad{roadName='7th Cross Rd'}, navigationLane=[], navigationCue=NavigationCue{alternateText=[7th Cross Rd towards Graphite India Main Rd / ITPL Main Rd / Kundalahalli Main Rd]}}], navigationDestinations=[NavigationDestination{address='Bengaluru, Karnataka'}]}
07-12 13:53:38.692  1529  2349 D AapManager: AapClusterManager__getETAInZonedDateTimeFormat for timeArrivalSeconds:430,zone:Asia/Kolkata,datetime:2023-07-12T14:00:48.692resultant zonedDateTime is:2023-07-12T14:00:48.692+05:30[Asia/Kolkata]
07-12 13:53:38.692  1529  2349 V AapManager: AapClusterManager__addDestinationDistanceToNavigationState : estimatedTimeOfArrival : 2023-07-12T14:00:48.692+05:30[Asia/Kolkata]
07-12 13:53:38.692  1529  2349 D AapManager: AapClusterManager__addManeuverToNavigationState maneuverType : DEPART
07-12 13:53:38.692  1529  2349 D AapManager: AapClusterManager__addManeuverToNavigationState mManTypeExtra : [NONE]
07-12 13:53:38.693  1529  2349 V AapManager: AapClusterManager__addStepsToNavigationState Distance needs to be added along with Manuever so commented here
