07-12 13:53:49.580  4838  4863 V E12_SOURCE: compareSessionToSource value:true
07-12 13:53:49.580  4838  4863 I E12_SOURCE: onPlaybackStateChanged received state: PlaybackState {state=3, position=34000, buffered position=0, speed=0.0, updated=2400204, actions=3670011, error code=0, error message=null, custom actions=[], active item id=-1}
07-12 13:53:49.580  4838  4863 V E12_SOURCE: mExtras:Bundle[{com.harman.media.harmanaudioplayer.service.ALWAYS_RESERVE_SPACE_FOR.ACTION_QUEUE=true, com.harman.media.action.FASTFORWARD=true, com.harman.media.action.SET_SHUFFLE=true, com.harman.media.action.FASTREWIND=true, android.media.session.BROWSE_SERVICE=com.harman.mediacoreservice.harmanandroidautoplayer.HarmanAndroidAutoPlayer, SOURCE_KEY=android-app://com.harman.mediacoreservice/harmanandroidautoplayer/androidauto?device=ZD22277QY9, com.harman.media.harmanaudioplayer.service.ALWAYS_RESERVE_SPACE_FOR.ACTION_SKIP_TO_NEXT=true, com.harman.mediacoreservice.action.SET_SURFACE=true, com.harman.media.harmanaudioplayer.service.ALWAYS_RESERVE_SPACE_FOR.ACTION_SKIP_TO_PREVIOUS=true, com.harman.media.action.SET_REPEAT=true}]
07-12 13:53:49.581  4838  4863 V E12_SOURCE: compareSessionToSource value:true
07-12 13:53:49.581  4838  4863 I E12_PLAYING: PlaybackModel.onPlayerStateChanged: android-app://com.harman.mediacoreservice/harmanandroidautoplayer/androidauto?device=ZD22277QY9
07-12 13:53:49.581  3701  3833 I MediaModeService: <<Persistence>> updated sourceInfo :  SourceInfo{mName:com.harman.mediacoreservice/com.harman.mediacoreservice.harmanandroidautoplayer.HarmanAndroidAutoPlayer, mState:3, mExtra:Bundle[{SOURCE_KEY=android-app://com.harman.mediacoreservice/harmanandroidautoplayer/androidauto?device=ZD22277QY9}]}
07-12 13:53:49.582  3606  3881 V E12_SOURCE: processSourceSwitchAndNotify:motorola edge 30 id:android-app://com.harman.mediacoreservice/harmanandroidautoplayer/androidauto?device=ZD22277QY9
07-12 13:53:49.585  4838  4863 I E12_WIDGET: WidgetManager no change in onPlaybackInfoChanged
07-12 13:53:49.585  4838  4880 I E12_WIDGET: EntertainmentHelper onPlaybackInfoChanged for source: ANDROID_AUTO mPlaybackState: 3
07-12 13:53:49.585  4838  4880 I E12_HELPER: E12HelperService onMetadataUpdate source: ANDROID_AUTO
07-12 13:53:49.622  2446  2542 E libc    : Access denied finding property "persist.vendor.st.timemode"
07-12 13:53:49.656 15189 15189 I SERVICE_HANDLER: [com.harman.drivenext.service.handler.ServiceHandler.sendData] 
07-12 13:53:49.673  2446  2542 E libc    : Access denied finding property "persist.vendor.st.timemode"
07-12 13:53:49.718   274   274 E SELinux : avc:  denied  { find } for pid=5267 uid=1001000 name=SurfaceFlinger scontext=u:r:apprepetition_system_app:s0 tcontext=u:object_r:surfaceflinger_service:s0 tclass=service_manager permissive=0
07-12 13:53:49.718  5267  8197 I ServiceManager: Waiting for service 'SurfaceFlinger' on '/dev/binder'...
07-12 13:53:49.725  2446  2542 E libc    : Access denied finding property "persist.vendor.st.timemode"
07-12 13:53:49.746  3912 17663 D ExternalMediaServer: SourceProvider :  TimerTask Source : Source{mIsPlayable=false, mIsBrowsable=false, mDevId='ZD22277QY9', mName='motorola edge 30', mType=12, mScanStatus=0, mSerialNumber='', mVendorNumber='', mProductNumber='', mPortIndex=0, isSupported=true, isConnected=true, isSearchSupported=false, mZoneId=0, mReadyToPlay=0, mContentType=0, mPosition=33000, mPlaystate=1, mIsActive=true, mRepeatMode=2, mShuffleMode=1} PlaybackPosition : 34000
07-12 13:53:49.747  3912 17663 V ExternalMediaServer: SourceProvider : notifyPlayPositionChange : Source{mIsPlayable=false, mIsBrowsable=false, mDevId='ZD22277QY9', mName='motorola edge 30', mType=12, mScanStatus=0, mSerialNumber='', mVendorNumber='', mProductNumber='', mPortIndex=0, isSupported=true, isConnected=true, isSearchSupported=false, mZoneId=0, mReadyToPlay=0, mContentType=0, mPosition=34000, mPlaystate=1, mIsActive=true, mRepeatMode=2, mShuffleMode=1}
07-12 13:53:49.747  3912  4075 I ExternalMediaServer: EWClient : handleMessage : sourceId : ZD22277QY9Data: Bundle[{sourceID=ZD22277QY9}]
07-12 13:53:49.747  3912  4076 D ExternalMediaServer: TsrClient : notifyPlayPositionChange : sourceId = ZD22277QY9 mActiveSource = Source{mIsPlayable=false, mIsBrowsable=false, mDevId='64:11:A4:8D:85:A9', mName='motorola edge 30', mType=3, mScanStatus=0, mSerialNumber='', mVendorNumber='', mProductNumber='', mPortIndex=-1, isSupported=true, isConnected=false, isSearchSupported=false, mZoneId=0, mReadyToPlay=0, mContentType=0, mPosition=155361, mPlaystate=7, mIsActive=true, mRepeatMode=0, mShuffleMode=0}
07-12 13:53:49.747  3912  4075 D ExternalMediaServer: :void adapter::notifyPlayPositionChangeNative(JNIEnv *, jobject, jbyteArray):
07-12 13:53:49.747  3912  4075 D ExternalMediaServer: :void adapter::MediaSourceAdapterJNI::onPlayTimeChange():
07-12 13:53:49.747  3912  4075 V ExternalMediaServer: JNIThreadAttacher: status :  0
07-12 13:53:49.747  3912  4075 V ExternalMediaServer: Source : getPosition :34000
07-12 13:53:49.747  3912  4075 V ExternalMediaServer: ~JavaVMAttachThread ::
07-12 13:53:49.747  3912  4075 V ExternalMediaServer: std::string adapter::MediaSourceAdapterJNI::CallObjectMethodReturnString(jobject, jmethodID, int)
07-12 13:53:49.747  3912  4075 V ExternalMediaServer: JNIThreadAttacher: status :  0
07-12 13:53:49.747  3912  4075 V ExternalMediaServer: Source : getMetaData for Field : 9
07-12 13:53:49.747  3912  4075 V ExternalMediaServer: ~JavaVMAttachThread ::
07-12 13:53:49.747  3912  4075 I ExternalMediaServer: virtual void EWMediaPluginCallback::onPlayTimeChange(sPlayTime &):: Zoneid 0,CurrentPlayPosition 34000 Total Duration 261000
07-12 13:53:49.747  3912  4075 D ExternalMediaServer: virtual void MediaDeviceNotifierHandler::onPlayTimeChange(const MediaTypesSAPILow::PlayTime &, const uint8_t &)
07-12 13:53:49.747  3912  4075 D ExternalMediaServer: virtual void MediaClientDeviceCallback::onPlayTimeChange(const MediaTypesSAPILow::PlayTime &, const uint8_t &) connection status: 1
07-12 13:53:49.747  3912  4075 D ExternalMediaServer: virtual void MediaClientDeviceCallback::onPlayTimeChange(const MediaTypesSAPILow::PlayTime &, const uint8_t &) CurrTime :34 ..totalDur: 261
07-12 13:53:49.747  3912  4075 D EWInfra : JNIAdapter::setAttributeValue:serviceURI:v2_com.harman.atlas.media.MediaClient_MediaServer.clusterClientInstance attribute:playTime payload:{"playTime":{"deviceId":"ZD22277QY9","zoneId":0,"currTime":34,"totalDuration":261}}
07-12 13:53:49.747  3912  4075 D EWInfra :  JNIMediaClientEWServer::setAttributeValue playTime
07-12 13:53:49.747  3912  4075 D EWInfra :  JNIMediaClientEWServer::setPlayTime
07-12 13:53:49.747  3912  4075 D EWInfra :  JNIMediaClientEWServer::sendUpdatePlayTime
07-12 13:53:49.747  3912  4075 D EWInfra :  JNIMediaClientEWServer::getPlayTime
07-12 13:53:49.748  1944  1966 D EWService: EWAIDLTransport::sendSignal serverID: 37 interfaceURI: v2_com.harman.atlas.media.MediaClient_MediaServer.clusterClientInstance signalName: playTime status code: 0 data payload: {"playTime":{"deviceId":"ZD22277QY9","zoneId":0,"currTime":34,"totalDuration":261}} data errorCode: 0
07-12 13:53:49.748  1944  2097 D EWService: EWServiceHandler::run commandType: sendSignal
07-12 13:53:49.748  1944  2097 D EWService: EWServiceHandler::processSendSignal
07-12 13:53:49.748  1944  2097 D EWService: ServiceRegistry::getClient clientID: 3
07-12 13:53:49.748  1944  2097 D EWService: EWStableAidlClientCB::onUpdate signalName: playTime mGatewayData payload: {"playTime":{"deviceId":"ZD22277QY9","zoneId":0,"currTime":34,"totalDuration":261}} mGatewayData errorCode: 0
07-12 13:53:49.749  3912  4075 D ExternalMediaServer: onPlayPositionChange: pos: 34000 duration: 261000
07-12 13:53:49.749  3912  4075 D ExternalMediaServer: PlayPosition changed for sourceId: ZD22277QY9
07-12 13:53:49.749   726   726 D vendor.harman.frameworks.ewgateway@0.0-service: StableAidlClient::onEventUpdate() ClientID : 3 Signal Name: playTime
07-12 13:53:49.749   726   726 D vendor.harman.frameworks.ewgateway@0.0-service: MediaClientServerImpl::processResponse() Method Name: playTime Payload: {"playTime":{"deviceId":"ZD22277QY9","zoneId":0,"currTime":34,"totalDuration":261}}17
07-12 13:53:49.749   726   726 D vendor.harman.frameworks.ewgateway@0.0-service: MediaClientServerImpl::processResponse:: playTime SAPIRead successful, Payload : {"playTime":{"deviceId":"ZD22277QY9","zoneId":0,"currTime":34,"totalDuration":261}}
07-12 13:53:49.750   726   726 I vendor.harman.frameworks.ewgateway@0.0-service: MediaClientServerImpl::processResponse(), set_playTime is called 
07-12 13:53:49.750   726   726 D vendor.harman.frameworks.ewgateway@0.0-service: StableAidlClient::onEventUpdate():clusterClientInstance: event update sent for clientID : 3 signalName : playTime
07-12 13:53:49.753   444 15099 I VPS     : VPS:IOCStatusInfo.VoltageStatus->0 
07-12 13:53:49.753   444 15099 I VPS     : VPS:IOCStatusInfo.IOCStatusCmd->a6 
07-12 13:53:49.753   444 15099 I VPS     : VPS:IOCStatusInfo.WakeUpReason->e 
07-12 13:53:49.753   444 15099 I VPS     : VPS:IOCStatusInfo.DerivedIgnitionStatus->0 
07-12 13:53:49.753   444 15099 I VPS     : VPS:IOCStatusInfo.PowerModeState->4 
07-12 13:53:49.753   444 15099 I VPS     : VPS:IOCStatusInfo.SOCShutdownRequest->0 
07-12 13:53:49.753   444 15099 I VPS     : VPS:IOCStatusInfo.AntiTheftState->0 
07-12 13:53:49.753   444 15099 I VPS     : VPS:IOCStatusInfo.BatteryConnect->0 
07-12 13:53:49.773  1975  2103 I android_os_HwBinder: HwBinder: Starting thread pool for getting: vendor.harman.hardware.usb.gadgetext@1.0::IUsbGadgetExt/default
07-12 13:53:49.775  2446  2542 E libc    : Access denied finding property "persist.vendor.st.timemode"
07-12 13:52:06.571     0     0 I init    : starting service 'socat_qxdm'...
07-12 13:52:06.575     0     0 E init    : cannot execv('/vendor/bin/socat'). See the 'Debugging init' section of init's README.md for tips: Permission denied
07-12 13:53:48.717   274   274 I chatty  : uid=1000(system) /system/bin/servicemanager identical 5 lines
07-12 13:53:49.718   274   274 I auditd  : avc:  denied  { find } for pid=5267 uid=1001000 name=SurfaceFlinger scontext=u:r:apprepetition_system_app:s0 tcontext=u:object_r:surfaceflinger_service:s0 tclass=service_manager permissive=0
07-12 13:53:49.832 18135 18135 I auditd  : type=1400 audit(0.0:1287): avc: denied { entrypoint } for comm="init" path="/vendor/bin/socat" dev="dm-9" ino=312 scontext=u:r:socat:s0 tcontext=u:object_r:vendor_file:s0 tclass=file permissive=0
07-12 13:53:49.827  2446  2542 E libc    : Access denied finding property "persist.vendor.st.timemode"
07-12 13:53:49.832 18135 18135 W init    : type=1400 audit(0.0:1287): avc: denied { entrypoint } for path="/vendor/bin/socat" dev="dm-9" ino=312 scontext=u:r:socat:s0 tcontext=u:object_r:vendor_file:s0 tclass=file permissive=0
07-12 13:52:06.577     0     0 I init    : Service 'socat_qxdm' (pid 18135) exited with status 127
07-12 13:52:06.577     0     0 I init    : Sending signal 9 to service 'socat_qxdm' (pid 18135) process group...
07-12 13:52:06.578     0     0 I libprocessgroup: Successfully killed process cgroup uid 0 pid 18135 in 0ms
07-12 13:53:49.856   446   446 E HARMAN_LOCATION: log_as_hex: $SAT_ length too long (1336)
07-12 13:53:49.858   446   446 E HARMAN_LOCATION: $ERR due to untrusted GNSS, calibration procedure been set from scratch
07-12 13:53:49.878  2446  2542 E libc    : Access denied finding property "persist.vendor.st.timemode"
07-12 13:53:49.879   542   542 E eth_check: Error !!! ethernet interface is not valid
07-12 13:53:49.929  2446  2542 E libc    : Access denied finding property "persist.vendor.st.timemode"
07-12 13:53:49.980  2446  2542 E libc    : Access denied finding property "persist.vendor.st.timemode"
07-12 13:53:50.027  1529 15330 E AapManager: AapManager_RfCommConnectionBluetoothConnection startReadingMessages: 8
07-12 13:53:50.028  1529 15375 D AapManager: AapManager_RfCommConnection Stopping WiFi Ping request timer
07-12 13:53:50.030  1529 15375 D AapManager: AapManager_RfCommConnection Wifi Ping Request Timer started.
07-12 13:53:50.031  1529 15330 D AapManager: AapManager_RfCommConnectiontimeStamp : 1689246997081
07-12 13:53:50.031  2446  2542 E libc    : Access denied finding property "persist.vendor.st.timemode"
07-12 13:53:50.045   597   597 I evs_hal_client: ais_initialize:1282 HIGH AIS CLIENT START 407
07-12 13:53:50.045   597   597 I evs_hal_client: ais_conn_open_hv:83 HIGH E 0x7fc4f70520 0 1
07-12 13:53:50.045   597   597 I evs_hal_client: ais_conn_open_hv:102 HIGH X 0x7fc4f70520 0 1 0
07-12 13:53:50.046   597   597 I uhab    : habmm_socket_open: opened fd 12, refcnt 1, return 0, vcid c900001
07-12 13:53:50.046   597   597 I evs_hal_client: ais_conn_close_hv:116 HIGH E 0x7fc4f70520
07-12 13:53:50.047   597   597 I uhab    : habmm_socket_close: close fd 12, refcnt 0, vcid C900001
07-12 13:53:50.047   597   597 I evs_hal_client: ais_conn_close_hv:154 HIGH X 0x7fc4f70520 0
07-12 13:53:50.047   597   597 I evs_hal_client: ais_conn_open_hv:83 HIGH E 0x7b998d8950 4 1
07-12 13:53:50.047   597   597 I evs_hal_client: ais_conn_open_hv:102 HIGH X 0x7b998d8950 4 1 0
07-12 13:53:50.047   597   597 I uhab    : habmm_socket_open: opened fd 12, refcnt 1, return 0, vcid c900001
07-12 13:53:50.047   597   597 I evs_hal_client: ais_conn_open_hv:83 HIGH E 0x7b998d8ec0 3 1
07-12 13:53:50.047   597   597 I evs_hal_client: ais_conn_open_hv:102 HIGH X 0x7b998d8ec0 3 1 0
07-12 13:53:50.048   597   597 I uhab    : habmm_socket_open: opened fd 12, refcnt 2, return 0, vcid c900002
07-12 13:53:50.048   597   597 E MM_OSAL : MM_Thread_CreateEx::thread 0x519813463232 created with stack 1015808 bytes
07-12 13:53:50.048   597   597 E MM_OSAL : MM_Thread_CreateEx::thread 0x519794883776 created with stack 1015808 bytes
07-12 13:53:50.049   597   597 E MM_OSAL : MM_Thread_CreateEx::thread 0x519777066176 created with stack 1015808 bytes
07-12 13:53:50.050   597   597 E EvsHal  : Failed qcarcam_query_inputs number of inputs=0 ret=0
07-12 13:53:50.050   597   597 E EvsHal  : Found 0 qualified video capture devices found
07-12 13:53:50.050   597   597 I evs_hal_client: ais_client_destroy:999 HIGH E 0
07-12 13:53:50.050   597   597 I evs_hal_client: ais_conn_close_hv:116 HIGH E 0x7b998d8ec0
07-12 13:53:50.050   597 18137 I uhab    : habmm_socket_recv: fd 12, return -19, received bytes 0, vcid C900002
07-12 13:53:50.050   597 18137 E evs_hal_client: ais_conn_recv_hv:416 ERR 0x7b998d8ec0 -19 19 1
07-12 13:53:50.050   597 18137 E evs_hal_client: ais_conn_recv_hv:431 ERR X 0x7b998d8ec0 0x79074bfb00 0x79074bfafc | 264 250 -4
07-12 13:53:50.050   597 18137 E evs_hal_client: ais_client_event_recv_thread:467 ERR aborting event thread due to error -4
07-12 13:53:50.050   597   597 I uhab    : habmm_socket_close: skip close fd 12, refcnt 1, vcid C900002
07-12 13:53:50.050   597   597 I evs_hal_client: ais_conn_close_hv:154 HIGH X 0x7b998d8ec0 0
07-12 13:53:50.053   597   597 I evs_hal_client: ais_conn_close_hv:116 HIGH E 0x7b998d8be0
07-12 13:53:50.053   597   597 I evs_hal_client: ais_conn_close_hv:154 HIGH X 0x7b998d8be0 0
07-12 13:53:50.053   597   597 I evs_hal_client: ais_conn_close_hv:116 HIGH E 0x7b998d8950
07-12 13:53:50.053   597   597 I uhab    : habmm_socket_close: close fd 12, refcnt 0, vcid C900001
07-12 13:53:50.053   597   597 I evs_hal_client: ais_conn_close_hv:154 HIGH X 0x7b998d8950 0
07-12 13:53:50.053   598   932 E evsSVLiteApp_harman: Error: only 0 of 4 cameras found!
07-12 13:53:50.055   597   597 W EvsHal  : Got a frame returned while not visible - ignoring.
07-12 13:53:50.081  2446  2542 E libc    : Access denied finding property "persist.vendor.st.timemode"
07-12 13:53:50.132  2446  2542 E libc    : Access denied finding property "persist.vendor.st.timemode"
07-12 13:53:50.163 15189 15189 I SERVICE_HANDLER: [com.harman.drivenext.service.handler.ServiceHandler.sendData] 
07-12 13:53:50.179   542   542 E eth_check: Error !!! ethernet interface is not valid
07-12 13:53:50.186  2446  2542 E libc    : Access denied finding property "persist.vendor.st.timemode"
07-12 13:53:50.223   598 15111 E evsSVLiteApp_harman: get camera stream handler failed
07-12 13:53:50.223   598 15111 I chatty  : uid=0(root) HwBinder:598_1 identical 2 lines
07-12 13:53:50.223   598 15111 E evsSVLiteApp_harman: get camera stream handler failed
07-12 13:53:50.237  2446  2542 E libc    : Access denied finding property "persist.vendor.st.timemode"
07-12 13:53:47.439   943  3175 I chatty  : uid=1000(system) AdbDebuggingMan identical 1 line
07-12 13:53:49.442   943  3175 E AdbDebuggingManager: Caught an exception opening the socket: java.io.IOException: No such file or directory
07-12 13:53:50.402   441   509 I KPI_Marker: [537.618192] [DiagnosticHal] gpioCallBack: continous Over current change count 10 gpioNumber:386 gpioValue_previous: 0 value: 0
07-12 13:53:50.338  2446  2542 I chatty  : uid=1000(system) kdThreadHandler identical 2 lines
07-12 13:53:50.391  2446  2542 E libc    : Access denied finding property "persist.vendor.st.timemode"
07-12 13:53:50.431   448   522 I pathology: RAM Usage: Total RAM: 4199559168 bytes, Free RAM: 288862208 bytes (Total RAM: 4101132 kb, Free RAM: 282092 kb) Current system RAM usage: 93%
07-12 13:53:50.442  2446  2542 E libc    : Access denied finding property "persist.vendor.st.timemode"
07-12 13:53:50.480   542   542 E eth_check: Error !!! ethernet interface is not valid
07-12 13:53:50.494  2446  2542 E libc    : Access denied finding property "persist.vendor.st.timemode"
07-12 13:53:50.537  1529  1529 D AapManager: AASensorManager__ CarPropertyEventCallback onChangeEvent sendCarPropertyChangeEvent : 291504647
07-12 13:53:50.537  1529  1529 V AapManager: AASensorManager__ onChangeEvent() getPropertyId: 291504647speed 0.0
07-12 13:53:50.545  2446  2542 E libc    : Access denied finding property "persist.vendor.st.timemode"
07-12 13:53:50.570  1529 17574 D AapManager: AapManager: [mediaPlaybackStatusUpdate:294] : calling java method of mediaPlaybackStatusUpdate
07-12 13:53:50.570  1529 17574 D AapManager: AAManager__mediaPlaybackStatusUpdate: State=2, mediaSource=Spotify, elapsedTime=35, isShuffleOn=false, isRepeatOn =false, isRepeatSong=false
07-12 13:53:50.571  1529  2349 D AapManager: AAManager__ AapCallbackHandler, msg = 10
07-12 13:53:50.571  4133  4480 D MediaCoreService: AndroidAutoAdapter__onMediaPlaybackStatusCallback : playbackStatus = PlaybackState {state=3, position=35, buffered position=0, speed=0.0, updated=2401204, actions=0, custom actions=[], active item id=-1, error=null}
07-12 13:53:50.572  1529  1556 D AapManager: AAManager__mAAServiceBinder: getConnectedDevSerialNumber
07-12 13:53:50.572  4133  4480 D MediaCoreService: AndroidAutoAdapter__getConnectedDevSerialNumber: number = ZD22277QY9
07-12 13:53:50.572  4133  4480 D MediaCoreService: AndroidAutoPlayer__notifyPlaybackStatusChanged : playbackState = PlaybackState {state=3, position=35, buffered position=0, speed=0.0, updated=2401204, actions=0, custom actions=[], active item id=-1, error=null}
07-12 13:53:50.573  4133  4480 D MediaCoreService: HarmanAndroidAutoPlayerAdapter__onPlaybackChanged playbackstate:PlaybackState {state=3, position=35000, buffered position=0, speed=0.0, updated=2401204, actions=3670011, error code=0, error message=null, custom actions=[], active item id=-1}
07-12 13:53:50.573  4133  4480 D MediaCoreService: Utils__displayActions : ===== begin =====
07-12 13:53:50.573  4133  4480 D MediaCoreService: Utils__displayActions : [0] : ACTION_STOP
07-12 13:53:50.573  4133  4480 D MediaCoreService: Utils__displayActions : [1] : ACTION_PAUSE
07-12 13:53:50.573  4133  4480 D MediaCoreService: Utils__displayActions : [3] : ACTION_REWIND
07-12 13:53:50.573  4133  4480 D MediaCoreService: Utils__displayActions : [4] : ACTION_SKIP_TO_PREVIOUS
07-12 13:53:50.573  4133  4480 D MediaCoreService: Utils__displayActions : [5] : ACTION_SKIP_TO_NEXT
07-12 13:53:50.573  4133  4480 D MediaCoreService: Utils__displayActions : [6] : ACTION_FAST_FORWARD
07-12 13:53:50.573  4133  4480 D MediaCoreService: Utils__displayActions : [7] : ACTION_SET_RATING
07-12 13:53:50.573  4133  4480 D MediaCoreService: Utils__displayActions : [8] : ACTION_SEEK_TO
07-12 13:53:50.573  4133  4480 D MediaCoreService: Utils__displayActions : [9] : ACTION_PLAY_PAUSE
07-12 13:53:50.573  4133  4480 D MediaCoreService: Utils__displayActions : [10] : ACTION_PLAY_FROM_MEDIA_ID
07-12 13:53:50.573  4133  4480 D MediaCoreService: Utils__displayActions : [11] : ACTION_PLAY_FROM_SEARCH
07-12 13:53:50.573  4133  4480 D MediaCoreService: Utils__displayActions : [12] : ACTION_SKIP_TO_QUEUE_ITEM
07-12 13:53:50.573  4133  4480 D MediaCoreService: Utils__displayActions : [13] : ACTION_PLAY_FROM_URI
07-12 13:53:50.573  4133  4480 D MediaCoreService: Utils__displayActions : [14] : ACTION_PREPARE
07-12 13:53:50.573  4133  4480 D MediaCoreService: Utils__displayActions : [15] : ACTION_PREPARE_FROM_MEDIA_ID
07-12 13:53:50.573  4133  4480 D MediaCoreService: Utils__displayActions : [16] : ACTION_PREPARE_FROM_SEARCH
07-12 13:53:50.573  4133  4480 D MediaCoreService: Utils__displayActions : [17] : ACTION_PREPARE_FROM_URI
07-12 13:53:50.573  4133  4480 D MediaCoreService: Utils__displayActions : [18] : ACTION_SET_REPEAT_MODE
07-12 13:53:50.573  4133  4480 D MediaCoreService: Utils__displayActions : [20] : ACTION_SET_CAPTION_ENABLED
07-12 13:53:50.573  4133  4480 D MediaCoreService: Utils__displayActions : [21] : ACTION_SET_SHUFFLE_MODE
07-12 13:53:50.573  4133  4480 D MediaCoreService: Utils__displayActions : ===== end  ======
07-12 13:53:50.573  4133  4480 D MediaCoreService: HarmanAndroidAutoPlayerAdapter__notifyPlaybackState : playbackstate = PlaybackState {state=3, position=35000, buffered position=0, speed=0.0, updated=2401204, actions=3670011, error code=0, error message=null, custom actions=[], active item id=-1}
07-12 13:53:50.573  3912  3912 D ExternalMediaServer: SessionPlayer : onPlaybackStateChanged PlaybackState {state=3, position=35000, buffered position=0, speed=0.0, updated=2401204, actions=3670011, error code=0, error message=null, custom actions=[], active item id=-1}
07-12 13:53:50.573  3912  3912 D ExternalMediaServer: MediaSourceProvider : onPlaybackStateChanged Bundle : Bundle[mParcelledData.dataSize=224]
07-12 13:53:50.574  3912  3912 I ExternalMediaServer: SourceProvider : onPlaybackStateChanged source : ZD22277QY9State : 1
07-12 13:53:50.575  3912  3912 D ExternalMediaServer: MediaSourceProvider : getCurrentPlayingSource: playbackState : PlaybackState {state=3, position=35000, buffered position=0, speed=0.0, updated=2401208, actions=3670011, error code=0, error message=null, custom actions=[], active item id=-1}
07-12 13:53:50.575  3912  3912 V ExternalMediaServer: Source : getPlayState :1
07-12 13:53:50.575  3912  3912 D ExternalMediaServer: SourceProvider : No Change in Playstate
07-12 13:53:50.576  4838  4863 I E12_SOURCE: onPlaybackStateChanged received state: PlaybackState {state=3, position=35000, buffered position=0, speed=0.0, updated=2401204, actions=3670011, error code=0, error message=null, custom actions=[], active item id=-1}
07-12 13:53:50.576  3606  3881 I E12_SOURCE: onPlaybackStateChanged received state: PlaybackState {state=3, position=35000, buffered position=0, speed=0.0, updated=2401204, actions=3670011, error code=0, error message=null, custom actions=[], active item id=-1}
07-12 13:53:50.576  4838  4863 V E12_SOURCE: mExtras:Bundle[{com.harman.media.harmanaudioplayer.service.ALWAYS_RESERVE_SPACE_FOR.ACTION_QUEUE=true, com.harman.media.action.FASTFORWARD=true, com.harman.media.action.SET_SHUFFLE=true, com.harman.media.action.FASTREWIND=true, android.media.session.BROWSE_SERVICE=com.harman.mediacoreservice.harmanandroidautoplayer.HarmanAndroidAutoPlayer, SOURCE_KEY=android-app://com.harman.mediacoreservice/harmanandroidautoplayer/androidauto?device=ZD22277QY9, com.harman.media.harmanaudioplayer.service.ALWAYS_RESERVE_SPACE_FOR.ACTION_SKIP_TO_NEXT=true, com.harman.mediacoreservice.action.SET_SURFACE=true, com.harman.media.harmanaudioplayer.service.ALWAYS_RESERVE_SPACE_FOR.ACTION_SKIP_TO_PREVIOUS=true, com.harman.media.action.SET_REPEAT=true}]
07-12 13:53:50.576  3606  3881 V E12_SOURCE: mExtras:Bundle[{com.harman.media.harmanaudioplayer.service.ALWAYS_RESERVE_SPACE_FOR.ACTION_QUEUE=true, com.harman.media.action.FASTFORWARD=true, com.harman.media.action.SET_SHUFFLE=true, com.harman.media.action.FASTREWIND=true, android.media.session.BROWSE_SERVICE=com.harman.mediacoreservice.harmanandroidautoplayer.HarmanAndroidAutoPlayer, SOURCE_KEY=android-app://com.harman.mediacoreservice/harmanandroidautoplayer/androidauto?device=ZD22277QY9, com.harman.media.harmanaudioplayer.service.ALWAYS_RESERVE_SPACE_FOR.ACTION_SKIP_TO_NEXT=true, com.harman.mediacoreservice.action.SET_SURFACE=true, com.harman.media.harmanaudioplayer.service.ALWAYS_RESERVE_SPACE_FOR.ACTION_SKIP_TO_PREVIOUS=true, com.harman.media.action.SET_REPEAT=true}]
07-12 13:53:50.576  3606  3881 V E12_SOURCE: compareSessionToSource value:true
07-12 13:53:50.576  3606  3881 I E12_PLAYING: Player state changed for source pkg - com.harman.mediacoreservice & current play-state is - 3
07-12 13:53:50.576  3912  3912 D ExternalMediaServer: SourceProvider : onMetadataChange: source : ZD22277QY9
07-12 13:53:50.576  4838  4863 V E12_SOURCE: compareSessionToSource value:true
07-12 13:53:50.576  4838  4863 I E12_PLAYING: PlaybackModel.onPlayerStateChanged: android-app://com.harman.mediacoreservice/harmanandroidautoplayer/androidauto?device=ZD22277QY9
07-12 13:53:50.576  3912  3912 D ExternalMediaServer: SourceProvider : isSameMetaData previousMetadata: android.support.v4.media.MediaMetadataCompat@6428283 ; currentMetadata:android.support.v4.media.MediaMetadataCompat@42c37de
07-12 13:53:50.576  3912  3912 D ExternalMediaServer: SourceProvider : onMetadataChange : no change in metadata
07-12 13:53:50.578  4838  4863 I E12_SOURCE: onPlaybackStateChanged received state: PlaybackState {state=3, position=35000, buffered position=0, speed=0.0, updated=2401204, actions=3670011, error code=0, error message=null, custom actions=[], active item id=-1}
07-12 13:53:50.578  3701  3701 V MediaModeService: com.harman.mediamodeservice.lastmediasource.MediaBrowserConnector$11->onPlaybackStateChanged
07-12 13:53:50.578  3701  3701 I MediaModeService: <<HarmanAndroidAutoPlayer>> onPlaybackStateChanged:3
07-12 13:53:50.578  3701  3701 I MediaModeService: <<HarmanAndroidAutoPlayer.playstate>> get trigger Playing
07-12 13:53:50.578  4838  4863 V E12_SOURCE: mExtras:Bundle[{com.harman.media.harmanaudioplayer.service.ALWAYS_RESERVE_SPACE_FOR.ACTION_QUEUE=true, com.harman.media.action.FASTFORWARD=true, com.harman.media.action.SET_SHUFFLE=true, com.harman.media.action.FASTREWIND=true, android.media.session.BROWSE_SERVICE=com.harman.mediacoreservice.harmanandroidautoplayer.HarmanAndroidAutoPlayer, SOURCE_KEY=android-app://com.harman.mediacoreservice/harmanandroidautoplayer/androidauto?device=ZD22277QY9, com.harman.media.harmanaudioplayer.service.ALWAYS_RESERVE_SPACE_FOR.ACTION_SKIP_TO_NEXT=true, com.harman.mediacoreservice.action.SET_SURFACE=true, com.harman.media.harmanaudioplayer.service.ALWAYS_RESERVE_SPACE_FOR.ACTION_SKIP_TO_PREVIOUS=true, com.harman.media.action.SET_REPEAT=true}]
07-12 13:53:50.578  3701  3701 I MediaModeService: <<LastMediaSourceManager.state>> get trigger PlayStateUpdate
07-12 13:53:50.578  4838  4863 V E12_SOURCE: compareSessionToSource value:true
07-12 13:53:50.578  3701  3701 V MediaModeService: com.harman.mediamodeservice.persistence.MediaModePersistence->getLastMediaSource
07-12 13:53:50.578  3701  3701 I MediaModeService: <<Persistence>> getTopSource SourceInfo{mName:com.harman.mediacoreservice/com.harman.mediacoreservice.harmanandroidautoplayer.HarmanAndroidAutoPlayer, mState:3, mExtra:Bundle[{SOURCE_KEY=android-app://com.harman.mediacoreservice/harmanandroidautoplayer/androidauto?device=ZD22277QY9}]}
07-12 13:53:50.578  3606  3881 V E12_SOURCE: processSourceSwitchAndNotify:motorola edge 30 id:android-app://com.harman.mediacoreservice/harmanandroidautoplayer/androidauto?device=ZD22277QY9
07-12 13:53:50.578  3701  3701 V MediaModeService: com.harman.mediamodeservice.persistence.MediaModePersistence->updatePlayState
07-12 13:53:50.578  3701  3701 I MediaModeService: <<Persistence>> getTopSource SourceInfo{mName:com.harman.mediacoreservice/com.harman.mediacoreservice.harmanandroidautoplayer.HarmanAndroidAutoPlayer, mState:3, mExtra:Bundle[{SOURCE_KEY=android-app://com.harman.mediacoreservice/harmanandroidautoplayer/androidauto?device=ZD22277QY9}]}
07-12 13:53:50.578  4838  4863 I E12_WIDGET: WidgetManager no change in onPlaybackInfoChanged
07-12 13:53:50.578  4838  4880 I E12_WIDGET: EntertainmentHelper onPlaybackInfoChanged for source: ANDROID_AUTO mPlaybackState: 3
07-12 13:53:50.578  4838  4880 I E12_HELPER: E12HelperService onMetadataUpdate source: ANDROID_AUTO
07-12 13:53:50.579  3701  3833 I MediaModeService: <<Persistence>> updated sourceInfo :  SourceInfo{mName:com.harman.mediacoreservice/com.harman.mediacoreservice.harmanandroidautoplayer.HarmanAndroidAutoPlayer, mState:3, mExtra:Bundle[{SOURCE_KEY=android-app://com.harman.mediacoreservice/harmanandroidautoplayer/androidauto?device=ZD22277QY9}]}
07-12 13:53:50.597  2446  2542 E libc    : Access denied finding property "persist.vendor.st.timemode"
07-12 13:53:50.649  2446  2542 E libc    : Access denied finding property "persist.vendor.st.timemode"
07-12 13:53:50.669 15189 15189 I SERVICE_HANDLER: [com.harman.drivenext.service.handler.ServiceHandler.sendData] 
07-12 13:53:50.700  2446  2542 E libc    : Access denied finding property "persist.vendor.st.timemode"
07-12 13:53:50.719   274   274 E SELinux : avc:  denied  { find } for pid=5267 uid=1001000 name=SurfaceFlinger scontext=u:r:apprepetition_system_app:s0 tcontext=u:object_r:surfaceflinger_service:s0 tclass=service_manager permissive=0
07-12 13:53:50.720   274   274 I auditd  : avc:  denied  { find } for pid=5267 uid=1001000 name=SurfaceFlinger scontext=u:r:apprepetition_system_app:s0 tcontext=u:object_r:surfaceflinger_service:s0 tclass=service_manager permissive=0
07-12 13:53:50.720  5267  8197 I ServiceManager: Waiting for service 'SurfaceFlinger' on '/dev/binder'...
07-12 13:53:50.744  3912 17663 D ExternalMediaServer: SourceProvider :  TimerTask Source : Source{mIsPlayable=false, mIsBrowsable=false, mDevId='ZD22277QY9', mName='motorola edge 30', mType=12, mScanStatus=0, mSerialNumber='', mVendorNumber='', mProductNumber='', mPortIndex=0, isSupported=true, isConnected=true, isSearchSupported=false, mZoneId=0, mReadyToPlay=0, mContentType=0, mPosition=34000, mPlaystate=1, mIsActive=true, mRepeatMode=2, mShuffleMode=1} PlaybackPosition : 35000
07-12 13:53:50.746  3912 17663 V ExternalMediaServer: SourceProvider : notifyPlayPositionChange : Source{mIsPlayable=false, mIsBrowsable=false, mDevId='ZD22277QY9', mName='motorola edge 30', mType=12, mScanStatus=0, mSerialNumber='', mVendorNumber='', mProductNumber='', mPortIndex=0, isSupported=true, isConnected=true, isSearchSupported=false, mZoneId=0, mReadyToPlay=0, mContentType=0, mPosition=35000, mPlaystate=1, mIsActive=true, mRepeatMode=2, mShuffleMode=1}
07-12 13:53:50.746  3912  4075 I ExternalMediaServer: EWClient : handleMessage : sourceId : ZD22277QY9Data: Bundle[{sourceID=ZD22277QY9}]
07-12 13:53:50.746  3912  4075 D ExternalMediaServer: :void adapter::notifyPlayPositionChangeNative(JNIEnv *, jobject, jbyteArray):
07-12 13:53:50.746  3912  4075 D ExternalMediaServer: :void adapter::MediaSourceAdapterJNI::onPlayTimeChange():
07-12 13:53:50.746  3912  4075 V ExternalMediaServer: JNIThreadAttacher: status :  0
07-12 13:53:50.746  3912  4075 V ExternalMediaServer: Source : getPosition :35000
07-12 13:53:50.746  3912  4075 V ExternalMediaServer: ~JavaVMAttachThread ::
07-12 13:53:50.746  3912  4075 V ExternalMediaServer: std::string adapter::MediaSourceAdapterJNI::CallObjectMethodReturnString(jobject, jmethodID, int)
07-12 13:53:50.746  3912  4075 V ExternalMediaServer: JNIThreadAttacher: status :  0
07-12 13:53:50.746  3912  4076 D ExternalMediaServer: TsrClient : notifyPlayPositionChange : sourceId = ZD22277QY9 mActiveSource = Source{mIsPlayable=false, mIsBrowsable=false, mDevId='64:11:A4:8D:85:A9', mName='motorola edge 30', mType=3, mScanStatus=0, mSerialNumber='', mVendorNumber='', mProductNumber='', mPortIndex=-1, isSupported=true, isConnected=false, isSearchSupported=false, mZoneId=0, mReadyToPlay=0, mContentType=0, mPosition=155361, mPlaystate=7, mIsActive=true, mRepeatMode=0, mShuffleMode=0}
07-12 13:53:50.746  3912  4075 V ExternalMediaServer: Source : getMetaData for Field : 9
07-12 13:53:50.746  3912  4075 V ExternalMediaServer: ~JavaVMAttachThread ::
07-12 13:53:50.746  3912  4075 I ExternalMediaServer: virtual void EWMediaPluginCallback::onPlayTimeChange(sPlayTime &):: Zoneid 0,CurrentPlayPosition 35000 Total Duration 261000
07-12 13:53:50.746  3912  4075 D ExternalMediaServer: virtual void MediaDeviceNotifierHandler::onPlayTimeChange(const MediaTypesSAPILow::PlayTime &, const uint8_t &)
07-12 13:53:50.746  3912  4075 D ExternalMediaServer: virtual void MediaClientDeviceCallback::onPlayTimeChange(const MediaTypesSAPILow::PlayTime &, const uint8_t &) connection status: 1
07-12 13:53:50.746  3912  4075 D ExternalMediaServer: virtual void MediaClientDeviceCallback::onPlayTimeChange(const MediaTypesSAPILow::PlayTime &, const uint8_t &) CurrTime :35 ..totalDur: 261
07-12 13:53:50.747  3912  4075 D EWInfra : JNIAdapter::setAttributeValue:serviceURI:v2_com.harman.atlas.media.MediaClient_MediaServer.clusterClientInstance attribute:playTime payload:{"playTime":{"deviceId":"ZD22277QY9","zoneId":0,"currTime":35,"totalDuration":261}}
07-12 13:53:50.747  3912  4075 D EWInfra :  JNIMediaClientEWServer::setAttributeValue playTime
07-12 13:53:50.747  3912  4075 D EWInfra :  JNIMediaClientEWServer::setPlayTime
07-12 13:53:50.747  3912  4075 D EWInfra :  JNIMediaClientEWServer::sendUpdatePlayTime
07-12 13:53:50.747  3912  4075 D EWInfra :  JNIMediaClientEWServer::getPlayTime
07-12 13:53:50.747  1944  1966 D EWService: EWAIDLTransport::sendSignal serverID: 37 interfaceURI: v2_com.harman.atlas.media.MediaClient_MediaServer.clusterClientInstance signalName: playTime status code: 0 data payload: {"playTime":{"deviceId":"ZD22277QY9","zoneId":0,"currTime":35,"totalDuration":261}} data errorCode: 0
07-12 13:53:50.747  1944  2097 D EWService: EWServiceHandler::run commandType: sendSignal
07-12 13:53:50.748  1944  2097 D EWService: EWServiceHandler::processSendSignal
07-12 13:53:50.748  1944  2097 D EWService: ServiceRegistry::getClient clientID: 3
07-12 13:53:50.748  1944  2097 D EWService: EWStableAidlClientCB::onUpdate signalName: playTime mGatewayData payload: {"playTime":{"deviceId":"ZD22277QY9","zoneId":0,"currTime":35,"totalDuration":261}} mGatewayData errorCode: 0
07-12 13:53:50.748  3912  4075 D ExternalMediaServer: onPlayPositionChange: pos: 35000 duration: 261000
07-12 13:53:50.748  3912  4075 D ExternalMediaServer: PlayPosition changed for sourceId: ZD22277QY9
07-12 13:53:50.748   726   726 D vendor.harman.frameworks.ewgateway@0.0-service: StableAidlClient::onEventUpdate() ClientID : 3 Signal Name: playTime
07-12 13:53:50.749   726   726 D vendor.harman.frameworks.ewgateway@0.0-service: MediaClientServerImpl::processResponse() Method Name: playTime Payload: {"playTime":{"deviceId":"ZD22277QY9","zoneId":0,"currTime":35,"totalDuration":261}}17
07-12 13:53:50.749   726   726 D vendor.harman.frameworks.ewgateway@0.0-service: MediaClientServerImpl::processResponse:: playTime SAPIRead successful, Payload : {"playTime":{"deviceId":"ZD22277QY9","zoneId":0,"currTime":35,"totalDuration":261}}
07-12 13:53:50.749   726   726 I vendor.harman.frameworks.ewgateway@0.0-service: MediaClientServerImpl::processResponse(), set_playTime is called 
07-12 13:53:50.749   726   726 D vendor.harman.frameworks.ewgateway@0.0-service: StableAidlClient::onEventUpdate():clusterClientInstance: event update sent for clientID : 3 signalName : playTime
07-12 13:53:50.751  2446  2542 E libc    : Access denied finding property "persist.vendor.st.timemode"
07-12 13:53:50.754  1529  2349 D AapManager: AAManager__ AapCallbackHandler, msg = 18
07-12 13:53:50.755  2468  8198 V AapManager:  AaCarNavAppFocusManager  isAANavigationFocused: true
07-12 13:53:50.755  1529  2349 D AapManager: AaNavigationManager__isAAOwningFocus = true
07-12 13:53:50.756  1529  2349 D AapManager: AapClusterManager__navigationStateCallback aaNavigationStateAANavigationState{navigationSteps=[NavigationStep{navigationManeuver=NavigationManeuver{roundAboutExitNumber=0, roundAboutExitAngle=0, aapNavigationType=DEPART}, navigationRoad=NavigationRoad{roadName='7th Cross Rd'}, navigationLane=[], navigationCue=NavigationCue{alternateText=[7th Cross Rd towards Graphite India Main Rd / ITPL Main Rd / Kundalahalli Main Rd]}}], navigationDestinations=[NavigationDestination{address='Bengaluru, Karnataka'}]}
07-12 13:53:50.757  2468  8198 V AapManager: AAWidgetUtil onNavigationStateCallback NavInfoBean{mRoad='7th Cross Rd', mTurnSide=0, mEvent=1, mImage=null, mTurnAngle=0, mTurnNumber=0, mDistanceMeters=0, mTimeSeconds=0, mDisplayDistance=null, mDisplayDistanceUnit=0, mNavStatus=false}
07-12 13:53:50.757  1529  2349 D AapManager: AAManager__ AapCallbackHandler, msg = 19
07-12 13:53:50.757  2468  2468 D AapManager: AAWidgetUtilMessage Received: 5
07-12 13:53:50.757  2468  2468 V AapManager: AAWidgetUtilupdateTurnTypeImage: event: 1 turn number: 0 turn angle: 0
07-12 13:53:50.757  2468  2468 I AapManager: AAWidgetUtil updateUI called: isForceUpdateNeeded: false isNewData: false
07-12 13:53:50.759  2468  8198 V AapManager:  AaCarNavAppFocusManager  isAANavigationFocused: true
07-12 13:53:50.760  1529  2349 D AapManager: AaNavigationManager__isAAOwningFocus = true
07-12 13:53:50.760  1529  2349 D AapManager: AapClusterManager__navigationCurrentPositionCallback navigationCurrentPosition : NavigationCurrentPosition{stepDistance=NavigationStepDistance{distance=NavigationDistance{meters=0, displayValue='0', aapDistanceUnits=METERS}, timeToStepSeconds=0}, destinationDistance=[NavigationDestinationDistance{distance=NavigationDistance{meters=2715, displayValue='2.7', aapDistanceUnits=KILOMETERS_P1}, estimatedArrivalTime='4:53 pm', timeToArrivalSeconds=430}], navigationRoad=NavigationRoad{roadName=''}}
07-12 13:53:50.760  1529  2349 D AapManager: AapClusterManager__navigationCurrentPositionCallback aaNavigationStateAANavigationState{navigationSteps=[NavigationStep{navigationManeuver=NavigationManeuver{roundAboutExitNumber=0, roundAboutExitAngle=0, aapNavigationType=DEPART}, navigationRoad=NavigationRoad{roadName='7th Cross Rd'}, navigationLane=[], navigationCue=NavigationCue{alternateText=[7th Cross Rd towards Graphite India Main Rd / ITPL Main Rd / Kundalahalli Main Rd]}}], navigationDestinations=[NavigationDestination{address='Bengaluru, Karnataka'}]}
07-12 13:53:50.760  1529  2349 D AapManager: AapClusterManager__getETAInZonedDateTimeFormat for timeArrivalSeconds:430,zone:Asia/Kolkata,datetime:2023-07-12T14:01:00.760resultant zonedDateTime is:2023-07-12T14:01:00.760+05:30[Asia/Kolkata]
07-12 13:53:50.760  1529  2349 V AapManager: AapClusterManager__addDestinationDistanceToNavigationState : estimatedTimeOfArrival : 2023-07-12T14:01:00.760+05:30[Asia/Kolkata]
07-12 13:53:50.760  1529  2349 D AapManager: AapClusterManager__addManeuverToNavigationState maneuverType : DEPART
07-12 13:53:50.760  1529  2349 D AapManager: AapClusterManager__addManeuverToNavigationState mManTypeExtra : [NONE]
07-12 13:53:50.760  1529  2349 V AapManager: AapClusterManager__addStepsToNavigationState Distance needs to be added along with Manuever so commented here
07-12 13:53:50.761  1529  2349 D AapManager: AapClusterManager__sendNavigationStateToCluster: {steps: [{maneuver: {type: {values: [DEPART]}, roundaboutExitNumer: 0, icon: null}, distance: {meters: 0, displayUnit: {values: [METERS]}, displayValue: 0}, lanes: [], lanesImage: null, cue: {text: ' ', elements: [{text: '7th Cross Rd towards Graphite India Main Rd / ITPL Main Rd / Kundalahalli Main Rd', image: null}]}}], destinations: [{title: null, address: Bengaluru, Karnataka, distance: {meters: 2715, displayUnit: {values: [KILOMETERS]}, displayValue: 2.7}, location: null, eta: {secondsSinceEpoch: 1689150660, zoneId: 'Asia/Kolkata'}, traffic: null, formattedEta: null}], segment: {name: 7th Cross Rd}, serviceStatus: {values: []}}
07-12 13:53:50.761  1529  2349 D AapManager: BaseClusterManager__sendNavigationStateToCluster:
07-12 13:53:50.761  1529  2349 D AapManager: BaseClusterManager__ calling sendNavigationStateChange
07-12 13:53:50.763  2468  8198 V AapManager:  AaUiService   sendNavigationStateChange   called 
07-12 13:53:50.766  1698  1698 D APP_REPETITION: NavigationMetaDataRenderer onNavigationStateChanged
07-12 13:53:50.767  1698  1698 D APP_REPETITION: NavigationMetaDataRenderer onNavigationStateChanged:timetostepextra
07-12 13:53:50.767  1698  1698 D APP_REPETITION: NavigationMetaDataRenderer onNavigationStateChanged:maneuvertypeextra
07-12 13:53:50.767  1698  1698 D APP_REPETITION: NavigationMetaDataRenderer onNavigationStateChanged:navstate
07-12 13:53:50.767  1698  1698 I APP_REPETITION: NavigationMetaDataRenderer updateNavTBTData
07-12 13:53:50.767  2468  8198 V AapManager: AAWidgetUtil onNavigationCurrentPositionCallback NavInfoBean{mRoad='null', mTurnSide=0, mEvent=0, mImage=null, mTurnAngle=0, mTurnNumber=0, mDistanceMeters=0, mTimeSeconds=0, mDisplayDistance=0, mDisplayDistanceUnit=1, mNavStatus=false}
07-12 13:53:50.767  1698  1698 I APP_REPETITION: NavigationMetaDataRenderer RoadName=<7th Cross Rd>, ManeuverType=<DEPART>, DistanceInMeters=<0>, RoundAboutExitNumber=<0>, DrivingSide=<0>, DistanceDisplay=<0>
07-12 13:53:50.767  1698  1698 I APP_REPETITION: NavigationMetaDataRenderer send Next Maneuver Info
07-12 13:53:50.767  1698  1698 I APP_REPETITION: NavigationMetaDataRenderer send Next Maneuver Info: AndroidAuto
07-12 13:53:50.767  1698  1698 I APP_REPETITION: Each manuever get one extra NONE, Current step index 0
07-12 13:53:50.767  1698  1698 D APP_REPETITION: RouteControllerAtlas setNextManeuverInfo: name: 7th Cross Rd maneuver: 1 distance: 0unit:2, DisplayValue:0, CpManueverType:0, NavSource:1
07-12 13:53:50.767  2468  2468 D AapManager: AAWidgetUtilMessage Received: 6
07-12 13:53:50.767  2468  2468 V AapManager: AAWidgetUtil getFormattedDistanceUnit, distanceUnit: m
07-12 13:53:50.767  2468  2468 I AapManager: AAWidgetUtil updateUI called: isForceUpdateNeeded: false isNewData: false
07-12 13:53:50.768  1698  1698 I APP_REPETITION: NavigationMetaDataRenderer send Time and Distance etaInMin :: 1 distInMeters :: 2715
07-12 13:53:50.768  1698  1698 D APP_REPETITION: RouteControllerAtlas setNextDestinationInfo: time: 1 distance: 2715
07-12 13:53:50.769  1698  1698 I APP_REPETITION: NavigationMetaDataRenderer Send Destination Info Listtitle :: 
07-12 13:53:50.769  1698  1698 D APP_REPETITION: RouteControllerAtlas setNextAndFinalDestinationInfo
07-12 13:53:50.770  1698  1698 I APP_REPETITION: NavigationMetaDataRenderer send Vehicle Information :: 7th Cross Rd
07-12 13:53:50.770  1698  1698 D APP_REPETITION: LocationInformationControllerAtlas SetVehicleLocationInformation
07-12 13:53:50.771  1698  1698 I APP_REPETITION: NavigationMetaDataRenderer send Service StatusserviceStatus :: 6
07-12 13:53:50.771  1698  1698 I APP_REPETITION: NavigationControllerAtlas Service Status6
07-12 13:53:50.779  1975  2103 I android_os_HwBinder: HwBinder: Starting thread pool for getting: vendor.harman.hardware.usb.gadgetext@1.0::IUsbGadgetExt/default
07-12 13:53:50.780   542   542 E eth_check: Error !!! ethernet interface is not valid
07-12 13:53:50.802  2446  2542 E libc    : Access denied finding property "persist.vendor.st.timemode"
07-12 13:53:50.854  2446  2542 E libc    : Access denied finding property "persist.vendor.st.timemode"
07-12 13:53:50.855   446   446 E HARMAN_LOCATION: log_as_hex: $SAT_ length too long (1336)
07-12 13:53:50.856   446   446 E HARMAN_LOCATION: $ERR due to untrusted GNSS, calibration procedure been set from scratch
07-12 13:53:50.880  4133  4277 I MediaCoreService: UsbMediaDataProvider__USBDataCacheUpdateTask : start, trigger = 1
07-12 13:53:50.881  4133  4277 I MediaCoreService: UsbMediaDataProvider__readCache start
07-12 13:53:50.881  4133  4277 I MediaCoreService: UsbMediaDataCache__readDataFromDatabase
07-12 13:53:50.881  4133  4277 D MediaCoreService: UsbMediaDataCache__getSelectionString : selection = _data like '/system/product/media/Demo%' and  _id > 232
07-12 13:53:50.881  4133  4277 D MediaCoreService: UsbMediaDataCache__getAudioFileList : dataPath = /system/product/media/Demo readType = 2 options = com.harman.mediacoreservice.harmanlocalplayer.browser.UsbMediaDataCache$USBCacheOptions@19a9288
07-12 13:53:50.900  4133  4277 D MediaCoreService: MediaDataCache__CacheNotifyStrategy : mediaType = 1, action = 1
07-12 13:53:50.900  4133  4277 D MediaCoreService: UsbMediaDataCache__readAudioFilesToCache : count = 0
07-12 13:53:50.901  4133  4277 D MediaCoreService: MediaDataCache__notifyFilesChanged
07-12 13:53:50.901  4133  4277 D MediaCoreService: MediaDataProvider__onCacheProgressChanged mediaType 1count 4lastFileId 0
07-12 13:53:50.905  2446  2542 E libc    : Access denied finding property "persist.vendor.st.timemode"
07-12 13:53:50.905  4133  4277 D MediaCoreService: UsbMediaDataProvider__updateCacheStatus : mediaType = 1, code = 0
07-12 13:53:50.905  4133  4277 I MediaCoreService: UsbMediaDataCache__readDataFromDatabase
07-12 13:53:50.905  4133  4277 D MediaCoreService: ConfigParser__isVideosBrowseEnabled : value = true
07-12 13:53:50.905  4133  4277 D MediaCoreService: UsbMediaDataCache__getVideoFileList!
07-12 13:53:50.905  4133  4277 D MediaCoreService: UsbMediaDataCache__getSelectionString : selection = _data like '/system/product/media/Demo%' and  _id > 239
07-12 13:53:50.927  4133  4277 D MediaCoreService: MediaDataCache__CacheNotifyStrategy : mediaType = 2, action = 1
07-12 13:53:50.927  4133  4277 D MediaCoreService: UsbMediaDataCache__readVedioFilesToCache : count = 0
07-12 13:53:50.927  4133  4277 D MediaCoreService: MediaDataCache__notifyFilesChanged
07-12 13:53:50.927  4133  4277 D MediaCoreService: UsbMediaDataCache__getVideoList : result = Pair{0 0}  uri content://media/internal/video/media
07-12 13:53:50.927  4133  4277 D MediaCoreService: MediaDataProvider__onCacheProgressChanged mediaType 2count 4lastFileId 0
07-12 13:53:50.930  4133  4277 D MediaCoreService: UsbMediaDataProvider__updateCacheStatus : mediaType = 2, code = 0
07-12 13:53:50.930  4133  4277 I MediaCoreService: UsbMediaDataCache__readDataFromDatabase
07-12 13:53:50.930  4133  4277 D MediaCoreService: UsbMediaDataCache__getImageFileList!
07-12 13:53:50.930  4133  4277 D MediaCoreService: UsbMediaDataCache__getSelectionString : selection = _data like '/system/product/media/Demo%' and  _id > 0
07-12 13:53:50.930  4133  4277 D MediaCoreService: UsbMediaDataCache__selectId condition Image:_data like '/system/product/media/Demo%' and  _id > 0
07-12 13:53:50.952  4133  4277 I MediaCoreService: UsbMediaDataCache__readImageFilesToCache : count = 0
07-12 13:53:50.953  4133  4277 D MediaCoreService: MediaDataCache__CacheNotifyStrategy : mediaType = 4, action = 1
07-12 13:53:50.953  4133  4277 D MediaCoreService: MediaDataCache__notifyFilesChanged
07-12 13:53:50.953  4133  4277 D MediaCoreService: UsbMediaDataCache__getImageList : result = Pair{0 0}
07-12 13:53:50.953  4133  4277 D MediaCoreService: MediaDataProvider__onCacheProgressChanged mediaType 4count 0lastFileId 0
07-12 13:53:50.955  2446  2542 E libc    : Access denied finding property "persist.vendor.st.timemode"
07-12 13:53:50.956  4133  4277 D MediaCoreService: UsbMediaDataProvider__updateCacheStatus : mediaType = 4, code = 0
07-12 13:53:50.956  4133  4277 I MediaCoreService: UsbMediaDataCache__readDataFromDatabase
07-12 13:53:50.956  4133  4277 D MediaCoreService: UsbMediaDataCache__getSelectionString : selection = _data like '/system/product/media/Demo%' and  _id > 239
07-12 13:53:50.956  4133  4277 D MediaCoreService: UsbMediaDataCache__getFolderList : strSql = _data like '/system/product/media/Demo%' and  _id > 239 and (format=12289 or media_type in (3) or media_type in (2) or media_type in (1)) 
07-12 13:53:50.956  4133  4277 D MediaCoreService: UsbMediaDataCache__getFolderList : strSql = _data like '/system/product/media/Demo%' and  _id > 239 and (format=12289 or media_type in (3) or media_type in (2) or media_type in (1)) 
07-12 13:53:50.970  4133  4277 D MediaCoreService: MediaDataCache__CacheNotifyStrategy : mediaType = 65536, action = 1
07-12 13:53:50.970  4133  4277 D MediaCoreService: MediaDataCache__notifyFilesChanged
07-12 13:53:50.970  4133  4277 D MediaCoreService: MediaDataProvider__onCacheProgressChanged mediaType 65536count 4lastFileId 0
07-12 13:53:50.974  4133  4277 D MediaCoreService: UsbMediaDataProvider__updateCacheStatus : mediaType = 65536, code = 0
07-12 13:53:50.974  4133  4277 I MediaCoreService: UsbMediaDataCache__readDataFromDatabase
07-12 13:53:50.974  4133  4277 D MediaCoreService: UsbMediaDataCache__getSelectionString : selection = _data like '/system/product/media/Demo%' and  _id > 0
07-12 13:53:50.974  4133  4277 D MediaCoreService: UsbMediaDataCache__getPlaylistList!
07-12 13:53:50.978   454 17602 I QC2Comp : [avcD_33] Stats: Works: Q: 3268/Done 3268|Work-Rate: Q(30.0/s Avg=29.6/s) Done(29.995/s Avg=29.643/s)| Stream: 42.54fps 527.8Kbps| Pending(0) i/p-done(0)
07-12 13:53:50.983  3485  3513 E SQLiteLog: (1) no such table: audio_playlists in "SELECT name, _id, _data FROM audio_playlists WHERE ((is_pending=0 OR (is_pending=1 AND lower(_data) NOT REGEXP '.*/\.pending-(\d+)-([^/]+)$' AND owner_package_name IN ( 'com.
