07-12 13:53:45.400  1698  1698 I APP_REPETITION: NavigationMetaDataRenderer send Next Maneuver Info: AndroidAuto
07-12 13:53:45.400  1698  1698 I APP_REPETITION: Each manuever get one extra NONE, Current step index 0
07-12 13:53:45.400  1698  1698 D APP_REPETITION: RouteControllerAtlas setNextManeuverInfo: name: 7th Cross Rd maneuver: 1 distance: 0unit:2, DisplayValue:0, CpManueverType:0, NavSource:1
07-12 13:53:45.400  2468  2468 D AapManager: AAWidgetUtilMessage Received: 6
07-12 13:53:45.400  2468  2468 V AapManager: AAWidgetUtil getFormattedDistanceUnit, distanceUnit: m
07-12 13:53:45.400  2468  2468 I AapManager: AAWidgetUtil updateUI called: isForceUpdateNeeded: false isNewData: false
07-12 13:53:45.401  1698  1698 I APP_REPETITION: NavigationMetaDataRenderer send Time and Distance etaInMin :: 0 distInMeters :: 2715
07-12 13:53:45.401  1698  1698 D APP_REPETITION: RouteControllerAtlas setNextDestinationInfo: time: 0 distance: 2715
07-12 13:53:45.401  1698  1698 I APP_REPETITION: NavigationMetaDataRenderer Send Destination Info Listtitle :: 
07-12 13:53:45.401  1698  1698 D APP_REPETITION: RouteControllerAtlas setNextAndFinalDestinationInfo
07-12 13:53:45.402  1698  1698 I APP_REPETITION: NavigationMetaDataRenderer send Vehicle Information :: 7th Cross Rd
07-12 13:53:45.402  1698  1698 D APP_REPETITION: LocationInformationControllerAtlas SetVehicleLocationInformation
07-12 13:53:45.402  1698  1698 I APP_REPETITION: NavigationMetaDataRenderer send Service StatusserviceStatus :: 6
07-12 13:53:45.402  1698  1698 I APP_REPETITION: NavigationControllerAtlas Service Status6
07-12 13:53:45.421  2446  2542 E libc    : Access denied finding property "persist.vendor.st.timemode"
07-12 13:53:45.437   943  3175 E AdbDebuggingManager: Caught an exception opening the socket: java.io.IOException: No such file or directory
07-12 13:53:45.457   274   274 E SELinux : avc:  denied  { find } for pid=5267 uid=1001000 name=SurfaceFlinger scontext=u:r:apprepetition_system_app:s0 tcontext=u:object_r:surfaceflinger_service:s0 tclass=service_manager permissive=0
07-12 13:53:45.457  5267  8197 I ServiceManager: Waiting for service 'SurfaceFlinger' on '/dev/binder'...
07-12 13:53:45.473  2446  2542 E libc    : Access denied finding property "persist.vendor.st.timemode"
07-12 13:53:45.524  2446  2542 E libc    : Access denied finding property "persist.vendor.st.timemode"
07-12 13:53:45.551  1529 17574 D AapManager: AapManager: [mediaPlaybackStatusUpdate:294] : calling java method of mediaPlaybackStatusUpdate
07-12 13:53:45.552  1529 17574 D AapManager: AAManager__mediaPlaybackStatusUpdate: State=2, mediaSource=Spotify, elapsedTime=30, isShuffleOn=false, isRepeatOn =false, isRepeatSong=false
07-12 13:53:45.552  1529  2349 D AapManager: AAManager__ AapCallbackHandler, msg = 10
07-12 13:53:45.553  4133  5917 D MediaCoreService: AndroidAutoAdapter__onMediaPlaybackStatusCallback : playbackStatus = PlaybackState {state=3, position=30, buffered position=0, speed=0.0, updated=2396185, actions=0, custom actions=[], active item id=-1, error=null}
07-12 13:53:45.553   444 15099 I VPS     : VPS:IOCStatusInfo.VoltageStatus->0 
07-12 13:53:45.553   444 15099 I VPS     : VPS:IOCStatusInfo.IOCStatusCmd->a6 
07-12 13:53:45.553   444 15099 I VPS     : VPS:IOCStatusInfo.WakeUpReason->e 
07-12 13:53:45.553   444 15099 I VPS     : VPS:IOCStatusInfo.DerivedIgnitionStatus->0 
07-12 13:53:45.553   444 15099 I VPS     : VPS:IOCStatusInfo.PowerModeState->4 
07-12 13:53:45.553   444 15099 I VPS     : VPS:IOCStatusInfo.SOCShutdownRequest->0 
07-12 13:53:45.553   444 15099 I VPS     : VPS:IOCStatusInfo.AntiTheftState->0 
07-12 13:53:45.553   444 15099 I VPS     : VPS:IOCStatusInfo.BatteryConnect->0 
07-12 13:53:45.553  1529  1556 D AapManager: AAManager__mAAServiceBinder: getConnectedDevSerialNumber
07-12 13:53:45.554  4133  5917 D MediaCoreService: AndroidAutoAdapter__getConnectedDevSerialNumber: number = ZD22277QY9
07-12 13:53:45.554  4133  5917 D MediaCoreService: AndroidAutoPlayer__notifyPlaybackStatusChanged : playbackState = PlaybackState {state=3, position=30, buffered position=0, speed=0.0, updated=2396185, actions=0, custom actions=[], active item id=-1, error=null}
07-12 13:53:45.555  4133  5917 D MediaCoreService: HarmanAndroidAutoPlayerAdapter__onPlaybackChanged playbackstate:PlaybackState {state=3, position=30000, buffered position=0, speed=0.0, updated=2396185, actions=3670011, error code=0, error message=null, custom actions=[], active item id=-1}
07-12 13:53:45.555  4133  5917 D MediaCoreService: Utils__displayActions : ===== begin =====
07-12 13:53:45.555  4133  5917 D MediaCoreService: Utils__displayActions : [0] : ACTION_STOP
07-12 13:53:45.555  4133  5917 D MediaCoreService: Utils__displayActions : [1] : ACTION_PAUSE
07-12 13:53:45.555  4133  5917 D MediaCoreService: Utils__displayActions : [3] : ACTION_REWIND
07-12 13:53:45.555  4133  5917 D MediaCoreService: Utils__displayActions : [4] : ACTION_SKIP_TO_PREVIOUS
07-12 13:53:45.555  4133  5917 D MediaCoreService: Utils__displayActions : [5] : ACTION_SKIP_TO_NEXT
07-12 13:53:45.555  4133  5917 D MediaCoreService: Utils__displayActions : [6] : ACTION_FAST_FORWARD
07-12 13:53:45.555  4133  5917 D MediaCoreService: Utils__displayActions : [7] : ACTION_SET_RATING
07-12 13:53:45.555  4133  5917 D MediaCoreService: Utils__displayActions : [8] : ACTION_SEEK_TO
07-12 13:53:45.555  4133  5917 D MediaCoreService: Utils__displayActions : [9] : ACTION_PLAY_PAUSE
07-12 13:53:45.555  4133  5917 D MediaCoreService: Utils__displayActions : [10] : ACTION_PLAY_FROM_MEDIA_ID
07-12 13:53:45.555  4133  5917 D MediaCoreService: Utils__displayActions : [11] : ACTION_PLAY_FROM_SEARCH
07-12 13:53:45.555  4133  5917 D MediaCoreService: Utils__displayActions : [12] : ACTION_SKIP_TO_QUEUE_ITEM
07-12 13:53:45.555  4133  5917 D MediaCoreService: Utils__displayActions : [13] : ACTION_PLAY_FROM_URI
07-12 13:53:45.555  4133  5917 D MediaCoreService: Utils__displayActions : [14] : ACTION_PREPARE
07-12 13:53:45.555  4133  5917 D MediaCoreService: Utils__displayActions : [15] : ACTION_PREPARE_FROM_MEDIA_ID
07-12 13:53:45.555  4133  5917 D MediaCoreService: Utils__displayActions : [16] : ACTION_PREPARE_FROM_SEARCH
07-12 13:53:45.555  4133  5917 D MediaCoreService: Utils__displayActions : [17] : ACTION_PREPARE_FROM_URI
07-12 13:53:45.555  4133  5917 D MediaCoreService: Utils__displayActions : [18] : ACTION_SET_REPEAT_MODE
07-12 13:53:45.555  4133  5917 D MediaCoreService: Utils__displayActions : [20] : ACTION_SET_CAPTION_ENABLED
07-12 13:53:45.555  4133  5917 D MediaCoreService: Utils__displayActions : [21] : ACTION_SET_SHUFFLE_MODE
07-12 13:53:45.555  4133  5917 D MediaCoreService: Utils__displayActions : ===== end  ======
07-12 13:53:45.555  4133  5917 D MediaCoreService: HarmanAndroidAutoPlayerAdapter__notifyPlaybackState : playbackstate = PlaybackState {state=3, position=30000, buffered position=0, speed=0.0, updated=2396185, actions=3670011, error code=0, error message=null, custom actions=[], active item id=-1}
07-12 13:53:45.560  3912  3912 D ExternalMediaServer: SessionPlayer : onPlaybackStateChanged PlaybackState {state=3, position=30000, buffered position=0, speed=0.0, updated=2396185, actions=3670011, error code=0, error message=null, custom actions=[], active item id=-1}
07-12 13:53:45.560  3912  3912 D ExternalMediaServer: MediaSourceProvider : onPlaybackStateChanged Bundle : Bundle[mParcelledData.dataSize=224]
07-12 13:53:45.560  4838  4863 I E12_SOURCE: onPlaybackStateChanged received state: PlaybackState {state=3, position=30000, buffered position=0, speed=0.0, updated=2396185, actions=3670011, error code=0, error message=null, custom actions=[], active item id=-1}
07-12 13:53:45.560  3912  3912 I ExternalMediaServer: SourceProvider : onPlaybackStateChanged source : ZD22277QY9State : 1
07-12 13:53:45.560  4838  4863 V E12_SOURCE: mExtras:Bundle[{com.harman.media.harmanaudioplayer.service.ALWAYS_RESERVE_SPACE_FOR.ACTION_QUEUE=true, com.harman.media.action.FASTFORWARD=true, com.harman.media.action.SET_SHUFFLE=true, com.harman.media.action.FASTREWIND=true, android.media.session.BROWSE_SERVICE=com.harman.mediacoreservice.harmanandroidautoplayer.HarmanAndroidAutoPlayer, SOURCE_KEY=android-app://com.harman.mediacoreservice/harmanandroidautoplayer/androidauto?device=ZD22277QY9, com.harman.media.harmanaudioplayer.service.ALWAYS_RESERVE_SPACE_FOR.ACTION_SKIP_TO_NEXT=true, com.harman.mediacoreservice.action.SET_SURFACE=true, com.harman.media.harmanaudioplayer.service.ALWAYS_RESERVE_SPACE_FOR.ACTION_SKIP_TO_PREVIOUS=true, com.harman.media.action.SET_REPEAT=true}]
07-12 13:53:45.560  4838  4863 V E12_SOURCE: compareSessionToSource value:true
07-12 13:53:45.560  4838  4863 I E12_PLAYING: PlaybackModel.onPlayerStateChanged: android-app://com.harman.mediacoreservice/harmanandroidautoplayer/androidauto?device=ZD22277QY9
07-12 13:53:45.560  3606  3881 I E12_SOURCE: onPlaybackStateChanged received state: PlaybackState {state=3, position=30000, buffered position=0, speed=0.0, updated=2396185, actions=3670011, error code=0, error message=null, custom actions=[], active item id=-1}
07-12 13:53:45.560  3606  3881 V E12_SOURCE: mExtras:Bundle[{com.harman.media.harmanaudioplayer.service.ALWAYS_RESERVE_SPACE_FOR.ACTION_QUEUE=true, com.harman.media.action.FASTFORWARD=true, com.harman.media.action.SET_SHUFFLE=true, com.harman.media.action.FASTREWIND=true, android.media.session.BROWSE_SERVICE=com.harman.mediacoreservice.harmanandroidautoplayer.HarmanAndroidAutoPlayer, SOURCE_KEY=android-app://com.harman.mediacoreservice/harmanandroidautoplayer/androidauto?device=ZD22277QY9, com.harman.media.harmanaudioplayer.service.ALWAYS_RESERVE_SPACE_FOR.ACTION_SKIP_TO_NEXT=true, com.harman.mediacoreservice.action.SET_SURFACE=true, com.harman.media.harmanaudioplayer.service.ALWAYS_RESERVE_SPACE_FOR.ACTION_SKIP_TO_PREVIOUS=true, com.harman.media.action.SET_REPEAT=true}]
07-12 13:53:45.560  3606  3881 V E12_SOURCE: compareSessionToSource value:true
07-12 13:53:45.560  3606  3881 I E12_PLAYING: Player state changed for source pkg - com.harman.mediacoreservice & current play-state is - 3
07-12 13:53:45.560  3912  3912 D ExternalMediaServer: MediaSourceProvider : getCurrentPlayingSource: playbackState : PlaybackState {state=3, position=30000, buffered position=0, speed=0.0, updated=2396193, actions=3670011, error code=0, error message=null, custom actions=[], active item id=-1}
07-12 13:53:45.560  3912  3912 V ExternalMediaServer: Source : getPlayState :1
07-12 13:53:45.560  3912  3912 D ExternalMediaServer: SourceProvider : No Change in Playstate
07-12 13:53:45.561  3912  3912 D ExternalMediaServer: SourceProvider : onMetadataChange: source : ZD22277QY9
07-12 13:53:45.561  3701  3701 V MediaModeService: com.harman.mediamodeservice.lastmediasource.MediaBrowserConnector$11->onPlaybackStateChanged
07-12 13:53:45.561  3912  3912 D ExternalMediaServer: SourceProvider : isSameMetaData previousMetadata: android.support.v4.media.MediaMetadataCompat@6428283 ; currentMetadata:android.support.v4.media.MediaMetadataCompat@fa35a1d
07-12 13:53:45.561  3701  3701 I MediaModeService: <<HarmanAndroidAutoPlayer>> onPlaybackStateChanged:3
07-12 13:53:45.561  3912  3912 D ExternalMediaServer: SourceProvider : onMetadataChange : no change in metadata
07-12 13:53:45.561  3701  3701 I MediaModeService: <<HarmanAndroidAutoPlayer.playstate>> get trigger Playing
07-12 13:53:45.561  4838  4863 I E12_SOURCE: onPlaybackStateChanged received state: PlaybackState {state=3, position=30000, buffered position=0, speed=0.0, updated=2396185, actions=3670011, error code=0, error message=null, custom actions=[], active item id=-1}
07-12 13:53:45.562  3701  3701 I MediaModeService: <<LastMediaSourceManager.state>> get trigger PlayStateUpdate
07-12 13:53:45.562  4838  4863 V E12_SOURCE: mExtras:Bundle[{com.harman.media.harmanaudioplayer.service.ALWAYS_RESERVE_SPACE_FOR.ACTION_QUEUE=true, com.harman.media.action.FASTFORWARD=true, com.harman.media.action.SET_SHUFFLE=true, com.harman.media.action.FASTREWIND=true, android.media.session.BROWSE_SERVICE=com.harman.mediacoreservice.harmanandroidautoplayer.HarmanAndroidAutoPlayer, SOURCE_KEY=android-app://com.harman.mediacoreservice/harmanandroidautoplayer/androidauto?device=ZD22277QY9, com.harman.media.harmanaudioplayer.service.ALWAYS_RESERVE_SPACE_FOR.ACTION_SKIP_TO_NEXT=true, com.harman.mediacoreservice.action.SET_SURFACE=true, com.harman.media.harmanaudioplayer.service.ALWAYS_RESERVE_SPACE_FOR.ACTION_SKIP_TO_PREVIOUS=true, com.harman.media.action.SET_REPEAT=true}]
07-12 13:53:45.562  4838  4863 V E12_SOURCE: compareSessionToSource value:true
07-12 13:53:45.562  3606  3881 V E12_SOURCE: processSourceSwitchAndNotify:motorola edge 30 id:android-app://com.harman.mediacoreservice/harmanandroidautoplayer/androidauto?device=ZD22277QY9
07-12 13:53:45.562  3701  3701 V MediaModeService: com.harman.mediamodeservice.persistence.MediaModePersistence->getLastMediaSource
07-12 13:53:45.562  4838  4863 I E12_WIDGET: WidgetManager no change in onPlaybackInfoChanged
07-12 13:53:45.562  3701  3701 I MediaModeService: <<Persistence>> getTopSource SourceInfo{mName:com.harman.mediacoreservice/com.harman.mediacoreservice.harmanandroidautoplayer.HarmanAndroidAutoPlayer, mState:3, mExtra:Bundle[{SOURCE_KEY=android-app://com.harman.mediacoreservice/harmanandroidautoplayer/androidauto?device=ZD22277QY9}]}
07-12 13:53:45.562  4838  4880 I E12_WIDGET: EntertainmentHelper onPlaybackInfoChanged for source: ANDROID_AUTO mPlaybackState: 3
07-12 13:53:45.562  4838  4880 I E12_HELPER: E12HelperService onMetadataUpdate source: ANDROID_AUTO
07-12 13:53:45.562  3701  3701 V MediaModeService: com.harman.mediamodeservice.persistence.MediaModePersistence->updatePlayState
07-12 13:53:45.562  3701  3701 I MediaModeService: <<Persistence>> getTopSource SourceInfo{mName:com.harman.mediacoreservice/com.harman.mediacoreservice.harmanandroidautoplayer.HarmanAndroidAutoPlayer, mState:3, mExtra:Bundle[{SOURCE_KEY=android-app://com.harman.mediacoreservice/harmanandroidautoplayer/androidauto?device=ZD22277QY9}]}
07-12 13:53:45.563  3701  3833 I MediaModeService: <<Persistence>> updated sourceInfo :  SourceInfo{mName:com.harman.mediacoreservice/com.harman.mediacoreservice.harmanandroidautoplayer.HarmanAndroidAutoPlayer, mState:3, mExtra:Bundle[{SOURCE_KEY=android-app://com.harman.mediacoreservice/harmanandroidautoplayer/androidauto?device=ZD22277QY9}]}
07-12 13:53:45.575  2446  2542 E libc    : Access denied finding property "persist.vendor.st.timemode"
07-12 13:53:45.599 15189 15189 I SERVICE_HANDLER: [com.harman.drivenext.service.handler.ServiceHandler.sendData] 
07-12 13:53:45.626  2446  2542 E libc    : Access denied finding property "persist.vendor.st.timemode"
07-12 13:53:45.668   542   542 E eth_check: Error !!! ethernet interface is not valid
07-12 13:53:45.677  2446  2542 E libc    : Access denied finding property "persist.vendor.st.timemode"
07-12 13:53:45.728  2446  2542 E libc    : Access denied finding property "persist.vendor.st.timemode"
07-12 13:53:45.745  3912 17663 D ExternalMediaServer: SourceProvider :  TimerTask Source : Source{mIsPlayable=false, mIsBrowsable=false, mDevId='ZD22277QY9', mName='motorola edge 30', mType=12, mScanStatus=0, mSerialNumber='', mVendorNumber='', mProductNumber='', mPortIndex=0, isSupported=true, isConnected=true, isSearchSupported=false, mZoneId=0, mReadyToPlay=0, mContentType=0, mPosition=29000, mPlaystate=1, mIsActive=true, mRepeatMode=2, mShuffleMode=1} PlaybackPosition : 30000
07-12 13:53:45.745  3912 17663 V ExternalMediaServer: SourceProvider : notifyPlayPositionChange : Source{mIsPlayable=false, mIsBrowsable=false, mDevId='ZD22277QY9', mName='motorola edge 30', mType=12, mScanStatus=0, mSerialNumber='', mVendorNumber='', mProductNumber='', mPortIndex=0, isSupported=true, isConnected=true, isSearchSupported=false, mZoneId=0, mReadyToPlay=0, mContentType=0, mPosition=30000, mPlaystate=1, mIsActive=true, mRepeatMode=2, mShuffleMode=1}
07-12 13:53:45.746  3912  4075 I ExternalMediaServer: EWClient : handleMessage : sourceId : ZD22277QY9Data: Bundle[{sourceID=ZD22277QY9}]
07-12 13:53:45.746  3912  4076 D ExternalMediaServer: TsrClient : notifyPlayPositionChange : sourceId = ZD22277QY9 mActiveSource = Source{mIsPlayable=false, mIsBrowsable=false, mDevId='64:11:A4:8D:85:A9', mName='motorola edge 30', mType=3, mScanStatus=0, mSerialNumber='', mVendorNumber='', mProductNumber='', mPortIndex=-1, isSupported=true, isConnected=false, isSearchSupported=false, mZoneId=0, mReadyToPlay=0, mContentType=0, mPosition=155361, mPlaystate=7, mIsActive=true, mRepeatMode=0, mShuffleMode=0}
07-12 13:53:45.746  3912  4075 D ExternalMediaServer: :void adapter::notifyPlayPositionChangeNative(JNIEnv *, jobject, jbyteArray):
07-12 13:53:45.746  3912  4075 D ExternalMediaServer: :void adapter::MediaSourceAdapterJNI::onPlayTimeChange():
07-12 13:53:45.746  3912  4075 V ExternalMediaServer: JNIThreadAttacher: status :  0
07-12 13:53:45.746  3912  4075 V ExternalMediaServer: Source : getPosition :30000
07-12 13:53:45.746  3912  4075 V ExternalMediaServer: ~JavaVMAttachThread ::
07-12 13:53:45.746  3912  4075 V ExternalMediaServer: std::string adapter::MediaSourceAdapterJNI::CallObjectMethodReturnString(jobject, jmethodID, int)
07-12 13:53:45.746  3912  4075 V ExternalMediaServer: JNIThreadAttacher: status :  0
07-12 13:53:45.746  3912  4075 V ExternalMediaServer: Source : getMetaData for Field : 9
07-12 13:53:45.746  3912  4075 V ExternalMediaServer: ~JavaVMAttachThread ::
07-12 13:53:45.746  3912  4075 I ExternalMediaServer: virtual void EWMediaPluginCallback::onPlayTimeChange(sPlayTime &):: Zoneid 0,CurrentPlayPosition 30000 Total Duration 261000
07-12 13:53:45.746  3912  4075 D ExternalMediaServer: virtual void MediaDeviceNotifierHandler::onPlayTimeChange(const MediaTypesSAPILow::PlayTime &, const uint8_t &)
07-12 13:53:45.746  3912  4075 D ExternalMediaServer: virtual void MediaClientDeviceCallback::onPlayTimeChange(const MediaTypesSAPILow::PlayTime &, const uint8_t &) connection status: 1
07-12 13:53:45.746  3912  4075 D ExternalMediaServer: virtual void MediaClientDeviceCallback::onPlayTimeChange(const MediaTypesSAPILow::PlayTime &, const uint8_t &) CurrTime :30 ..totalDur: 261
07-12 13:53:45.746  3912  4075 D EWInfra : JNIAdapter::setAttributeValue:serviceURI:v2_com.harman.atlas.media.MediaClient_MediaServer.clusterClientInstance attribute:playTime payload:{"playTime":{"deviceId":"ZD22277QY9","zoneId":0,"currTime":30,"totalDuration":261}}
07-12 13:53:45.746  3912  4075 D EWInfra :  JNIMediaClientEWServer::setAttributeValue playTime
07-12 13:53:45.746  3912  4075 D EWInfra :  JNIMediaClientEWServer::setPlayTime
07-12 13:53:45.746  3912  4075 D EWInfra :  JNIMediaClientEWServer::sendUpdatePlayTime
07-12 13:53:45.746  3912  4075 D EWInfra :  JNIMediaClientEWServer::getPlayTime
07-12 13:53:45.746  1944  1966 D EWService: EWAIDLTransport::sendSignal serverID: 37 interfaceURI: v2_com.harman.atlas.media.MediaClient_MediaServer.clusterClientInstance signalName: playTime status code: 0 data payload: {"playTime":{"deviceId":"ZD22277QY9","zoneId":0,"currTime":30,"totalDuration":261}} data errorCode: 0
07-12 13:53:45.747  1944  2097 D EWService: EWServiceHandler::run commandType: sendSignal
07-12 13:53:45.747  1944  2097 D EWService: EWServiceHandler::processSendSignal
07-12 13:53:45.747  1944  2097 D EWService: ServiceRegistry::getClient clientID: 3
07-12 13:53:45.747  1944  2097 D EWService: EWStableAidlClientCB::onUpdate signalName: playTime mGatewayData payload: {"playTime":{"deviceId":"ZD22277QY9","zoneId":0,"currTime":30,"totalDuration":261}} mGatewayData errorCode: 0
07-12 13:53:45.747  3912  4075 D ExternalMediaServer: onPlayPositionChange: pos: 30000 duration: 261000
07-12 13:53:45.747  3912  4075 D ExternalMediaServer: PlayPosition changed for sourceId: ZD22277QY9
07-12 13:53:45.747   726   726 D vendor.harman.frameworks.ewgateway@0.0-service: StableAidlClient::onEventUpdate() ClientID : 3 Signal Name: playTime
07-12 13:53:45.747   726   726 D vendor.harman.frameworks.ewgateway@0.0-service: MediaClientServerImpl::processResponse() Method Name: playTime Payload: {"playTime":{"deviceId":"ZD22277QY9","zoneId":0,"currTime":30,"totalDuration":261}}17
07-12 13:53:45.747   726   726 D vendor.harman.frameworks.ewgateway@0.0-service: MediaClientServerImpl::processResponse:: playTime SAPIRead successful, Payload : {"playTime":{"deviceId":"ZD22277QY9","zoneId":0,"currTime":30,"totalDuration":261}}
07-12 13:53:45.748   726   726 I vendor.harman.frameworks.ewgateway@0.0-service: MediaClientServerImpl::processResponse(), set_playTime is called 
07-12 13:53:45.748   726   726 D vendor.harman.frameworks.ewgateway@0.0-service: StableAidlClient::onEventUpdate():clusterClientInstance: event update sent for clientID : 3 signalName : playTime
07-12 13:53:45.752  1975  2103 I android_os_HwBinder: HwBinder: Starting thread pool for getting: vendor.harman.hardware.usb.gadgetext@1.0::IUsbGadgetExt/default
07-12 13:53:45.758  1529  3779 V AapManager: AACarWatchdogManager onCheckHealthStatus sessionId : 1667 timeout : 1
07-12 13:53:45.758  1545  2592 V CarPlay : CpCarWatchdogManager onCheckHealthStatus sessionId : 1669 timeout : 2
07-12 13:53:45.759  1975  2593 D HarmanUsbHandler: CarWatchogClientCallBackToHUH
07-12 13:53:45.759  1545  2303 V CarPlay : CpCarWatchdogManager checkHealthStatus mIsThreadBlocked false isDomainThreadsOk true
07-12 13:53:45.759  1529  2343 D AapManager: AapManager: [getAppStatus:1880] : CAapManager::getAppStatus
07-12 13:53:45.759  1529  2343 D AapManager: AapManager: [getAppStatus:142] : CGalWatchdogManager: getAppStatus returned status: 1, elapsedTime: 2292
07-12 13:53:45.759  1529  2343 D AapManager: AapManager: [Java_com_harman_connectivity_androidauto_core_AapSessionManager_nativeGetAppStatus:1891] : domainThreadStatus - 1 , prevTime - 2286 , currentThreadTime - 2292
07-12 13:53:45.759  1529  2343 V AapManager: AACarWatchdogManager checkHealthStatus mIsThreadBlocked false isDomainThreadsOk true
07-12 13:53:45.780  2446  2542 E libc    : Access denied finding property "persist.vendor.st.timemode"
07-12 13:53:45.832  2446  2542 E libc    : Access denied finding property "persist.vendor.st.timemode"
07-12 13:53:45.858   446   446 E HARMAN_LOCATION: log_as_hex: $SAT_ length too long (1336)
07-12 13:53:45.859   446   446 E HARMAN_LOCATION: $ERR due to untrusted GNSS, calibration procedure been set from scratch
07-12 13:53:45.884  2446  2542 E libc    : Access denied finding property "persist.vendor.st.timemode"
07-12 13:53:45.935  2446  2542 E libc    : Access denied finding property "persist.vendor.st.timemode"
07-12 13:53:45.969   542   542 E eth_check: Error !!! ethernet interface is not valid
07-12 13:53:45.977   454 17602 I QC2Comp : [avcD_33] Stats: Works: Q: 3118/Done 3118|Work-Rate: Q(29.4/s Avg=29.6/s) Done(29.394/s Avg=29.626/s)| Stream: 34.20fps 452.8Kbps| Pending(0) i/p-done(0)
07-12 13:53:45.987  2446  2542 E libc    : Access denied finding property "persist.vendor.st.timemode"
07-12 13:53:45.995   597   597 I evs_hal_client: ais_initialize:1282 HIGH AIS CLIENT START 407
07-12 13:53:45.996   597   597 I evs_hal_client: ais_conn_open_hv:83 HIGH E 0x7fc4f70520 0 1
07-12 13:53:45.996   597   597 I evs_hal_client: ais_conn_open_hv:102 HIGH X 0x7fc4f70520 0 1 0
07-12 13:53:45.996   597   597 I uhab    : habmm_socket_open: opened fd 12, refcnt 1, return 0, vcid c900001
07-12 13:53:45.997   597   597 I evs_hal_client: ais_conn_close_hv:116 HIGH E 0x7fc4f70520
07-12 13:53:45.997   597   597 I uhab    : habmm_socket_close: close fd 12, refcnt 0, vcid C900001
07-12 13:53:45.997   597   597 I evs_hal_client: ais_conn_close_hv:154 HIGH X 0x7fc4f70520 0
07-12 13:53:45.997   597   597 I evs_hal_client: ais_conn_open_hv:83 HIGH E 0x7b998d8950 4 1
07-12 13:53:45.997   597   597 I evs_hal_client: ais_conn_open_hv:102 HIGH X 0x7b998d8950 4 1 0
07-12 13:53:45.998   597   597 I uhab    : habmm_socket_open: opened fd 12, refcnt 1, return 0, vcid c900001
07-12 13:53:45.998   597   597 I evs_hal_client: ais_conn_open_hv:83 HIGH E 0x7b998d8ec0 3 1
07-12 13:53:45.998   597   597 I evs_hal_client: ais_conn_open_hv:102 HIGH X 0x7b998d8ec0 3 1 0
07-12 13:53:45.999   597   597 I uhab    : habmm_socket_open: opened fd 12, refcnt 2, return 0, vcid c900002
07-12 13:53:45.999   597   597 E MM_OSAL : MM_Thread_CreateEx::thread 0x519813463232 created with stack 1015808 bytes
07-12 13:53:46.000   597   597 E MM_OSAL : MM_Thread_CreateEx::thread 0x519812422848 created with stack 1015808 bytes
07-12 13:53:46.000   597   597 E MM_OSAL : MM_Thread_CreateEx::thread 0x519811382464 created with stack 1015808 bytes
07-12 13:53:46.001   597   597 E EvsHal  : Failed qcarcam_query_inputs number of inputs=0 ret=0
07-12 13:53:46.001   597   597 E EvsHal  : Found 0 qualified video capture devices found
07-12 13:53:46.001   597   597 I evs_hal_client: ais_client_destroy:999 HIGH E 0
07-12 13:53:46.001   597   597 I evs_hal_client: ais_conn_close_hv:116 HIGH E 0x7b998d8ec0
07-12 13:53:46.001   597 18119 I uhab    : habmm_socket_recv: fd 12, return -19, received bytes 0, vcid C900002
07-12 13:53:46.001   597 18119 E evs_hal_client: ais_conn_recv_hv:416 ERR 0x7b998d8ec0 -19 19 1
07-12 13:53:46.001   597 18119 E evs_hal_client: ais_conn_recv_hv:431 ERR X 0x7b998d8ec0 0x79074bfb00 0x79074bfafc | 264 250 -4
07-12 13:53:46.001   597   597 I uhab    : habmm_socket_close: skip close fd 12, refcnt 1, vcid C900002
07-12 13:53:46.001   597 18119 E evs_hal_client: ais_client_event_recv_thread:467 ERR aborting event thread due to error -4
07-12 13:53:46.001   597   597 I evs_hal_client: ais_conn_close_hv:154 HIGH X 0x7b998d8ec0 0
07-12 13:53:46.002   597   597 I evs_hal_client: ais_conn_close_hv:116 HIGH E 0x7b998d8be0
07-12 13:53:46.002   597   597 I evs_hal_client: ais_conn_close_hv:154 HIGH X 0x7b998d8be0 0
07-12 13:53:46.002   597   597 I evs_hal_client: ais_conn_close_hv:116 HIGH E 0x7b998d8950
07-12 13:53:46.002   597   597 I uhab    : habmm_socket_close: close fd 12, refcnt 0, vcid C900001
07-12 13:53:46.002   597   597 I evs_hal_client: ais_conn_close_hv:154 HIGH X 0x7b998d8950 0
07-12 13:53:46.002   598   932 E evsSVLiteApp_harman: Error: only 0 of 4 cameras found!
07-12 13:53:46.005   597   597 W EvsHal  : Got a frame returned while not visible - ignoring.
07-12 13:53:46.024  1529 15375 E AapManager: AapManager_RfCommConnectionBluetoothConnection startReadingMessages: 8
07-12 13:53:46.024  1529 15374 D AapManager: AapManager_RfCommConnection Stopping WiFi Ping request timer
07-12 13:53:46.024  1529 15374 D AapManager: AapManager_RfCommConnection Wifi Ping Request Timer started.
07-12 13:53:46.025  1529 15375 D AapManager: AapManager_RfCommConnectiontimeStamp : 1689246993077
07-12 13:53:46.038  2446  2542 E libc    : Access denied finding property "persist.vendor.st.timemode"
07-12 13:53:46.089  2446  2542 E libc    : Access denied finding property "persist.vendor.st.timemode"
07-12 13:53:46.106 15189 15189 I SERVICE_HANDLER: [com.harman.drivenext.service.handler.ServiceHandler.sendData] 
07-12 13:53:46.141  2446  2542 E libc    : Access denied finding property "persist.vendor.st.timemode"
07-12 13:53:46.193  2446  2542 E libc    : Access denied finding property "persist.vendor.st.timemode"
07-12 13:53:46.214   598 15111 E evsSVLiteApp_harman: get camera stream handler failed
07-12 13:53:46.214   598 15111 I chatty  : uid=0(root) HwBinder:598_1 identical 2 lines
07-12 13:53:46.214   598 15111 E evsSVLiteApp_harman: get camera stream handler failed
07-12 13:53:46.245  2446  2542 E libc    : Access denied finding property "persist.vendor.st.timemode"
07-12 13:53:46.270   542   542 E eth_check: Error !!! ethernet interface is not valid
07-12 13:53:46.296  2446  2542 E libc    : Access denied finding property "persist.vendor.st.timemode"
07-12 13:53:46.337  1529  1529 D AapManager: AASensorManager__ CarPropertyEventCallback onChangeEvent sendCarPropertyChangeEvent : 291504647
07-12 13:53:46.337  1529  1529 V AapManager: AASensorManager__ onChangeEvent() getPropertyId: 291504647speed 0.0
07-12 13:53:46.348  2446  2542 E libc    : Access denied finding property "persist.vendor.st.timemode"
07-12 13:53:46.399  2446  2542 E libc    : Access denied finding property "persist.vendor.st.timemode"
07-12 13:53:46.436   449  3429 I vendor.harman.thermal@2.0-service: Error Reason :0
07-12 13:53:46.436   449  3429 I vendor.harman.thermal@2.0-service: CHECK FOR SENSOR_NAME_CPU: CPU_AOSS 
07-12 13:53:46.436   449  3429 I vendor.harman.thermal@2.0-service: CHECK FOR SENSOR_NAME_CPU: CPUSS.0 
07-12 13:53:46.436   449  3429 I vendor.harman.thermal@2.0-service: CHECK FOR SENSOR_NAME_CPU: CPUSS.1 
07-12 13:53:46.436   449  3429 I vendor.harman.thermal@2.0-service: CHECK FOR SENSOR_NAME_CPU: CPUSS.2 
07-12 13:53:46.437   449  3429 I vendor.harman.thermal@2.0-service: CHECK FOR SENSOR_NAME_CPU: CPUSS.3 
07-12 13:53:46.437   449  3429 I vendor.harman.thermal@2.0-service: CHECK FOR SENSOR_NAME_CPU: CPU.1.0 
07-12 13:53:46.437   449  3429 I vendor.harman.thermal@2.0-service: CHECK FOR SENSOR_NAME_CPU: CPU.1.1 
07-12 13:53:46.437   449  3429 I vendor.harman.thermal@2.0-service: CHECK FOR SENSOR_NAME_CPU: CPU.1.2 
07-12 13:53:46.437   449  3429 I vendor.harman.thermal@2.0-service: CHECK FOR SENSOR_NAME_CPU: CPU.1.3 
07-12 13:53:46.437   449  3429 I vendor.harman.thermal@2.0-service: CHECK FOR SENSOR_NAME_CPU: GPU 
07-12 13:53:46.437   449  3429 I vendor.harman.thermal@2.0-service: CHECK FOR SENSOR_NAME_CPU: Q6_HVX 
07-12 13:53:46.437   449  3429 I vendor.harman.thermal@2.0-service: CHECK FOR SENSOR_NAME_CPU: MDM_CORE 
07-12 13:53:46.437   449  3429 I vendor.harman.thermal@2.0-service: CHECK FOR SENSOR_NAME_CPU: CAMERA 
07-12 13:53:46.437   449  3429 I vendor.harman.thermal@2.0-service: CHECK FOR SENSOR_NAME_CPU: WLAN 
07-12 13:53:46.437   449  3429 I vendor.harman.thermal@2.0-service: CHECK FOR SENSOR_NAME_CPU: DISPLAY 
07-12 13:53:46.437   449  3429 I vendor.harman.thermal@2.0-service: CHECK FOR SENSOR_NAME_CPU: VIDEO 
07-12 13:53:46.437   449  3429 I HarmanThermalHAL: Sending SOC temp 45.000000 to IOC
07-12 13:53:46.437   449  3429 I HarmanThermalHAL: actual temp : 45.000000 :: offset temp : 95
07-12 13:53:46.450  2446  2542 E libc    : Access denied finding property "persist.vendor.st.timemode"
07-12 13:53:46.459   274   274 E SELinux : avc:  denied  { find } for pid=5267 uid=1001000 name=SurfaceFlinger scontext=u:r:apprepetition_system_app:s0 tcontext=u:object_r:surfaceflinger_service:s0 tclass=service_manager permissive=0
07-12 13:53:46.459  5267  8197 W ServiceManager: Service SurfaceFlinger didn't start. Returning NULL
07-12 13:53:46.501  2446  2542 E libc    : Access denied finding property "persist.vendor.st.timemode"
07-12 13:53:46.551  2446  2542 E libc    : Access denied finding property "persist.vendor.st.timemode"
07-12 13:53:46.556  1529 17574 D AapManager: AapManager: [mediaPlaybackStatusUpdate:294] : calling java method of mediaPlaybackStatusUpdate
07-12 13:53:46.556  1529 17574 D AapManager: AAManager__mediaPlaybackStatusUpdate: State=2, mediaSource=Spotify, elapsedTime=31, isShuffleOn=false, isRepeatOn =false, isRepeatSong=false
07-12 13:53:46.556  1529  2349 D AapManager: AAManager__ AapCallbackHandler, msg = 10
07-12 13:53:46.557  4133  4480 D MediaCoreService: AndroidAutoAdapter__onMediaPlaybackStatusCallback : playbackStatus = PlaybackState {state=3, position=31, buffered position=0, speed=0.0, updated=2397189, actions=0, custom actions=[], active item id=-1, error=null}
07-12 13:53:46.558  1529  1556 D AapManager: AAManager__mAAServiceBinder: getConnectedDevSerialNumber
07-12 13:53:46.559  4133  4480 D MediaCoreService: AndroidAutoAdapter__getConnectedDevSerialNumber: number = ZD22277QY9
07-12 13:53:46.559  4133  4480 D MediaCoreService: AndroidAutoPlayer__notifyPlaybackStatusChanged : playbackState = PlaybackState {state=3, position=31, buffered position=0, speed=0.0, updated=2397189, actions=0, custom actions=[], active item id=-1, error=null}
07-12 13:53:46.559  4133  4480 D MediaCoreService: HarmanAndroidAutoPlayerAdapter__onPlaybackChanged playbackstate:PlaybackState {state=3, position=31000, buffered position=0, speed=0.0, updated=2397189, actions=3670011, error code=0, error message=null, custom actions=[], active item id=-1}
07-12 13:53:46.559  4133  4480 D MediaCoreService: Utils__displayActions : ===== begin =====
07-12 13:53:46.559  4133  4480 D MediaCoreService: Utils__displayActions : [0] : ACTION_STOP
07-12 13:53:46.559  4133  4480 D MediaCoreService: Utils__displayActions : [1] : ACTION_PAUSE
07-12 13:53:46.559  4133  4480 D MediaCoreService: Utils__displayActions : [3] : ACTION_REWIND
07-12 13:53:46.559  4133  4480 D MediaCoreService: Utils__displayActions : [4] : ACTION_SKIP_TO_PREVIOUS
07-12 13:53:46.559  4133  4480 D MediaCoreService: Utils__displayActions : [5] : ACTION_SKIP_TO_NEXT
07-12 13:53:46.559  4133  4480 D MediaCoreService: Utils__displayActions : [6] : ACTION_FAST_FORWARD
07-12 13:53:46.559  4133  4480 D MediaCoreService: Utils__displayActions : [7] : ACTION_SET_RATING
07-12 13:53:46.559  4133  4480 D MediaCoreService: Utils__displayActions : [8] : ACTION_SEEK_TO
07-12 13:53:46.559  4133  4480 D MediaCoreService: Utils__displayActions : [9] : ACTION_PLAY_PAUSE
07-12 13:53:46.559  4133  4480 D MediaCoreService: Utils__displayActions : [10] : ACTION_PLAY_FROM_MEDIA_ID
07-12 13:53:46.559  4133  4480 D MediaCoreService: Utils__displayActions : [11] : ACTION_PLAY_FROM_SEARCH
07-12 13:53:46.560  4133  4480 D MediaCoreService: Utils__displayActions : [12] : ACTION_SKIP_TO_QUEUE_ITEM
07-12 13:53:46.560  4133  4480 D MediaCoreService: Utils__displayActions : [13] : ACTION_PLAY_FROM_URI
07-12 13:53:46.560  4133  4480 D MediaCoreService: Utils__displayActions : [14] : ACTION_PREPARE
07-12 13:53:46.560  4133  4480 D MediaCoreService: Utils__displayActions : [15] : ACTION_PREPARE_FROM_MEDIA_ID
07-12 13:53:46.560  4133  4480 D MediaCoreService: Utils__displayActions : [16] : ACTION_PREPARE_FROM_SEARCH
07-12 13:53:46.560  4133  4480 D MediaCoreService: Utils__displayActions : [17] : ACTION_PREPARE_FROM_URI
07-12 13:53:46.560  4133  4480 D MediaCoreService: Utils__displayActions : [18] : ACTION_SET_REPEAT_MODE
07-12 13:53:46.560  4133  4480 D MediaCoreService: Utils__displayActions : [20] : ACTION_SET_CAPTION_ENABLED
07-12 13:53:46.560  4133  4480 D MediaCoreService: Utils__displayActions : [21] : ACTION_SET_SHUFFLE_MODE
07-12 13:53:46.560  4133  4480 D MediaCoreService: Utils__displayActions : ===== end  ======
07-12 13:53:46.560  4133  4480 D MediaCoreService: HarmanAndroidAutoPlayerAdapter__notifyPlaybackState : playbackstate = PlaybackState {state=3, position=31000, buffered position=0, speed=0.0, updated=2397189, actions=3670011, error code=0, error message=null, custom actions=[], active item id=-1}
07-12 13:53:46.560  3912  3912 D ExternalMediaServer: SessionPlayer : onPlaybackStateChanged PlaybackState {state=3, position=31000, buffered position=0, speed=0.0, updated=2397189, actions=3670011, error code=0, error message=null, custom actions=[], active item id=-1}
07-12 13:53:46.561  3912  3912 D ExternalMediaServer: MediaSourceProvider : onPlaybackStateChanged Bundle : Bundle[mParcelledData.dataSize=224]
07-12 13:53:46.561  3912  3912 I ExternalMediaServer: SourceProvider : onPlaybackStateChanged source : ZD22277QY9State : 1
07-12 13:53:46.561  3912  3912 D ExternalMediaServer: MediaSourceProvider : getCurrentPlayingSource: playbackState : PlaybackState {state=3, position=31000, buffered position=0, speed=0.0, updated=2397194, actions=3670011, error code=0, error message=null, custom actions=[], active item id=-1}
07-12 13:53:46.561  3912  3912 V ExternalMediaServer: Source : getPlayState :1
07-12 13:53:46.561  4838  4863 I E12_SOURCE: onPlaybackStateChanged received state: PlaybackState {state=3, position=31000, buffered position=0, speed=0.0, updated=2397189, actions=3670011, error code=0, error message=null, custom actions=[], active item id=-1}
07-12 13:53:46.561  3912  3912 D ExternalMediaServer: SourceProvider : No Change in Playstate
07-12 13:53:46.561  4838  4863 V E12_SOURCE: mExtras:Bundle[{com.harman.media.harmanaudioplayer.service.ALWAYS_RESERVE_SPACE_FOR.ACTION_QUEUE=true, com.harman.media.action.FASTFORWARD=true, com.harman.media.action.SET_SHUFFLE=true, com.harman.media.action.FASTREWIND=true, android.media.session.BROWSE_SERVICE=com.harman.mediacoreservice.harmanandroidautoplayer.HarmanAndroidAutoPlayer, SOURCE_KEY=android-app://com.harman.mediacoreservice/harmanandroidautoplayer/androidauto?device=ZD22277QY9, com.harman.media.harmanaudioplayer.service.ALWAYS_RESERVE_SPACE_FOR.ACTION_SKIP_TO_NEXT=true, com.harman.mediacoreservice.action.SET_SURFACE=true, com.harman.media.harmanaudioplayer.service.ALWAYS_RESERVE_SPACE_FOR.ACTION_SKIP_TO_PREVIOUS=true, com.harman.media.action.SET_REPEAT=true}]
07-12 13:53:46.561  4838  4863 V E12_SOURCE: compareSessionToSource value:true
07-12 13:53:46.561  3606  3881 I E12_SOURCE: onPlaybackStateChanged received state: PlaybackState {state=3, position=31000, buffered position=0, speed=0.0, updated=2397189, actions=3670011, error code=0, error message=null, custom actions=[], active item id=-1}
07-12 13:53:46.561  4838  4863 I E12_SOURCE: onPlaybackStateChanged received state: PlaybackState {state=3, position=31000, buffered position=0, speed=0.0, updated=2397189, actions=3670011, error code=0, error message=null, custom actions=[], active item id=-1}
07-12 13:53:46.561  4838  4863 V E12_SOURCE: mExtras:Bundle[{com.harman.media.harmanaudioplayer.service.ALWAYS_RESERVE_SPACE_FOR.ACTION_QUEUE=true, com.harman.media.action.FASTFORWARD=true, com.harman.media.action.SET_SHUFFLE=true, com.harman.media.action.FASTREWIND=true, android.media.session.BROWSE_SERVICE=com.harman.mediacoreservice.harmanandroidautoplayer.HarmanAndroidAutoPlayer, SOURCE_KEY=android-app://com.harman.mediacoreservice/harmanandroidautoplayer/androidauto?device=ZD22277QY9, com.harman.media.harmanaudioplayer.service.ALWAYS_RESERVE_SPACE_FOR.ACTION_SKIP_TO_NEXT=true, com.harman.mediacoreservice.action.SET_SURFACE=true, com.harman.media.harmanaudioplayer.service.ALWAYS_RESERVE_SPACE_FOR.ACTION_SKIP_TO_PREVIOUS=true, com.harman.media.action.SET_REPEAT=true}]
07-12 13:53:46.561  3606  3881 V E12_SOURCE: mExtras:Bundle[{com.harman.media.harmanaudioplayer.service.ALWAYS_RESERVE_SPACE_FOR.ACTION_QUEUE=true, com.harman.media.action.FASTFORWARD=true, com.harman.media.action.SET_SHUFFLE=true, com.harman.media.action.FASTREWIND=true, android.media.session.BROWSE_SERVICE=com.harman.mediacoreservice.harmanandroidautoplayer.HarmanAndroidAutoPlayer, SOURCE_KEY=android-app://com.harman.mediacoreservice/harmanandroidautoplayer/androidauto?device=ZD22277QY9, com.harman.media.harmanaudioplayer.service.ALWAYS_RESERVE_SPACE_FOR.ACTION_SKIP_TO_NEXT=true, com.harman.mediacoreservice.action.SET_SURFACE=true, com.harman.media.harmanaudioplayer.service.ALWAYS_RESERVE_SPACE_FOR.ACTION_SKIP_TO_PREVIOUS=true, com.harman.media.action.SET_REPEAT=true}]
07-12 13:53:46.561  4838  4863 V E12_SOURCE: compareSessionToSource value:true
07-12 13:53:46.561  3606  3881 V E12_SOURCE: compareSessionToSource value:true
07-12 13:53:46.561  4838  4863 I E12_PLAYING: PlaybackModel.onPlayerStateChanged: android-app://com.harman.mediacoreservice/harmanandroidautoplayer/androidauto?device=ZD22277QY9
07-12 13:53:46.561  3606  3881 I E12_PLAYING: Player state changed for source pkg - com.harman.mediacoreservice & current play-state is - 3
07-12 13:53:46.562  3912  3912 D ExternalMediaServer: SourceProvider : onMetadataChange: source : ZD22277QY9
07-12 13:53:46.562  3912  3912 D ExternalMediaServer: SourceProvider : isSameMetaData previousMetadata: android.support.v4.media.MediaMetadataCompat@6428283 ; currentMetadata:android.support.v4.media.MediaMetadataCompat@d706492
07-12 13:53:46.562  3912  3912 D ExternalMediaServer: SourceProvider : onMetadataChange : no change in metadata
07-12 13:53:46.563  3701  3701 V MediaModeService: com.harman.mediamodeservice.lastmediasource.MediaBrowserConnector$11->onPlaybackStateChanged
07-12 13:53:46.563  3701  3701 I MediaModeService: <<HarmanAndroidAutoPlayer>> onPlaybackStateChanged:3
07-12 13:53:46.563  3701  3701 I MediaModeService: <<HarmanAndroidAutoPlayer.playstate>> get trigger Playing
07-12 13:53:46.563  3701  3701 I MediaModeService: <<LastMediaSourceManager.state>> get trigger PlayStateUpdate
07-12 13:53:46.563  3701  3701 V MediaModeService: com.harman.mediamodeservice.persistence.MediaModePersistence->getLastMediaSource
07-12 13:53:46.563  3701  3701 I MediaModeService: <<Persistence>> getTopSource SourceInfo{mName:com.harman.mediacoreservice/com.harman.mediacoreservice.harmanandroidautoplayer.HarmanAndroidAutoPlayer, mState:3, mExtra:Bundle[{SOURCE_KEY=android-app://com.harman.mediacoreservice/harmanandroidautoplayer/androidauto?device=ZD22277QY9}]}
07-12 13:53:46.563  3606  3881 V E12_SOURCE: processSourceSwitchAndNotify:motorola edge 30 id:android-app://com.harman.mediacoreservice/harmanandroidautoplayer/androidauto?device=ZD22277QY9
07-12 13:53:46.564  3701  3701 V MediaModeService: com.harman.mediamodeservice.persistence.MediaModePersistence->updatePlayState
07-12 13:53:46.564  3701  3701 I MediaModeService: <<Persistence>> getTopSource SourceInfo{mName:com.harman.mediacoreservice/com.harman.mediacoreservice.harmanandroidautoplayer.HarmanAndroidAutoPlayer, mState:3, mExtra:Bundle[{SOURCE_KEY=android-app://com.harman.mediacoreservice/harmanandroidautoplayer/androidauto?device=ZD22277QY9}]}
07-12 13:53:46.564  4838  4863 I E12_WIDGET: WidgetManager no change in onPlaybackInfoChanged
07-12 13:53:46.564  4838  4880 I E12_WIDGET: EntertainmentHelper onPlaybackInfoChanged for source: ANDROID_AUTO mPlaybackState: 3
07-12 13:53:46.565  4838  4880 I E12_HELPER: E12HelperService onMetadataUpdate source: ANDROID_AUTO
07-12 13:53:46.566  3701  3833 I MediaModeService: <<Persistence>> updated sourceInfo :  SourceInfo{mName:com.harman.mediacoreservice/com.harman.mediacoreservice.harmanandroidautoplayer.HarmanAndroidAutoPlayer, mState:3, mExtra:Bundle[{SOURCE_KEY=android-app://com.harman.mediacoreservice/harmanandroidautoplayer/androidauto?device=ZD22277QY9}]}
07-12 13:53:46.570   542   542 E eth_check: Error !!! ethernet interface is not valid
07-12 13:53:46.602  2446  2542 E libc    : Access denied finding property "persist.vendor.st.timemode"
07-12 13:53:46.611 15189 15189 I SERVICE_HANDLER: [com.harman.drivenext.service.handler.ServiceHandler.sendData] 
07-12 13:53:46.629   423 15270 I HarmanHal.Routing: hacs pcmMicRefIn_ll_c :  ch[0]:0x4734d9; ch[1]:0x3451f3; ch[2]:0x34c999; ch[3]:0x185c80; ch[4]:0x16e059; in printAudioSamplesInformation() AudioDump.cpp:378
07-12 13:53:46.629   423 15269 I HarmanHal.Routing: hacs bus10_native_vr_ul_in :  ch[0]:0x1da; in printAudioSamplesInformation() AudioDump.cpp:378
07-12 13:53:46.631   423 15291 I HarmanHal.Routing: hacs bus9_alexa_ul_in :  ch[0]:0x2d5; in printAudioSamplesInformation() AudioDump.cpp:378
07-12 13:53:46.653  2446  2542 E libc    : Access denied finding property "persist.vendor.st.timemode"
07-12 13:53:46.704  2446  2542 E libc    : Access denied finding property "persist.vendor.st.timemode"
07-12 13:53:46.711   274   274 E SELinux : avc:  denied  { find } for pid=5267 uid=1001000 name=SurfaceFlinger scontext=u:r:apprepetition_system_app:s0 tcontext=u:object_r:surfaceflinger_service:s0 tclass=service_manager permissive=0
07-12 13:53:46.711  5267  8197 I ServiceManager: Waiting for service 'SurfaceFlinger' on '/dev/binder'...
07-12 13:53:46.736  1529  2349 D AapManager: AAManager__ AapCallbackHandler, msg = 19
07-12 13:53:46.737  2468  8198 V AapManager:  AaCarNavAppFocusManager  isAANavigationFocused: true
07-12 13:53:46.738  1529  2349 D AapManager: AaNavigationManager__isAAOwningFocus = true
07-12 13:53:46.740  1529  2349 D AapManager: AapClusterManager__navigationCurrentPositionCallback navigationCurrentPosition : NavigationCurrentPosition{stepDistance=NavigationStepDistance{distance=NavigationDistance{meters=0, displayValue='0', aapDistanceUnits=METERS}, timeToStepSeconds=0}, destinationDistance=[NavigationDestinationDistance{distance=NavigationDistance{meters=2715, displayValue='2.7', aapDistanceUnits=KILOMETERS_P1}, estimatedArrivalTime='4:53 pm', timeToArrivalSeconds=430}], navigationRoad=NavigationRoad{roadName=''}}
07-12 13:53:46.740  1529  2349 D AapManager: AapClusterManager__navigationCurrentPositionCallback aaNavigationStateAANavigationState{navigationSteps=[NavigationStep{navigationManeuver=NavigationManeuver{roundAboutExitNumber=0, roundAboutExitAngle=0, aapNavigationType=DEPART}, navigationRoad=NavigationRoad{roadName='7th Cross Rd'}, navigationLane=[], navigationCue=NavigationCue{alternateText=[7th Cross Rd towards Graphite India Main Rd / ITPL Main Rd / Kundalahalli Main Rd]}}], navigationDestinations=[NavigationDestination{address='Bengaluru, Karnataka'}]}
07-12 13:53:46.741  1529  2349 D AapManager: AapClusterManager__getETAInZonedDateTimeFormat for timeArrivalSeconds:430,zone:Asia/Kolkata,datetime:2023-07-12T14:00:56.740resultant zonedDateTime is:2023-07-12T14:00:56.740+05:30[Asia/Kolkata]
07-12 13:53:46.741  1529  2349 V AapManager: AapClusterManager__addDestinationDistanceToNavigationState : estimatedTimeOfArrival : 2023-07-12T14:00:56.740+05:30[Asia/Kolkata]
07-12 13:53:46.741  1529  2349 D AapManager: AapClusterManager__addManeuverToNavigationState maneuverType : DEPART
07-12 13:53:46.741  1529  2349 D AapManager: AapClusterManager__addManeuverToNavigationState mManTypeExtra : [NONE]
07-12 13:53:46.741  1529  2349 V AapManager: AapClusterManager__addStepsToNavigationState Distance needs to be added along with Manuever so commented here
07-12 13:53:46.745  1529  2349 D AapManager: AapClusterManager__sendNavigationStateToCluster: {steps: [{maneuver: {type: {values: [DEPART]}, roundaboutExitNumer: 0, icon: null}, distance: {meters: 0, displayUnit: {values: [METERS]}, displayValue: 0}, lanes: [], lanesImage: null, cue: {text: ' ', elements: [{text: '7th Cross Rd towards Graphite India Main Rd / ITPL Main Rd / Kundalahalli Main Rd', image: null}]}}], destinations: [{title: null, address: Bengaluru, Karnataka, distance: {meters: 2715, displayUnit: {values: [KILOMETERS]}, displayValue: 2.7}, location: null, eta: {secondsSinceEpoch: 1689150656, zoneId: 'Asia/Kolkata'}, traffic: null, formattedEta: null}], segment: {name: 7th Cross Rd}, serviceStatus: {values: []}}
07-12 13:53:46.745  1529  2349 D AapManager: BaseClusterManager__sendNavigationStateToCluster:
07-12 13:53:46.745  1529  2349 D AapManager: BaseClusterManager__ calling sendNavigationStateChange
07-12 13:53:46.746  3912 17663 D ExternalMediaServer: SourceProvider :  TimerTask Source : Source{mIsPlayable=false, mIsBrowsable=false, mDevId='ZD22277QY9', mName='motorola edge 30', mType=12, mScanStatus=0, mSerialNumber='', mVendorNumber='', mProductNumber='', mPortIndex=0, isSupported=true, isConnected=true, isSearchSupported=false, mZoneId=0, mReadyToPlay=0, mContentType=0, mPosition=30000, mPlaystate=1, mIsActive=true, mRepeatMode=2, mShuffleMode=1} PlaybackPosition : 31000
07-12 13:53:46.747  3912 17663 V ExternalMediaServer: SourceProvider : notifyPlayPositionChange : Source{mIsPlayable=false, mIsBrowsable=false, mDevId='ZD22277QY9', mName='motorola edge 30', mType=12, mScanStatus=0, mSerialNumber='', mVendorNumber='', mProductNumber='', mPortIndex=0, isSupported=true, isConnected=true, isSearchSupported=false, mZoneId=0, mReadyToPlay=0, mContentType=0, mPosition=31000, mPlaystate=1, mIsActive=true, mRepeatMode=2, mShuffleMode=1}
07-12 13:53:46.747  3912  4076 D ExternalMediaServer: TsrClient : notifyPlayPositionChange : sourceId = ZD22277QY9 mActiveSource = Source{mIsPlayable=false, mIsBrowsable=false, mDevId='64:11:A4:8D:85:A9', mName='motorola edge 30', mType=3, mScanStatus=0, mSerialNumber='', mVendorNumber='', mProductNumber='', mPortIndex=-1, isSupported=true, isConnected=false, isSearchSupported=false, mZoneId=0, mReadyToPlay=0, mContentType=0, mPosition=155361, mPlaystate=7, mIsActive=true, mRepeatMode=0, mShuffleMode=0}
07-12 13:53:46.747  3912  4075 I ExternalMediaServer: EWClient : handleMessage : sourceId : ZD22277QY9Data: Bundle[{sourceID=ZD22277QY9}]
07-12 13:53:46.747  3912  4075 D ExternalMediaServer: :void adapter::notifyPlayPositionChangeNative(JNIEnv *, jobject, jbyteArray):
07-12 13:53:46.747  3912  4075 D ExternalMediaServer: :void adapter::MediaSourceAdapterJNI::onPlayTimeChange():
07-12 13:53:46.747  3912  4075 V ExternalMediaServer: JNIThreadAttacher: status :  0
07-12 13:53:46.747  3912  4075 V ExternalMediaServer: Source : getPosition :31000
07-12 13:53:46.747  3912  4075 V ExternalMediaServer: ~JavaVMAttachThread ::
07-12 13:53:46.747  3912  4075 V ExternalMediaServer: std::string adapter::MediaSourceAdapterJNI::CallObjectMethodReturnString(jobject, jmethodID, int)
07-12 13:53:46.747  3912  4075 V ExternalMediaServer: JNIThreadAttacher: status :  0
07-12 13:53:46.747  3912  4075 V ExternalMediaServer: Source : getMetaData for Field : 9
07-12 13:53:46.747  3912  4075 V ExternalMediaServer: ~JavaVMAttachThread ::
07-12 13:53:46.747  3912  4075 I ExternalMediaServer: virtual void EWMediaPluginCallback::onPlayTimeChange(sPlayTime &):: Zoneid 0,CurrentPlayPosition 31000 Total Duration 261000
07-12 13:53:46.747  3912  4075 D ExternalMediaServer: virtual void MediaDeviceNotifierHandler::onPlayTimeChange(const MediaTypesSAPILow::PlayTime &, const uint8_t &)
07-12 13:53:46.747  3912  4075 D ExternalMediaServer: virtual void MediaClientDeviceCallback::onPlayTimeChange(const MediaTypesSAPILow::PlayTime &, const uint8_t &) connection status: 1
07-12 13:53:46.747  3912  4075 D ExternalMediaServer: virtual void MediaClientDeviceCallback::onPlayTimeChange(const MediaTypesSAPILow::PlayTime &, const uint8_t &) CurrTime :31 ..totalDur: 261
