07-12 13:53:46.747  3912  4075 D EWInfra : JNIAdapter::setAttributeValue:serviceURI:v2_com.harman.atlas.media.MediaClient_MediaServer.clusterClientInstance attribute:playTime payload:{"playTime":{"deviceId":"ZD22277QY9","zoneId":0,"currTime":31,"totalDuration":261}}
07-12 13:53:46.747  3912  4075 D EWInfra :  JNIMediaClientEWServer::setAttributeValue playTime
07-12 13:53:46.747  3912  4075 D EWInfra :  JNIMediaClientEWServer::setPlayTime
07-12 13:53:46.747  3912  4075 D EWInfra :  JNIMediaClientEWServer::sendUpdatePlayTime
07-12 13:53:46.747  3912  4075 D EWInfra :  JNIMediaClientEWServer::getPlayTime
07-12 13:53:46.747  2468  8198 V AapManager:  AaUiService   sendNavigationStateChange   called 
07-12 13:53:46.748  1944  1966 D EWService: EWAIDLTransport::sendSignal serverID: 37 interfaceURI: v2_com.harman.atlas.media.MediaClient_MediaServer.clusterClientInstance signalName: playTime status code: 0 data payload: {"playTime":{"deviceId":"ZD22277QY9","zoneId":0,"currTime":31,"totalDuration":261}} data errorCode: 0
07-12 13:53:46.748  1944  2097 D EWService: EWServiceHandler::run commandType: sendSignal
07-12 13:53:46.748  1944  2097 D EWService: EWServiceHandler::processSendSignal
07-12 13:53:46.748  1944  2097 D EWService: ServiceRegistry::getClient clientID: 3
07-12 13:53:46.748  1944  2097 D EWService: EWStableAidlClientCB::onUpdate signalName: playTime mGatewayData payload: {"playTime":{"deviceId":"ZD22277QY9","zoneId":0,"currTime":31,"totalDuration":261}} mGatewayData errorCode: 0
07-12 13:53:46.748  3912  4075 D ExternalMediaServer: onPlayPositionChange: pos: 31000 duration: 261000
07-12 13:53:46.748  3912  4075 D ExternalMediaServer: PlayPosition changed for sourceId: ZD22277QY9
07-12 13:53:46.749   726   726 D vendor.harman.frameworks.ewgateway@0.0-service: StableAidlClient::onEventUpdate() ClientID : 3 Signal Name: playTime
07-12 13:53:46.749   726   726 D vendor.harman.frameworks.ewgateway@0.0-service: MediaClientServerImpl::processResponse() Method Name: playTime Payload: {"playTime":{"deviceId":"ZD22277QY9","zoneId":0,"currTime":31,"totalDuration":261}}17
07-12 13:53:46.749   726   726 D vendor.harman.frameworks.ewgateway@0.0-service: MediaClientServerImpl::processResponse:: playTime SAPIRead successful, Payload : {"playTime":{"deviceId":"ZD22277QY9","zoneId":0,"currTime":31,"totalDuration":261}}
07-12 13:53:46.749   726   726 I vendor.harman.frameworks.ewgateway@0.0-service: MediaClientServerImpl::processResponse(), set_playTime is called 
07-12 13:53:46.749   726   726 D vendor.harman.frameworks.ewgateway@0.0-service: StableAidlClient::onEventUpdate():clusterClientInstance: event update sent for clientID : 3 signalName : playTime
07-12 13:53:46.749  1698  1698 D APP_REPETITION: NavigationMetaDataRenderer onNavigationStateChanged
07-12 13:53:46.750  1698  1698 D APP_REPETITION: NavigationMetaDataRenderer onNavigationStateChanged:timetostepextra
07-12 13:53:46.750  1698  1698 D APP_REPETITION: NavigationMetaDataRenderer onNavigationStateChanged:maneuvertypeextra
07-12 13:53:46.750  1698  1698 D APP_REPETITION: NavigationMetaDataRenderer onNavigationStateChanged:navstate
07-12 13:53:46.750  1698  1698 I APP_REPETITION: NavigationMetaDataRenderer updateNavTBTData
07-12 13:53:46.751  1698  1698 I APP_REPETITION: NavigationMetaDataRenderer RoadName=<7th Cross Rd>, ManeuverType=<DEPART>, DistanceInMeters=<0>, RoundAboutExitNumber=<0>, DrivingSide=<0>, DistanceDisplay=<0>
07-12 13:53:46.751  1698  1698 I APP_REPETITION: NavigationMetaDataRenderer send Next Maneuver Info
07-12 13:53:46.751  1698  1698 I APP_REPETITION: NavigationMetaDataRenderer send Next Maneuver Info: AndroidAuto
07-12 13:53:46.751  1698  1698 I APP_REPETITION: Each manuever get one extra NONE, Current step index 0
07-12 13:53:46.751  1698  1698 D APP_REPETITION: RouteControllerAtlas setNextManeuverInfo: name: 7th Cross Rd maneuver: 1 distance: 0unit:2, DisplayValue:0, CpManueverType:0, NavSource:1
07-12 13:53:46.752  1698  1698 I APP_REPETITION: NavigationMetaDataRenderer send Time and Distance etaInMin :: 0 distInMeters :: 2715
07-12 13:53:46.753  1698  1698 D APP_REPETITION: RouteControllerAtlas setNextDestinationInfo: time: 0 distance: 2715
07-12 13:53:46.753  1698  1698 I APP_REPETITION: NavigationMetaDataRenderer Send Destination Info Listtitle :: 
07-12 13:53:46.753  1698  1698 D APP_REPETITION: RouteControllerAtlas setNextAndFinalDestinationInfo
07-12 13:53:46.754  1698  1698 I APP_REPETITION: NavigationMetaDataRenderer send Vehicle Information :: 7th Cross Rd
07-12 13:53:46.754  1698  1698 D APP_REPETITION: LocationInformationControllerAtlas SetVehicleLocationInformation
07-12 13:53:46.754  2468  2486 V AapManager: AAWidgetUtil onNavigationCurrentPositionCallback NavInfoBean{mRoad='null', mTurnSide=0, mEvent=0, mImage=null, mTurnAngle=0, mTurnNumber=0, mDistanceMeters=0, mTimeSeconds=0, mDisplayDistance=0, mDisplayDistanceUnit=1, mNavStatus=false}
07-12 13:53:46.754  2468  2468 D AapManager: AAWidgetUtilMessage Received: 6
07-12 13:53:46.754  2468  2468 V AapManager: AAWidgetUtil getFormattedDistanceUnit, distanceUnit: m
07-12 13:53:46.754  2468  2468 I AapManager: AAWidgetUtil updateUI called: isForceUpdateNeeded: false isNewData: false
07-12 13:53:46.754  1698  1698 I APP_REPETITION: NavigationMetaDataRenderer send Service StatusserviceStatus :: 6
07-12 13:53:46.755  1698  1698 I APP_REPETITION: NavigationControllerAtlas Service Status6
07-12 13:53:46.755  2446  2542 E libc    : Access denied finding property "persist.vendor.st.timemode"
07-12 13:53:46.758  1975  2103 I android_os_HwBinder: HwBinder: Starting thread pool for getting: vendor.harman.hardware.usb.gadgetext@1.0::IUsbGadgetExt/default
07-12 13:53:46.806  2446  2542 E libc    : Access denied finding property "persist.vendor.st.timemode"
07-12 13:53:46.855   446   446 E HARMAN_LOCATION: log_as_hex: $SAT_ length too long (1336)
07-12 13:53:46.856   446   446 E HARMAN_LOCATION: $ERR due to untrusted GNSS, calibration procedure been set from scratch
07-12 13:53:46.856  2446  2542 E libc    : Access denied finding property "persist.vendor.st.timemode"
07-12 13:53:46.871   542   542 E eth_check: Error !!! ethernet interface is not valid
07-12 13:53:46.907  2446  2542 E libc    : Access denied finding property "persist.vendor.st.timemode"
07-12 13:53:46.959  2446  2542 E libc    : Access denied finding property "persist.vendor.st.timemode"
07-12 13:53:47.005   597   597 I evs_hal_client: ais_initialize:1282 HIGH AIS CLIENT START 407
07-12 13:53:47.005   597   597 I evs_hal_client: ais_conn_open_hv:83 HIGH E 0x7fc4f70520 0 1
07-12 13:53:47.005   597   597 I evs_hal_client: ais_conn_open_hv:102 HIGH X 0x7fc4f70520 0 1 0
07-12 13:53:47.006   597   597 I uhab    : habmm_socket_open: opened fd 12, refcnt 1, return 0, vcid c900001
07-12 13:53:47.006   597   597 I evs_hal_client: ais_conn_close_hv:116 HIGH E 0x7fc4f70520
07-12 13:53:47.007   597   597 I uhab    : habmm_socket_close: close fd 12, refcnt 0, vcid C900001
07-12 13:53:47.007   597   597 I evs_hal_client: ais_conn_close_hv:154 HIGH X 0x7fc4f70520 0
07-12 13:53:47.007   597   597 I evs_hal_client: ais_conn_open_hv:83 HIGH E 0x7b998d8950 4 1
07-12 13:53:47.007   597   597 I evs_hal_client: ais_conn_open_hv:102 HIGH X 0x7b998d8950 4 1 0
07-12 13:53:47.007   597   597 I uhab    : habmm_socket_open: opened fd 12, refcnt 1, return 0, vcid c900001
07-12 13:53:47.008   597   597 I evs_hal_client: ais_conn_open_hv:83 HIGH E 0x7b998d8ec0 3 1
07-12 13:53:47.008   597   597 I evs_hal_client: ais_conn_open_hv:102 HIGH X 0x7b998d8ec0 3 1 0
07-12 13:53:47.008   597   597 I uhab    : habmm_socket_open: opened fd 12, refcnt 2, return 0, vcid c900002
07-12 13:53:47.009   597   597 E MM_OSAL : MM_Thread_CreateEx::thread 0x519813463232 created with stack 1015808 bytes
07-12 13:53:47.009   597   597 E MM_OSAL : MM_Thread_CreateEx::thread 0x519794883776 created with stack 1015808 bytes
07-12 13:53:47.009   597   597 E MM_OSAL : MM_Thread_CreateEx::thread 0x519777066176 created with stack 1015808 bytes
07-12 13:53:47.011   597   597 E EvsHal  : Failed qcarcam_query_inputs number of inputs=0 ret=0
07-12 13:53:47.011   597   597 E EvsHal  : Found 0 qualified video capture devices found
07-12 13:53:47.011  2446  2542 E libc    : Access denied finding property "persist.vendor.st.timemode"
07-12 13:53:47.011   597   597 I evs_hal_client: ais_client_destroy:999 HIGH E 0
07-12 13:53:47.011   597   597 I evs_hal_client: ais_conn_close_hv:116 HIGH E 0x7b998d8ec0
07-12 13:53:47.011   597 18123 I uhab    : habmm_socket_recv: fd 12, return -19, received bytes 0, vcid C900002
07-12 13:53:47.011   597 18123 E evs_hal_client: ais_conn_recv_hv:416 ERR 0x7b998d8ec0 -19 19 1
07-12 13:53:47.011   597 18123 E evs_hal_client: ais_conn_recv_hv:431 ERR X 0x7b998d8ec0 0x79074bfb00 0x79074bfafc | 264 250 -4
07-12 13:53:47.011   597 18123 E evs_hal_client: ais_client_event_recv_thread:467 ERR aborting event thread due to error -4
07-12 13:53:47.011   597   597 I uhab    : habmm_socket_close: skip close fd 12, refcnt 1, vcid C900002
07-12 13:53:47.011   597   597 I evs_hal_client: ais_conn_close_hv:154 HIGH X 0x7b998d8ec0 0
07-12 13:53:47.012   597   597 I evs_hal_client: ais_conn_close_hv:116 HIGH E 0x7b998d8be0
07-12 13:53:47.012   597   597 I evs_hal_client: ais_conn_close_hv:154 HIGH X 0x7b998d8be0 0
07-12 13:53:47.012   597   597 I evs_hal_client: ais_conn_close_hv:116 HIGH E 0x7b998d8950
07-12 13:53:47.012   597   597 I uhab    : habmm_socket_close: close fd 12, refcnt 0, vcid C900001
07-12 13:53:47.012   597   597 I evs_hal_client: ais_conn_close_hv:154 HIGH X 0x7b998d8950 0
07-12 13:53:47.012   598   932 E evsSVLiteApp_harman: Error: only 0 of 4 cameras found!
07-12 13:53:47.014   597   597 W EvsHal  : Got a frame returned while not visible - ignoring.
07-12 13:53:47.063  2446  2542 E libc    : Access denied finding property "persist.vendor.st.timemode"
07-12 13:53:47.075  1529 15330 E AapManager: AapManager_RfCommConnectionBluetoothConnection startReadingMessages: 8
07-12 13:53:47.075  1529 15375 D AapManager: AapManager_RfCommConnection Stopping WiFi Ping request timer
07-12 13:53:47.077  1529 15375 D AapManager: AapManager_RfCommConnection Wifi Ping Request Timer started.
07-12 13:53:47.077  1529 15330 D AapManager: AapManager_RfCommConnectiontimeStamp : 1689246994078
07-12 13:53:47.114  2446  2542 E libc    : Access denied finding property "persist.vendor.st.timemode"
07-12 13:53:47.116 15189 15189 I SERVICE_HANDLER: [com.harman.drivenext.service.handler.ServiceHandler.sendData] 
07-12 13:53:47.165  2446  2542 E libc    : Access denied finding property "persist.vendor.st.timemode"
07-12 13:53:47.172   542   542 E eth_check: Error !!! ethernet interface is not valid
07-12 13:53:47.216  2446  2542 E libc    : Access denied finding property "persist.vendor.st.timemode"
07-12 13:53:47.216   598 15111 E evsSVLiteApp_harman: get camera stream handler failed
07-12 13:53:47.216   598 15111 I chatty  : uid=0(root) HwBinder:598_1 identical 2 lines
07-12 13:53:47.216   598 15111 E evsSVLiteApp_harman: get camera stream handler failed
07-12 13:53:47.267  2446  2542 E libc    : Access denied finding property "persist.vendor.st.timemode"
07-12 13:53:47.317  2446  2542 E libc    : Access denied finding property "persist.vendor.st.timemode"
07-12 13:53:47.338  1529  1529 D AapManager: AASensorManager__ CarPropertyEventCallback onChangeEvent sendCarPropertyChangeEvent : 291504647
07-12 13:53:47.338  1529  1529 V AapManager: AASensorManager__ onChangeEvent() getPropertyId: 291504647speed 0.0
07-12 13:53:47.369  2446  2542 E libc    : Access denied finding property "persist.vendor.st.timemode"
07-12 13:53:47.420  2446  2542 E libc    : Access denied finding property "persist.vendor.st.timemode"
07-12 13:53:47.431   394  1372 I netd    : tetherOffloadGetStats() <0.04ms>
07-12 13:53:47.472  2446  2542 E libc    : Access denied finding property "persist.vendor.st.timemode"
07-12 13:53:47.472   542   542 E eth_check: Error !!! ethernet interface is not valid
07-12 13:53:47.523  2446  2542 E libc    : Access denied finding property "persist.vendor.st.timemode"
07-12 13:53:47.566  1529 17574 D AapManager: AapManager: [mediaPlaybackStatusUpdate:294] : calling java method of mediaPlaybackStatusUpdate
07-12 13:53:47.566  1529 17574 D AapManager: AAManager__mediaPlaybackStatusUpdate: State=2, mediaSource=Spotify, elapsedTime=32, isShuffleOn=false, isRepeatOn =false, isRepeatSong=false
07-12 13:53:47.566  1529  2349 D AapManager: AAManager__ AapCallbackHandler, msg = 10
07-12 13:53:47.567  4133  4155 D MediaCoreService: AndroidAutoAdapter__onMediaPlaybackStatusCallback : playbackStatus = PlaybackState {state=3, position=32, buffered position=0, speed=0.0, updated=2398199, actions=0, custom actions=[], active item id=-1, error=null}
07-12 13:53:47.568  1529 17656 D AapManager: AAManager__mAAServiceBinder: getConnectedDevSerialNumber
07-12 13:53:47.568  4133  4155 D MediaCoreService: AndroidAutoAdapter__getConnectedDevSerialNumber: number = ZD22277QY9
07-12 13:53:47.568  4133  4155 D MediaCoreService: AndroidAutoPlayer__notifyPlaybackStatusChanged : playbackState = PlaybackState {state=3, position=32, buffered position=0, speed=0.0, updated=2398199, actions=0, custom actions=[], active item id=-1, error=null}
07-12 13:53:47.569  4133  4155 D MediaCoreService: HarmanAndroidAutoPlayerAdapter__onPlaybackChanged playbackstate:PlaybackState {state=3, position=32000, buffered position=0, speed=0.0, updated=2398199, actions=3670011, error code=0, error message=null, custom actions=[], active item id=-1}
07-12 13:53:47.569  4133  4155 D MediaCoreService: Utils__displayActions : ===== begin =====
07-12 13:53:47.569  4133  4155 D MediaCoreService: Utils__displayActions : [0] : ACTION_STOP
07-12 13:53:47.569  4133  4155 D MediaCoreService: Utils__displayActions : [1] : ACTION_PAUSE
07-12 13:53:47.569  4133  4155 D MediaCoreService: Utils__displayActions : [3] : ACTION_REWIND
07-12 13:53:47.569  4133  4155 D MediaCoreService: Utils__displayActions : [4] : ACTION_SKIP_TO_PREVIOUS
07-12 13:53:47.569  4133  4155 D MediaCoreService: Utils__displayActions : [5] : ACTION_SKIP_TO_NEXT
07-12 13:53:47.569  4133  4155 D MediaCoreService: Utils__displayActions : [6] : ACTION_FAST_FORWARD
07-12 13:53:47.569  4133  4155 D MediaCoreService: Utils__displayActions : [7] : ACTION_SET_RATING
07-12 13:53:47.569  4133  4155 D MediaCoreService: Utils__displayActions : [8] : ACTION_SEEK_TO
07-12 13:53:47.569  4133  4155 D MediaCoreService: Utils__displayActions : [9] : ACTION_PLAY_PAUSE
07-12 13:53:47.569  4133  4155 D MediaCoreService: Utils__displayActions : [10] : ACTION_PLAY_FROM_MEDIA_ID
07-12 13:53:47.569  4133  4155 D MediaCoreService: Utils__displayActions : [11] : ACTION_PLAY_FROM_SEARCH
07-12 13:53:47.569  4133  4155 D MediaCoreService: Utils__displayActions : [12] : ACTION_SKIP_TO_QUEUE_ITEM
07-12 13:53:47.569  4133  4155 D MediaCoreService: Utils__displayActions : [13] : ACTION_PLAY_FROM_URI
07-12 13:53:47.569  4133  4155 D MediaCoreService: Utils__displayActions : [14] : ACTION_PREPARE
07-12 13:53:47.569  4133  4155 D MediaCoreService: Utils__displayActions : [15] : ACTION_PREPARE_FROM_MEDIA_ID
07-12 13:53:47.569  4133  4155 D MediaCoreService: Utils__displayActions : [16] : ACTION_PREPARE_FROM_SEARCH
07-12 13:53:47.569  4133  4155 D MediaCoreService: Utils__displayActions : [17] : ACTION_PREPARE_FROM_URI
07-12 13:53:47.569  4133  4155 D MediaCoreService: Utils__displayActions : [18] : ACTION_SET_REPEAT_MODE
07-12 13:53:47.569  4133  4155 D MediaCoreService: Utils__displayActions : [20] : ACTION_SET_CAPTION_ENABLED
07-12 13:53:47.569  4133  4155 D MediaCoreService: Utils__displayActions : [21] : ACTION_SET_SHUFFLE_MODE
07-12 13:53:47.569  4133  4155 D MediaCoreService: Utils__displayActions : ===== end  ======
07-12 13:53:47.570  4133  4155 D MediaCoreService: HarmanAndroidAutoPlayerAdapter__notifyPlaybackState : playbackstate = PlaybackState {state=3, position=32000, buffered position=0, speed=0.0, updated=2398199, actions=3670011, error code=0, error message=null, custom actions=[], active item id=-1}
07-12 13:53:47.570  3912  3912 D ExternalMediaServer: SessionPlayer : onPlaybackStateChanged PlaybackState {state=3, position=32000, buffered position=0, speed=0.0, updated=2398199, actions=3670011, error code=0, error message=null, custom actions=[], active item id=-1}
07-12 13:53:47.570  3912  3912 D ExternalMediaServer: MediaSourceProvider : onPlaybackStateChanged Bundle : Bundle[mParcelledData.dataSize=224]
07-12 13:53:47.570  3912  3912 I ExternalMediaServer: SourceProvider : onPlaybackStateChanged source : ZD22277QY9State : 1
07-12 13:53:47.571  3912  3912 D ExternalMediaServer: MediaSourceProvider : getCurrentPlayingSource: playbackState : PlaybackState {state=3, position=32000, buffered position=0, speed=0.0, updated=2398203, actions=3670011, error code=0, error message=null, custom actions=[], active item id=-1}
07-12 13:53:47.571  4838  4863 I E12_SOURCE: onPlaybackStateChanged received state: PlaybackState {state=3, position=32000, buffered position=0, speed=0.0, updated=2398199, actions=3670011, error code=0, error message=null, custom actions=[], active item id=-1}
07-12 13:53:47.571  3912  3912 V ExternalMediaServer: Source : getPlayState :1
07-12 13:53:47.571  3912  3912 D ExternalMediaServer: SourceProvider : No Change in Playstate
07-12 13:53:47.571  4838  4863 V E12_SOURCE: mExtras:Bundle[{com.harman.media.harmanaudioplayer.service.ALWAYS_RESERVE_SPACE_FOR.ACTION_QUEUE=true, com.harman.media.action.FASTFORWARD=true, com.harman.media.action.SET_SHUFFLE=true, com.harman.media.action.FASTREWIND=true, android.media.session.BROWSE_SERVICE=com.harman.mediacoreservice.harmanandroidautoplayer.HarmanAndroidAutoPlayer, SOURCE_KEY=android-app://com.harman.mediacoreservice/harmanandroidautoplayer/androidauto?device=ZD22277QY9, com.harman.media.harmanaudioplayer.service.ALWAYS_RESERVE_SPACE_FOR.ACTION_SKIP_TO_NEXT=true, com.harman.mediacoreservice.action.SET_SURFACE=true, com.harman.media.harmanaudioplayer.service.ALWAYS_RESERVE_SPACE_FOR.ACTION_SKIP_TO_PREVIOUS=true, com.harman.media.action.SET_REPEAT=true}]
07-12 13:53:47.571  4838  4863 V E12_SOURCE: compareSessionToSource value:true
07-12 13:53:47.571  4838  4863 I E12_SOURCE: onPlaybackStateChanged received state: PlaybackState {state=3, position=32000, buffered position=0, speed=0.0, updated=2398199, actions=3670011, error code=0, error message=null, custom actions=[], active item id=-1}
07-12 13:53:47.571  3606  3881 I E12_SOURCE: onPlaybackStateChanged received state: PlaybackState {state=3, position=32000, buffered position=0, speed=0.0, updated=2398199, actions=3670011, error code=0, error message=null, custom actions=[], active item id=-1}
07-12 13:53:47.571  4838  4863 V E12_SOURCE: mExtras:Bundle[{com.harman.media.harmanaudioplayer.service.ALWAYS_RESERVE_SPACE_FOR.ACTION_QUEUE=true, com.harman.media.action.FASTFORWARD=true, com.harman.media.action.SET_SHUFFLE=true, com.harman.media.action.FASTREWIND=true, android.media.session.BROWSE_SERVICE=com.harman.mediacoreservice.harmanandroidautoplayer.HarmanAndroidAutoPlayer, SOURCE_KEY=android-app://com.harman.mediacoreservice/harmanandroidautoplayer/androidauto?device=ZD22277QY9, com.harman.media.harmanaudioplayer.service.ALWAYS_RESERVE_SPACE_FOR.ACTION_SKIP_TO_NEXT=true, com.harman.mediacoreservice.action.SET_SURFACE=true, com.harman.media.harmanaudioplayer.service.ALWAYS_RESERVE_SPACE_FOR.ACTION_SKIP_TO_PREVIOUS=true, com.harman.media.action.SET_REPEAT=true}]
07-12 13:53:47.571  4838  4863 V E12_SOURCE: compareSessionToSource value:true
07-12 13:53:47.571  3606  3881 V E12_SOURCE: mExtras:Bundle[{com.harman.media.harmanaudioplayer.service.ALWAYS_RESERVE_SPACE_FOR.ACTION_QUEUE=true, com.harman.media.action.FASTFORWARD=true, com.harman.media.action.SET_SHUFFLE=true, com.harman.media.action.FASTREWIND=true, android.media.session.BROWSE_SERVICE=com.harman.mediacoreservice.harmanandroidautoplayer.HarmanAndroidAutoPlayer, SOURCE_KEY=android-app://com.harman.mediacoreservice/harmanandroidautoplayer/androidauto?device=ZD22277QY9, com.harman.media.harmanaudioplayer.service.ALWAYS_RESERVE_SPACE_FOR.ACTION_SKIP_TO_NEXT=true, com.harman.mediacoreservice.action.SET_SURFACE=true, com.harman.media.harmanaudioplayer.service.ALWAYS_RESERVE_SPACE_FOR.ACTION_SKIP_TO_PREVIOUS=true, com.harman.media.action.SET_REPEAT=true}]
07-12 13:53:47.571  4838  4863 I E12_PLAYING: PlaybackModel.onPlayerStateChanged: android-app://com.harman.mediacoreservice/harmanandroidautoplayer/androidauto?device=ZD22277QY9
07-12 13:53:47.571  3606  3881 V E12_SOURCE: compareSessionToSource value:true
07-12 13:53:47.571  3606  3881 I E12_PLAYING: Player state changed for source pkg - com.harman.mediacoreservice & current play-state is - 3
07-12 13:53:47.571  3912  3912 D ExternalMediaServer: SourceProvider : onMetadataChange: source : ZD22277QY9
07-12 13:53:47.572  3912  3912 D ExternalMediaServer: SourceProvider : isSameMetaData previousMetadata: android.support.v4.media.MediaMetadataCompat@6428283 ; currentMetadata:android.support.v4.media.MediaMetadataCompat@26b7e63
07-12 13:53:47.572  3912  3912 D ExternalMediaServer: SourceProvider : onMetadataChange : no change in metadata
07-12 13:53:47.573  3701  3701 V MediaModeService: com.harman.mediamodeservice.lastmediasource.MediaBrowserConnector$11->onPlaybackStateChanged
07-12 13:53:47.573  3701  3701 I MediaModeService: <<HarmanAndroidAutoPlayer>> onPlaybackStateChanged:3
07-12 13:53:47.573  3701  3701 I MediaModeService: <<HarmanAndroidAutoPlayer.playstate>> get trigger Playing
07-12 13:53:47.573  3606  3881 V E12_SOURCE: processSourceSwitchAndNotify:motorola edge 30 id:android-app://com.harman.mediacoreservice/harmanandroidautoplayer/androidauto?device=ZD22277QY9
07-12 13:53:47.573  4838  4863 I E12_WIDGET: WidgetManager no change in onPlaybackInfoChanged
07-12 13:53:47.573  3701  3701 I MediaModeService: <<LastMediaSourceManager.state>> get trigger PlayStateUpdate
07-12 13:53:47.573  4838  4880 I E12_WIDGET: EntertainmentHelper onPlaybackInfoChanged for source: ANDROID_AUTO mPlaybackState: 3
07-12 13:53:47.574  4838  4880 I E12_HELPER: E12HelperService onMetadataUpdate source: ANDROID_AUTO
07-12 13:53:47.574  3701  3701 V MediaModeService: com.harman.mediamodeservice.persistence.MediaModePersistence->getLastMediaSource
07-12 13:53:47.574  3701  3701 I MediaModeService: <<Persistence>> getTopSource SourceInfo{mName:com.harman.mediacoreservice/com.harman.mediacoreservice.harmanandroidautoplayer.HarmanAndroidAutoPlayer, mState:3, mExtra:Bundle[{SOURCE_KEY=android-app://com.harman.mediacoreservice/harmanandroidautoplayer/androidauto?device=ZD22277QY9}]}
07-12 13:53:47.574  2446  2542 E libc    : Access denied finding property "persist.vendor.st.timemode"
07-12 13:53:47.575  3701  3701 V MediaModeService: com.harman.mediamodeservice.persistence.MediaModePersistence->updatePlayState
07-12 13:53:47.575  3701  3701 I MediaModeService: <<Persistence>> getTopSource SourceInfo{mName:com.harman.mediacoreservice/com.harman.mediacoreservice.harmanandroidautoplayer.HarmanAndroidAutoPlayer, mState:3, mExtra:Bundle[{SOURCE_KEY=android-app://com.harman.mediacoreservice/harmanandroidautoplayer/androidauto?device=ZD22277QY9}]}
07-12 13:53:47.576  3701  3833 I MediaModeService: <<Persistence>> updated sourceInfo :  SourceInfo{mName:com.harman.mediacoreservice/com.harman.mediacoreservice.harmanandroidautoplayer.HarmanAndroidAutoPlayer, mState:3, mExtra:Bundle[{SOURCE_KEY=android-app://com.harman.mediacoreservice/harmanandroidautoplayer/androidauto?device=ZD22277QY9}]}
07-12 13:53:47.602   448   522 I pathology: CPU Usage: Tot[32.46%] Core0[47.87%] Core1[16.67%] Core2[32.32%] Core3[27.00%] Core4[47.54%] Core5[26.53%] Core6[28.89%] Core7[26.53%] 
07-12 13:53:47.620 15189 15189 I SERVICE_HANDLER: [com.harman.drivenext.service.handler.ServiceHandler.sendData] 
07-12 13:53:47.625  2446  2542 E libc    : Access denied finding property "persist.vendor.st.timemode"
07-12 13:53:47.654   444 15099 I VPS     : VPS:IOCStatusInfo.VoltageStatus->0 
07-12 13:53:47.654   444 15099 I VPS     : VPS:IOCStatusInfo.IOCStatusCmd->a6 
07-12 13:53:47.654   444 15099 I VPS     : VPS:IOCStatusInfo.WakeUpReason->e 
07-12 13:53:47.654   444 15099 I VPS     : VPS:IOCStatusInfo.DerivedIgnitionStatus->0 
07-12 13:53:47.654   444 15099 I VPS     : VPS:IOCStatusInfo.PowerModeState->4 
07-12 13:53:47.654   444 15099 I VPS     : VPS:IOCStatusInfo.SOCShutdownRequest->0 
07-12 13:53:47.654   444 15099 I VPS     : VPS:IOCStatusInfo.AntiTheftState->0 
07-12 13:53:47.654   444 15099 I VPS     : VPS:IOCStatusInfo.BatteryConnect->0 
07-12 13:53:47.676  2446  2542 E libc    : Access denied finding property "persist.vendor.st.timemode"
07-12 13:53:47.714   274   274 E SELinux : avc:  denied  { find } for pid=5267 uid=1001000 name=SurfaceFlinger scontext=u:r:apprepetition_system_app:s0 tcontext=u:object_r:surfaceflinger_service:s0 tclass=service_manager permissive=0
07-12 13:53:47.714  5267  8197 I ServiceManager: Waiting for service 'SurfaceFlinger' on '/dev/binder'...
07-12 13:53:47.728  2446  2542 E libc    : Access denied finding property "persist.vendor.st.timemode"
07-12 13:53:47.749  3912 17663 D ExternalMediaServer: SourceProvider :  TimerTask Source : Source{mIsPlayable=false, mIsBrowsable=false, mDevId='ZD22277QY9', mName='motorola edge 30', mType=12, mScanStatus=0, mSerialNumber='', mVendorNumber='', mProductNumber='', mPortIndex=0, isSupported=true, isConnected=true, isSearchSupported=false, mZoneId=0, mReadyToPlay=0, mContentType=0, mPosition=31000, mPlaystate=1, mIsActive=true, mRepeatMode=2, mShuffleMode=1} PlaybackPosition : 32000
07-12 13:53:47.750  3912 17663 V ExternalMediaServer: SourceProvider : notifyPlayPositionChange : Source{mIsPlayable=false, mIsBrowsable=false, mDevId='ZD22277QY9', mName='motorola edge 30', mType=12, mScanStatus=0, mSerialNumber='', mVendorNumber='', mProductNumber='', mPortIndex=0, isSupported=true, isConnected=true, isSearchSupported=false, mZoneId=0, mReadyToPlay=0, mContentType=0, mPosition=32000, mPlaystate=1, mIsActive=true, mRepeatMode=2, mShuffleMode=1}
07-12 13:53:47.751  3912  4076 D ExternalMediaServer: TsrClient : notifyPlayPositionChange : sourceId = ZD22277QY9 mActiveSource = Source{mIsPlayable=false, mIsBrowsable=false, mDevId='64:11:A4:8D:85:A9', mName='motorola edge 30', mType=3, mScanStatus=0, mSerialNumber='', mVendorNumber='', mProductNumber='', mPortIndex=-1, isSupported=true, isConnected=false, isSearchSupported=false, mZoneId=0, mReadyToPlay=0, mContentType=0, mPosition=155361, mPlaystate=7, mIsActive=true, mRepeatMode=0, mShuffleMode=0}
07-12 13:53:47.751  3912  4075 I ExternalMediaServer: EWClient : handleMessage : sourceId : ZD22277QY9Data: Bundle[{sourceID=ZD22277QY9}]
07-12 13:53:47.751  3912  4075 D ExternalMediaServer: :void adapter::notifyPlayPositionChangeNative(JNIEnv *, jobject, jbyteArray):
07-12 13:53:47.751  3912  4075 D ExternalMediaServer: :void adapter::MediaSourceAdapterJNI::onPlayTimeChange():
07-12 13:53:47.751  3912  4075 V ExternalMediaServer: JNIThreadAttacher: status :  0
07-12 13:53:47.751  3912  4075 V ExternalMediaServer: Source : getPosition :32000
07-12 13:53:47.751  3912  4075 V ExternalMediaServer: ~JavaVMAttachThread ::
07-12 13:53:47.751  3912  4075 V ExternalMediaServer: std::string adapter::MediaSourceAdapterJNI::CallObjectMethodReturnString(jobject, jmethodID, int)
07-12 13:53:47.751  3912  4075 V ExternalMediaServer: JNIThreadAttacher: status :  0
07-12 13:53:47.751  3912  4075 V ExternalMediaServer: Source : getMetaData for Field : 9
07-12 13:53:47.751  3912  4075 V ExternalMediaServer: ~JavaVMAttachThread ::
07-12 13:53:47.751  3912  4075 I ExternalMediaServer: virtual void EWMediaPluginCallback::onPlayTimeChange(sPlayTime &):: Zoneid 0,CurrentPlayPosition 32000 Total Duration 261000
07-12 13:53:47.751  3912  4075 D ExternalMediaServer: virtual void MediaDeviceNotifierHandler::onPlayTimeChange(const MediaTypesSAPILow::PlayTime &, const uint8_t &)
07-12 13:53:47.751  3912  4075 D ExternalMediaServer: virtual void MediaClientDeviceCallback::onPlayTimeChange(const MediaTypesSAPILow::PlayTime &, const uint8_t &) connection status: 1
07-12 13:53:47.751  3912  4075 D ExternalMediaServer: virtual void MediaClientDeviceCallback::onPlayTimeChange(const MediaTypesSAPILow::PlayTime &, const uint8_t &) CurrTime :32 ..totalDur: 261
07-12 13:53:47.752  3912  4075 D EWInfra : JNIAdapter::setAttributeValue:serviceURI:v2_com.harman.atlas.media.MediaClient_MediaServer.clusterClientInstance attribute:playTime payload:{"playTime":{"deviceId":"ZD22277QY9","zoneId":0,"currTime":32,"totalDuration":261}}
07-12 13:53:47.752  3912  4075 D EWInfra :  JNIMediaClientEWServer::setAttributeValue playTime
07-12 13:53:47.752  3912  4075 D EWInfra :  JNIMediaClientEWServer::setPlayTime
07-12 13:53:47.752  3912  4075 D EWInfra :  JNIMediaClientEWServer::sendUpdatePlayTime
07-12 13:53:47.752  3912  4075 D EWInfra :  JNIMediaClientEWServer::getPlayTime
07-12 13:53:47.753  1944  2097 D EWService: EWServiceHandler::run commandType: sendSignal
07-12 13:53:47.753  1944  2097 D EWService: EWServiceHandler::processSendSignal
07-12 13:53:47.753  1944  2097 D EWService: ServiceRegistry::getClient clientID: 3
07-12 13:53:47.753  1944  1966 D EWService: EWAIDLTransport::sendSignal serverID: 37 interfaceURI: v2_com.harman.atlas.media.MediaClient_MediaServer.clusterClientInstance signalName: playTime status code: 0 data payload: {"playTime":{"deviceId":"ZD22277QY9","zoneId":0,"currTime":32,"totalDuration":261}} data errorCode: 0
07-12 13:53:47.753  1944  2097 D EWService: EWStableAidlClientCB::onUpdate signalName: playTime mGatewayData payload: {"playTime":{"deviceId":"ZD22277QY9","zoneId":0,"currTime":32,"totalDuration":261}} mGatewayData errorCode: 0
07-12 13:53:47.753  3912  4075 D ExternalMediaServer: onPlayPositionChange: pos: 32000 duration: 261000
07-12 13:53:47.753  3912  4075 D ExternalMediaServer: PlayPosition changed for sourceId: ZD22277QY9
07-12 13:53:47.753   726   726 D vendor.harman.frameworks.ewgateway@0.0-service: StableAidlClient::onEventUpdate() ClientID : 3 Signal Name: playTime
07-12 13:53:47.753   726   726 D vendor.harman.frameworks.ewgateway@0.0-service: MediaClientServerImpl::processResponse() Method Name: playTime Payload: {"playTime":{"deviceId":"ZD22277QY9","zoneId":0,"currTime":32,"totalDuration":261}}17
07-12 13:53:47.753   726   726 D vendor.harman.frameworks.ewgateway@0.0-service: MediaClientServerImpl::processResponse:: playTime SAPIRead successful, Payload : {"playTime":{"deviceId":"ZD22277QY9","zoneId":0,"currTime":32,"totalDuration":261}}
07-12 13:53:47.754   726   726 I vendor.harman.frameworks.ewgateway@0.0-service: MediaClientServerImpl::processResponse(), set_playTime is called 
07-12 13:53:47.754   726   726 D vendor.harman.frameworks.ewgateway@0.0-service: StableAidlClient::onEventUpdate():clusterClientInstance: event update sent for clientID : 3 signalName : playTime
07-12 13:53:47.762  1975  2103 I android_os_HwBinder: HwBinder: Starting thread pool for getting: vendor.harman.hardware.usb.gadgetext@1.0::IUsbGadgetExt/default
07-12 13:53:47.773   542   542 E eth_check: Error !!! ethernet interface is not valid
07-12 13:53:47.779  2446  2542 E libc    : Access denied finding property "persist.vendor.st.timemode"
07-12 13:53:47.829  2446  2542 E libc    : Access denied finding property "persist.vendor.st.timemode"
07-12 13:53:47.856   446   446 E HARMAN_LOCATION: log_as_hex: $SAT_ length too long (1336)
07-12 13:53:47.857   446   446 E HARMAN_LOCATION: $ERR due to untrusted GNSS, calibration procedure been set from scratch
07-12 13:53:47.881  2446  2542 E libc    : Access denied finding property "persist.vendor.st.timemode"
07-12 13:53:47.881  4133  4277 I MediaCoreService: UsbMediaDataProvider__USBDataCacheUpdateTask : start, trigger = 1
07-12 13:53:47.881  4133  4277 I MediaCoreService: UsbMediaDataProvider__readCache start
07-12 13:53:47.881  4133  4277 I MediaCoreService: UsbMediaDataCache__readDataFromDatabase
07-12 13:53:47.882  4133  4277 D MediaCoreService: UsbMediaDataCache__getSelectionString : selection = _data like '/system/product/media/Demo%' and  _id > 232
07-12 13:53:47.882  4133  4277 D MediaCoreService: UsbMediaDataCache__getAudioFileList : dataPath = /system/product/media/Demo readType = 2 options = com.harman.mediacoreservice.harmanlocalplayer.browser.UsbMediaDataCache$USBCacheOptions@73e4e2b
07-12 13:53:47.899  4133  4277 D MediaCoreService: MediaDataCache__CacheNotifyStrategy : mediaType = 1, action = 1
07-12 13:53:47.900  4133  4277 D MediaCoreService: UsbMediaDataCache__readAudioFilesToCache : count = 0
07-12 13:53:47.900  4133  4277 D MediaCoreService: MediaDataCache__notifyFilesChanged
07-12 13:53:47.900  4133  4277 D MediaCoreService: MediaDataProvider__onCacheProgressChanged mediaType 1count 4lastFileId 0
07-12 13:53:47.904  4133  4277 D MediaCoreService: UsbMediaDataProvider__updateCacheStatus : mediaType = 1, code = 0
07-12 13:53:47.904  4133  4277 I MediaCoreService: UsbMediaDataCache__readDataFromDatabase
07-12 13:53:47.905  4133  4277 D MediaCoreService: ConfigParser__isVideosBrowseEnabled : value = true
07-12 13:53:47.905  4133  4277 D MediaCoreService: UsbMediaDataCache__getVideoFileList!
07-12 13:53:47.905  4133  4277 D MediaCoreService: UsbMediaDataCache__getSelectionString : selection = _data like '/system/product/media/Demo%' and  _id > 239
07-12 13:53:47.921  4133  4277 D MediaCoreService: MediaDataCache__CacheNotifyStrategy : mediaType = 2, action = 1
07-12 13:53:47.921  4133  4277 D MediaCoreService: UsbMediaDataCache__readVedioFilesToCache : count = 0
07-12 13:53:47.922  4133  4277 D MediaCoreService: MediaDataCache__notifyFilesChanged
07-12 13:53:47.922  4133  4277 D MediaCoreService: UsbMediaDataCache__getVideoList : result = Pair{0 0}  uri content://media/internal/video/media
07-12 13:53:47.922  4133  4277 D MediaCoreService: MediaDataProvider__onCacheProgressChanged mediaType 2count 4lastFileId 0
07-12 13:53:47.925  4133  4277 D MediaCoreService: UsbMediaDataProvider__updateCacheStatus : mediaType = 2, code = 0
07-12 13:53:47.925  4133  4277 I MediaCoreService: UsbMediaDataCache__readDataFromDatabase
07-12 13:53:47.925  4133  4277 D MediaCoreService: UsbMediaDataCache__getImageFileList!
07-12 13:53:47.925  4133  4277 D MediaCoreService: UsbMediaDataCache__getSelectionString : selection = _data like '/system/product/media/Demo%' and  _id > 0
07-12 13:53:47.926  4133  4277 D MediaCoreService: UsbMediaDataCache__selectId condition Image:_data like '/system/product/media/Demo%' and  _id > 0
07-12 13:53:47.933  2446  2542 E libc    : Access denied finding property "persist.vendor.st.timemode"
07-12 13:53:47.941  4133  4277 I MediaCoreService: UsbMediaDataCache__readImageFilesToCache : count = 0
07-12 13:53:47.941  4133  4277 D MediaCoreService: MediaDataCache__CacheNotifyStrategy : mediaType = 4, action = 1
07-12 13:53:47.941  4133  4277 D MediaCoreService: MediaDataCache__notifyFilesChanged
07-12 13:53:47.941  4133  4277 D MediaCoreService: UsbMediaDataCache__getImageList : result = Pair{0 0}
07-12 13:53:47.941  4133  4277 D MediaCoreService: MediaDataProvider__onCacheProgressChanged mediaType 4count 0lastFileId 0
07-12 13:53:47.947  4133  4277 D MediaCoreService: UsbMediaDataProvider__updateCacheStatus : mediaType = 4, code = 0
07-12 13:53:47.947  4133  4277 I MediaCoreService: UsbMediaDataCache__readDataFromDatabase
07-12 13:53:47.948  4133  4277 D MediaCoreService: UsbMediaDataCache__getSelectionString : selection = _data like '/system/product/media/Demo%' and  _id > 239
07-12 13:53:47.948  4133  4277 D MediaCoreService: UsbMediaDataCache__getFolderList : strSql = _data like '/system/product/media/Demo%' and  _id > 239 and (format=12289 or media_type in (3) or media_type in (2) or media_type in (1)) 
07-12 13:53:47.948  4133  4277 D MediaCoreService: UsbMediaDataCache__getFolderList : strSql = _data like '/system/product/media/Demo%' and  _id > 239 and (format=12289 or media_type in (3) or media_type in (2) or media_type in (1)) 
07-12 13:53:47.965  4133  4277 D MediaCoreService: MediaDataCache__CacheNotifyStrategy : mediaType = 65536, action = 1
07-12 13:53:47.972  4133  4277 D MediaCoreService: MediaDataCache__notifyFilesChanged
07-12 13:53:47.973  4133  4277 D MediaCoreService: MediaDataProvider__onCacheProgressChanged mediaType 65536count 4lastFileId 0
07-12 13:53:47.976  4133  4277 D MediaCoreService: UsbMediaDataProvider__updateCacheStatus : mediaType = 65536, code = 0
07-12 13:53:47.976  4133  4277 I MediaCoreService: UsbMediaDataCache__readDataFromDatabase
07-12 13:53:47.977  4133  4277 D MediaCoreService: UsbMediaDataCache__getSelectionString : selection = _data like '/system/product/media/Demo%' and  _id > 0
07-12 13:53:47.977  4133  4277 D MediaCoreService: UsbMediaDataCache__getPlaylistList!
07-12 13:53:47.983  2446  2542 E libc    : Access denied finding property "persist.vendor.st.timemode"
07-12 13:53:47.988  3485  8966 E SQLiteLog: (1) no such table: audio_playlists in "SELECT name, _id, _data FROM audio_playlists WHERE ((is_pending=0 OR (is_pending=1 AND lower(_data) NOT REGEXP '.*/\.pending-(\d+)-([^/]+)$' AND owner_package_name IN ( 'com.
07-12 13:53:47.990  3485  8966 E DatabaseUtils: Writing exception to parcel
07-12 13:53:47.990  3485  8966 E DatabaseUtils: android.database.sqlite.SQLiteException: no such table: audio_playlists (code 1 SQLITE_ERROR): , while compiling: SELECT name, _id, _data FROM audio_playlists WHERE ((is_pending=0 OR (is_pending=1 AND lower(_data) NOT REGEXP '.*/\.pending-(\d+)-([^/]+)$' AND owner_package_name IN ( 'com.harman.connectivity.iap2service' , 'com.harman.CertManagerService' , 'com.android.providers.settings' , 'com.harman.display' , 'com.harman.securetime' , 'com.harman.home' , 'com.harman.home.service' , 'com.harman.tcusecuritymanager' , 'com.android.inputmethod.latin' , 'com.harman.softwareUpdate' , 'com.harman.diagservice' , 'com.harman.uniformsplash' , 'com.harman.vpa' , 'com.harman.clusterpersonalization' , 'com.harman.server.wifi' , 'com.android.wallpaperbackup' , 'com.harman.what3words.application' , 'com.harman.videoplayer' , 'com.harman.connectivity.carplay.app' , 'com.harman.phone' , 'com.harman.engineeringmenu' , 'com.harman.e12.app' , 'com.android.server.telecom' , 'tun.proxy' , 'com.harman.doodle.service' , 'com.harman.usb.handler' , 'com.harman.e12.service' , 'com.harman.rcahmiservice' , 'com.harman.thememanager' , 'com.harman.drivenext.service' , 'com.harman.connectnext' , 'com.android.car' , 'com.harman.carsettings' , 'com.harman.vehicleconfigmanager' , 'com.harman.server.tcutelephony' , 'com.harman.mediacoreservice' , 'com.harman.vehicledmclient' , 'com.harman.hardkeyservice' , 'com.harman.warningmonitor.service' , 'com.harman.what3words.service' , 'com.android.harman.devicemanagement' , 'com.harman.profiles' , 'com.harman.connectedcarcall' , 'com.harman.videodemo' , 'com.android.car.developeroptions' , 'com.harman.mediamodeservice' , 'android' , 'com.harman.logdumpapp' , 'com.harman.apprepetition' , 'com.harman.devicemanager' , 'com.harman.globalsearch' , 'com.android.harman.hucertificatenkeys' , 'com.android.keychain' , 'com.harman.vehicleinfoservice' , 'com.harman.connectivity.androidauto' , 'com.harman.DCSM' , 'com.harman.discretedatamanager' , 'com.harman.connectedcarservice.service' , 'com.harman.imageviewer' , 'com.harman.telephony.adapter' , 'com.harman.hvac.service' , 'com.harman.displaystateservice' , 'com.harman.adas.app' , 'com.harman.alexadmclient' , 'com.harman.radioservice' , 'com.harman.ecucommanager' , 'com.harman.audioworx.application' , 'com.harman.what3words.w3wclientservice' , 'com.harman.popupmanager' , 'com.android.location.fused' , 'com.harman.vehiclealertservice' , 'com.harman.huvehicledmclient' , 'com.harman.hvac.application' , 'com.harman.audioworx.service' , 'com.harman.factoryreset' , 'com.android.dynsystem' , 'com.harman.drivenext.drivenextclientservice' , 'com.harman.SecureKeyManager' , 'com.harman.sharemylocation.application' , 'com.harman.doodle.application' , 'com.harman.smartmaintenance' , 'com.android.inputdevices' ))) AND (is_trashed=0) AND (volume_name IN ( 'internal' ))) AND (_data like '/system/product/media/Demo%' and  _id > 0) ORDER BY name ASC LIMIT 200
07-12 13:53:47.990  3485  8966 E DatabaseUtils: 	at android.database.sqlite.SQLiteConnection.nativePrepareStatement(Native Method)
07-12 13:53:47.990  3485  8966 E DatabaseUtils: 	at android.database.sqlite.SQLiteConnection.acquirePreparedStatement(SQLiteConnection.java:1045)
07-12 13:53:47.990  3485  8966 E DatabaseUtils: 	at android.database.sqlite.SQLiteConnection.prepare(SQLiteConnection.java:652)
07-12 13:53:47.990  3485  8966 E DatabaseUtils: 	at android.database.sqlite.SQLiteSession.prepare(SQLiteSession.java:590)
07-12 13:53:47.990  3485  8966 E DatabaseUtils: 	at android.database.sqlite.SQLiteDatabase.validateSql(SQLiteDatabase.java:1944)
07-12 13:53:47.990  3485  8966 E DatabaseUtils: 	at com.android.providers.media.util.SQLiteQueryBuilder.query(SQLiteQueryBuilder.java:533)
07-12 13:53:47.990  3485  8966 E DatabaseUtils: 	at com.android.providers.media.util.SQLiteQueryBuilder.lambda$query$0(SQLiteQueryBuilder.java:461)
07-12 13:53:47.990  3485  8966 E DatabaseUtils: 	at com.android.providers.media.util.SQLiteQueryBuilder.lambda$query$0$SQLiteQueryBuilder(Unknown Source:0)
07-12 13:53:47.990  3485  8966 E DatabaseUtils: 	at com.android.providers.media.util.-$$Lambda$SQLiteQueryBuilder$DnpaEqEZAnzgRrePY7MIAaGu0sI.apply(Unknown Source:21)
07-12 13:53:47.990  3485  8966 E DatabaseUtils: 	at com.android.providers.media.DatabaseHelper.runWithoutTransaction(DatabaseHelper.java:585)
07-12 13:53:47.990  3485  8966 E DatabaseUtils: 	at com.android.providers.media.util.SQLiteQueryBuilder.query(SQLiteQueryBuilder.java:460)
07-12 13:53:47.990  3485  8966 E DatabaseUtils: 	at com.android.providers.media.util.SQLiteQueryBuilder.query(SQLiteQueryBuilder.java:453)
07-12 13:53:47.990  3485  8966 E DatabaseUtils: 	at com.android.providers.media.MediaProvider.queryInternal(MediaProvider.java:2314)
07-12 13:53:47.990  3485  8966 E DatabaseUtils: 	at com.android.providers.media.MediaProvider.query(MediaProvider.java:2204)
07-12 13:53:47.990  3485  8966 E DatabaseUtils: 	at android.content.ContentProvider$Transport.query(ContentProvider.java:278)
07-12 13:53:47.990  3485  8966 E DatabaseUtils: 	at android.content.ContentProviderNative.onTransact(ContentProviderNative.java:106)
07-12 13:53:47.990  3485  8966 E DatabaseUtils: 	at android.os.Binder.execTransactInternal(Binder.java:1159)
07-12 13:53:47.990  3485  8966 E DatabaseUtils: 	at android.os.Binder.execTransact(Binder.java:1123)
07-12 13:53:47.991  4133  4277 D MediaCoreService: UsbMediaDataCache__getPlaylistList: query data failed for the reason that no such table: audio_playlists (code 1 SQLITE_ERROR): , while compiling: SELECT name, _id, _data FROM audio_playlists WHERE ((is_pending=0 OR (is_pending=1 AND lower(_data) NOT REGEXP '.*/\.pending-(\d+)-([^/]+)$' AND owner_package_name IN ( 'com.harman.connectivity.iap2service' , 'com.harman.CertManagerService' , 'com.android.providers.settings' , 'com.harman.display' , 'com.harman.securetime' , 'com.harman.home' , 'com.harman.home.service' , 'com.harman.tcusecuritymanager' , 'com.android.inputmethod.latin' , 'com.harman.softwareUpdate' , 'com.harman.diagservice' , 'com.harman.uniformsplash' , 'com.harman.vpa' , 'com.harman.clusterpersonalization' , 'com.harman.server.wifi' , 'com.android.wallpaperbackup' , 'com.harman.what3words.application' , 'com.harman.videoplayer' , 'com.harman.connectivity.carplay.app' , 'com.harman.phone' , 'com.harman.engineeringmenu' , 'com.harman.e12.app' , 'com.android.server.telecom' , 'tun.proxy' , 'com.harman.doodle.service' , 'com.harman.usb.handler' , 'com.harman.e12.service' , 'com.harman.rcahmiservice' , 'com.harman.thememanager' , 'com.harman.drivenext.service' , 'com.harman.connectnext' , 'com.android.car' , 'com.harman.carsettings' , 'com.harman.vehicleconfigmanager' , 'com.harman.server.tcutelephony' , 'com.harman.mediacoreservice' , 'com.harman.vehicledmclient' , 'com.harman.hardkeyservice' , 'com.harman.warningmonitor.service' , 'com.harman.what3words.service' , 'com.android.harman.devicemanagement' , 'com.harman.profiles' , 'com.harman.connectedcarcall' , 'com.harman.videodemo' , 'com.android.car.developeroptions' , 'com.harman.mediamodeservice' , 'android' , 'com.harman.logdumpapp' , 'com.harman.apprepetition' , 'com.harman.devicemanager' , 'com.harman.globalsearch' , 'com.android.harman.hucertificatenkeys' , 'com.android.keychain' , 'com.harman.vehicleinfoservice' , 'com.harman.connectivity.androidauto' , 'com.harman.DCSM' , 'com.harman.discretedatamanager' , 'com.harman.connectedcarservice.service' , 'com.harman.imageviewer' , 'com.harman.telephony.adapter' , 'com.harman.hvac.service' , 'com.harman.displaystateservice' , 'com.harman.adas.app' , 'com.harman.alexadmclient' , 'com.harman.radioservice' , 'com.harman.ecucommanager' , 'com.harman.audioworx.application' , 'com.harman.what3words.w3wclientservice' , 'com.harman.popupmanager' , 'com.android.location.fused' , 'com.harman.vehiclealertservice' , 'com.harman.huvehicledmclient' , 'com.harman.hvac.application' , 'com.harman.audioworx.service' , 'com.harman.factoryreset' , 'com.android.dynsystem' , 'com.harman.drivenext.drivenextclientservice' , 'com.harman.SecureKeyManager' , 'com.harman.sharemylocation.application' , 'com.harman.doodle.application' , 'com.harman.smartmaintenance' , 'com.android.inputdevices' ))) AND (is_trashed=0) AND (volume_name IN ( 'internal' ))) AND (_data like '/system/product/media/Demo%' and  _id > 0) ORDER BY name ASC LIMIT 200
07-12 13:53:47.991  4133  4277 D MediaCoreService: ConfigParser__supportRMP : value = true
07-12 13:53:48.009  4133  4277 D MediaCoreService: UsbMediaDataProvider__updateCacheStatus : mediaType = 131072, code = -1
07-12 13:53:48.009  4133  4277 I MediaCoreService: MediaDataCache__sortCache start
07-12 13:53:48.014   597   597 I evs_hal_client: ais_initialize:1282 HIGH AIS CLIENT START 407
07-12 13:53:48.014   597   597 I evs_hal_client: ais_conn_open_hv:83 HIGH E 0x7fc4f70520 0 1
07-12 13:53:48.014   597   597 I evs_hal_client: ais_conn_open_hv:102 HIGH X 0x7fc4f70520 0 1 0
07-12 13:53:48.014   597   597 I uhab    : habmm_socket_open: opened fd 12, refcnt 1, return 0, vcid c900001
07-12 13:53:48.015   597   597 I evs_hal_client: ais_conn_close_hv:116 HIGH E 0x7fc4f70520
07-12 13:53:48.016   597   597 I uhab    : habmm_socket_close: close fd 12, refcnt 0, vcid C900001
07-12 13:53:48.016   597   597 I evs_hal_client: ais_conn_close_hv:154 HIGH X 0x7fc4f70520 0
07-12 13:53:48.016   597   597 I evs_hal_client: ais_conn_open_hv:83 HIGH E 0x7b998d8950 4 1
07-12 13:53:48.016   597   597 I evs_hal_client: ais_conn_open_hv:102 HIGH X 0x7b998d8950 4 1 0
07-12 13:53:48.016   597   597 I uhab    : habmm_socket_open: opened fd 12, refcnt 1, return 0, vcid c900001
07-12 13:53:48.016   597   597 I evs_hal_client: ais_conn_open_hv:83 HIGH E 0x7b998d8ec0 3 1
07-12 13:53:48.016   597   597 I evs_hal_client: ais_conn_open_hv:102 HIGH X 0x7b998d8ec0 3 1 0
07-12 13:53:48.017   597   597 I uhab    : habmm_socket_open: opened fd 12, refcnt 2, return 0, vcid c900002
07-12 13:53:48.018   597   597 E MM_OSAL : MM_Thread_CreateEx::thread 0x519813463232 created with stack 1015808 bytes
07-12 13:53:48.018   597   597 E MM_OSAL : MM_Thread_CreateEx::thread 0x519812422848 created with stack 1015808 bytes
07-12 13:53:48.018   597   597 E MM_OSAL : MM_Thread_CreateEx::thread 0x519811382464 created with stack 1015808 bytes
07-12 13:53:48.020  4133  4277 I MediaCoreService: UsbMediaDataProvider__readCache end
07-12 13:53:48.023  4133  4277 I MediaCoreService: UsbMediaDataProvider__USBDataCacheUpdateTask : end, trigger = 1
07-12 13:53:48.024   597   597 E EvsHal  : Failed qcarcam_query_inputs number of inputs=0 ret=0
07-12 13:53:48.024   597   597 E EvsHal  : Found 0 qualified video capture devices found
07-12 13:53:48.025   597   597 I evs_hal_client: ais_client_destroy:999 HIGH E 0
07-12 13:53:48.025   597   597 I evs_hal_client: ais_conn_close_hv:116 HIGH E 0x7b998d8ec0
07-12 13:53:48.026   597 18127 I uhab    : habmm_socket_recv: fd 12, return -19, received bytes 0, vcid C900002
07-12 13:53:48.026   597 18127 E evs_hal_client: ais_conn_recv_hv:416 ERR 0x7b998d8ec0 -19 19 1
07-12 13:53:48.026   597 18127 E evs_hal_client: ais_conn_recv_hv:431 ERR X 0x7b998d8ec0 0x79074bfb00 0x79074bfafc | 264 250 -4
07-12 13:53:48.026   597 18127 E evs_hal_client: ais_client_event_recv_thread:467 ERR aborting event thread due to error -4
07-12 13:53:48.026   597   597 I uhab    : habmm_socket_close: skip close fd 12, refcnt 1, vcid C900002
07-12 13:53:48.026   597   597 I evs_hal_client: ais_conn_close_hv:154 HIGH X 0x7b998d8ec0 0
07-12 13:53:48.027   597   597 I evs_hal_client: ais_conn_close_hv:116 HIGH E 0x7b998d8be0
07-12 13:53:48.028   597   597 I evs_hal_client: ais_conn_close_hv:154 HIGH X 0x7b998d8be0 0
07-12 13:53:48.028   597   597 I evs_hal_client: ais_conn_close_hv:116 HIGH E 0x7b998d8950
07-12 13:53:48.028   597   597 I uhab    : habmm_socket_close: close fd 12, refcnt 0, vcid C900001
07-12 13:53:48.028   597   597 I evs_hal_client: ais_conn_close_hv:154 HIGH X 0x7b998d8950 0
07-12 13:53:48.029   598   932 E evsSVLiteApp_harman: Error: only 0 of 4 cameras found!
07-12 13:53:48.029  1529 15374 E AapManager: AapManager_RfCommConnectionBluetoothConnection startReadingMessages: 8
07-12 13:53:48.029  1529 15330 D AapManager: AapManager_RfCommConnection Stopping WiFi Ping request timer
07-12 13:53:48.029  1529 15330 D AapManager: AapManager_RfCommConnection Wifi Ping Request Timer started.
07-12 13:53:48.030  1529 15374 D AapManager: AapManager_RfCommConnectiontimeStamp : 1689246995079
